Component: ARM Compiler 5.06 update 6 (build 750) Tool: armlink [4d35ed]

==============================================================================

Section Cross References

    system_py32f0xx.o(i.$Sub$$main) refers to main.o(i.main) for $Super$$main
    system_py32f0xx.o(i.$Sub$$main) refers to system_py32f0xx.o(.ARM.__at_0x20000000) for VECT_SRAM_TAB
    system_py32f0xx.o(i.SystemCoreClockUpdate) refers to uidiv.o(.text) for __aeabi_uidivmod
    system_py32f0xx.o(i.SystemCoreClockUpdate) refers to system_py32f0xx.o(.data) for SystemCoreClock
    system_py32f0xx.o(i.SystemCoreClockUpdate) refers to system_py32f0xx.o(.constdata) for HSIFreqTable
    startup_py32f030xx.o(RESET) refers to startup_py32f030xx.o(STACK) for __initial_sp
    startup_py32f030xx.o(RESET) refers to startup_py32f030xx.o(.text) for Reset_Handler
    startup_py32f030xx.o(RESET) refers to py32f0xx_it.o(i.NMI_Handler) for NMI_Handler
    startup_py32f030xx.o(RESET) refers to py32f0xx_it.o(i.HardFault_Handler) for HardFault_Handler
    startup_py32f030xx.o(RESET) refers to py32f0xx_it.o(i.SVC_Handler) for SVC_Handler
    startup_py32f030xx.o(RESET) refers to py32f0xx_it.o(i.PendSV_Handler) for PendSV_Handler
    startup_py32f030xx.o(RESET) refers to py32f0xx_it.o(i.SysTick_Handler) for SysTick_Handler
    startup_py32f030xx.o(RESET) refers to gpio_init.o(i.EXTI0_1_IRQHandler) for EXTI0_1_IRQHandler
    startup_py32f030xx.o(RESET) refers to gpio_init.o(i.EXTI2_3_IRQHandler) for EXTI2_3_IRQHandler
    startup_py32f030xx.o(RESET) refers to gpio_init.o(i.EXTI4_15_IRQHandler) for EXTI4_15_IRQHandler
    startup_py32f030xx.o(RESET) refers to spi_init.o(i.DMA1_Channel1_IRQHandler) for DMA1_Channel1_IRQHandler
    startup_py32f030xx.o(RESET) refers to spi_init.o(i.DMA1_Channel2_3_IRQHandler) for DMA1_Channel2_3_IRQHandler
    startup_py32f030xx.o(RESET) refers to tim_init.o(i.TIM1_BRK_UP_TRG_COM_IRQHandler) for TIM1_BRK_UP_TRG_COM_IRQHandler
    startup_py32f030xx.o(RESET) refers to tim_init.o(i.TIM3_IRQHandler) for TIM3_IRQHandler
    startup_py32f030xx.o(RESET) refers to tim_init.o(i.TIM14_IRQHandler) for TIM14_IRQHandler
    startup_py32f030xx.o(RESET) refers to tim_init.o(i.TIM16_IRQHandler) for TIM16_IRQHandler
    startup_py32f030xx.o(RESET) refers to tim_init.o(i.TIM17_IRQHandler) for TIM17_IRQHandler
    startup_py32f030xx.o(RESET) refers to usart_init.o(i.USART1_IRQHandler) for USART1_IRQHandler
    startup_py32f030xx.o(RESET) refers to usart_init.o(i.USART2_IRQHandler) for USART2_IRQHandler
    startup_py32f030xx.o(.text) refers to system_py32f0xx.o(i.SystemInit) for SystemInit
    startup_py32f030xx.o(.text) refers to entry.o(.ARM.Collect$$$$00000000) for __main
    main.o(i.main) refers to system_init.o(i.APP_SystemClockConfig) for APP_SystemClockConfig
    main.o(i.main) refers to py32f0xx_ll_utils.o(i.LL_mDelay) for LL_mDelay
    main.o(i.main) refers to app_main.o(i.app_main_init) for app_main_init
    main.o(i.main) refers to app_main.o(i.app_main) for app_main
    py32f030xx_ll_start_kit.o(i.BSP_LED_DeInit) refers to py32f030xx_ll_start_kit.o(i.LL_GPIO_ResetOutputPin) for LL_GPIO_ResetOutputPin
    py32f030xx_ll_start_kit.o(i.BSP_LED_DeInit) refers to py32f030xx_ll_start_kit.o(i.LL_GPIO_SetPinMode) for LL_GPIO_SetPinMode
    py32f030xx_ll_start_kit.o(i.BSP_LED_DeInit) refers to py32f030xx_ll_start_kit.o(.constdata) for LED_PIN
    py32f030xx_ll_start_kit.o(i.BSP_LED_DeInit) refers to py32f030xx_ll_start_kit.o(.data) for LED_PORT
    py32f030xx_ll_start_kit.o(i.BSP_LED_Init) refers to py32f030xx_ll_start_kit.o(i.LL_IOP_GRP1_EnableClock) for LL_IOP_GRP1_EnableClock
    py32f030xx_ll_start_kit.o(i.BSP_LED_Init) refers to py32f030xx_ll_start_kit.o(i.LL_GPIO_SetPinMode) for LL_GPIO_SetPinMode
    py32f030xx_ll_start_kit.o(i.BSP_LED_Init) refers to py32f030xx_ll_start_kit.o(i.LL_GPIO_SetOutputPin) for LL_GPIO_SetOutputPin
    py32f030xx_ll_start_kit.o(i.BSP_LED_Init) refers to py32f030xx_ll_start_kit.o(.constdata) for LED_PIN
    py32f030xx_ll_start_kit.o(i.BSP_LED_Init) refers to py32f030xx_ll_start_kit.o(.data) for LED_PORT
    py32f030xx_ll_start_kit.o(i.BSP_LED_Off) refers to py32f030xx_ll_start_kit.o(i.LL_GPIO_SetOutputPin) for LL_GPIO_SetOutputPin
    py32f030xx_ll_start_kit.o(i.BSP_LED_Off) refers to py32f030xx_ll_start_kit.o(.constdata) for LED_PIN
    py32f030xx_ll_start_kit.o(i.BSP_LED_Off) refers to py32f030xx_ll_start_kit.o(.data) for LED_PORT
    py32f030xx_ll_start_kit.o(i.BSP_LED_On) refers to py32f030xx_ll_start_kit.o(i.LL_GPIO_ResetOutputPin) for LL_GPIO_ResetOutputPin
    py32f030xx_ll_start_kit.o(i.BSP_LED_On) refers to py32f030xx_ll_start_kit.o(.constdata) for LED_PIN
    py32f030xx_ll_start_kit.o(i.BSP_LED_On) refers to py32f030xx_ll_start_kit.o(.data) for LED_PORT
    py32f030xx_ll_start_kit.o(i.BSP_LED_Toggle) refers to py32f030xx_ll_start_kit.o(.data) for LED_PORT
    py32f030xx_ll_start_kit.o(i.BSP_LED_Toggle) refers to py32f030xx_ll_start_kit.o(.constdata) for LED_PIN
[...]
    Removing lowpower.o(i.LL_APB1_GRP1_IsEnabledClock), (24 bytes).
    Removing lowpower.o(i.LL_APB1_GRP2_DisableClock), (16 bytes).
    Removing lowpower.o(i.LL_APB1_GRP2_EnableClock), (28 bytes).
    Removing lowpower.o(i.LL_APB1_GRP2_IsEnabledClock), (24 bytes).
    Removing lowpower.o(i.LL_DMA_IsEnabledChannel), (28 bytes).
    Removing lowpower.o(i.LL_PWR_SetRegulVoltageScaling), (24 bytes).
    Removing lowpower.o(i.LL_TIM_DisableCounter), (10 bytes).
    Removing lowpower.o(i.LL_USART_Disable), (12 bytes).
    Removing lowpower.o(i.LL_USART_IsActiveFlag_FE), (12 bytes).
    Removing lowpower.o(i.LL_USART_IsActiveFlag_NE), (12 bytes).
    Removing lowpower.o(i.LL_USART_IsActiveFlag_ORE), (12 bytes).
    Removing lowpower.o(i.LL_USART_IsActiveFlag_RXNE), (12 bytes).
    Removing lowpower.o(i.LL_USART_IsActiveFlag_TC), (12 bytes).
    Removing lowpower.o(i.LL_USART_IsEnabled), (14 bytes).
    Removing lowpower.o(i.NVIC_ClearPendingIRQ), (20 bytes).
    Removing lowpower.o(i.lowpower_configure_stop_mode), (36 bytes).
    Removing lowpower.o(i.lowpower_irq_is_enabled), (32 bytes).
    Removing lowpower.o(i.lowpower_peripheral_is_busy), (480 bytes).
    Removing lowpower.o(i.lowpower_prepare_adc), (104 bytes).
    Removing lowpower.o(i.lowpower_restore_adc), (112 bytes).
    Removing lowpower.o(i.lowpower_resume_irq), (44 bytes).
    Removing lowpower.o(i.lowpower_resume_peripherals), (296 bytes).
    Removing lowpower.o(i.lowpower_resume_timer), (92 bytes).
    Removing lowpower.o(i.lowpower_resume_timers), (140 bytes).
    Removing lowpower.o(i.lowpower_suspend_irq), (44 bytes).
    Removing lowpower.o(i.lowpower_suspend_peripherals), (568 bytes).
    Removing lowpower.o(i.lowpower_suspend_timer), (124 bytes).
    Removing lowpower.o(i.lowpower_suspend_timers), (160 bytes).
    Removing lowpower.o(i.lowpower_timer_clock_disable), (26 bytes).
    Removing lowpower.o(i.lowpower_timer_clock_enable), (26 bytes).
    Removing lowpower.o(i.lowpower_timer_clock_is_enabled), (26 bytes).
    Removing lowpower.o(.bss), (296 bytes).
    Removing lowpower.o(.constdata), (38 bytes).
    Removing log.o(.rev16_text), (4 bytes).
    Removing log.o(.revsh_text), (4 bytes).
    Removing log.o(.constdata), (38 bytes).
    Removing key_fsm.o(.rev16_text), (4 bytes).
    Removing key_fsm.o(.revsh_text), (4 bytes).
    Removing json_parse.o(i.SERVER_JSON_ParseObject), (874 bytes).
    Removing json_parse.o(i.SERVER_JSON_SplitByDelimiter), (168 bytes).
    Removing queue.o(.rev16_text), (4 bytes).
    Removing queue.o(.revsh_text), (4 bytes).
    Removing queue.o(i.Queue_Init), (14 bytes).
    Removing queue.o(i.Queue_Pop), (46 bytes).
    Removing queue.o(i.Queue_Push), (44 bytes).
    Removing queue.o(.constdata), (38 bytes).
    Removing rtos.o(.rev16_text), (4 bytes).
    Removing rtos.o(.revsh_text), (4 bytes).
    Removing rtos.o(i.RTOS_init), (52 bytes).
    Removing rtos.o(i.task_0), (80 bytes).
    Removing rtos.o(i.task_1), (40 bytes).
    Removing rtos.o(.bss), (640 bytes).
    Removing rtos.o(.constdata), (38 bytes).
    Removing rtos.o(.data), (16 bytes).
    Removing switch.o(CODE_SEG), (24 bytes).
    Removing mag_task.o(.rev16_text), (4 bytes).
    Removing mag_task.o(.revsh_text), (4 bytes).
    Removing mag_task.o(i.mag_task), (192 bytes).
    Removing mag_task.o(i.mag_task_init), (180 bytes).
    Removing mag_task.o(i.task_100ms), (2 bytes).
    Removing mag_task.o(i.task_1ms), (2 bytes).
    Removing mag_task.o(i.task_1s), (2 bytes).
    Removing mag_task.o(i.task_500ms), (2 bytes).
    Removing mag_task.o(i.task_50ms), (2 bytes).
    Removing mag_task.o(.constdata), (38 bytes).
    Removing mag_task.o(.data), (16 bytes).
    Removing mag_tick.o(.rev16_text), (4 bytes).
    Removing mag_tick.o(.revsh_text), (4 bytes).
    Removing mag_tick.o(.constdata), (38 bytes).
    Removing mag_scheduler.o(.rev16_text), (4 bytes).
    Removing mag_scheduler.o(.revsh_text), (4 bytes).
    Removing mag_scheduler.o(.constdata), (38 bytes).
    Removing app_main.o(.rev16_text), (4 bytes).
    Removing app_main.o(.revsh_text), (4 bytes).
    Removing app_input.o(.rev16_text), (4 bytes).
    Removing app_input.o(.revsh_text), (4 bytes).
    Removing app_input.o(.constdata), (38 bytes).
    Removing app_output.o(.rev16_text), (4 bytes).
    Removing app_output.o(.revsh_text), (4 bytes).
    Removing app_output.o(.constdata), (38 bytes).
    Removing app_comm.o(.rev16_text), (4 bytes).
    Removing app_comm.o(.revsh_text), (4 bytes).
    Removing app_comm.o(.constdata), (38 bytes).
    Removing dadd.o(.text), (356 bytes).
    Removing dmul.o(.text), (208 bytes).
    Removing ddiv.o(.text), (240 bytes).
    Removing dfixul.o(.text), (64 bytes).
    Removing cdrcmple.o(.text), (40 bytes).
    Removing depilogue.o(.text), (190 bytes).
    Removing py32f0xx_ll_rcc.o(i.__ARM_common_switch8), (28 bytes).
    Removing depilogue.o(i.__ARM_clz), (46 bytes).

377 unused section(s) (total 24257 bytes) removed from the image.

==============================================================================

Image Symbol Table

    Local Symbols

    Symbol Name                              Value     Ov Type        Size  Object(Section)

    ../clib/microlib/division.c              0x00000000   Number         0  uidiv.o ABSOLUTE
    ../clib/microlib/division.c              0x00000000   Number         0  uldiv.o ABSOLUTE
    ../clib/microlib/init/entry.s            0x00000000   Number         0  entry10b.o ABSOLUTE
    ../clib/microlib/init/entry.s            0x00000000   Number         0  entry2.o ABSOLUTE
    ../clib/microlib/init/entry.s            0x00000000   Number         0  entry8a.o ABSOLUTE
    ../clib/microlib/init/entry.s            0x00000000   Number         0  entry11b.o ABSOLUTE
    ../clib/microlib/init/entry.s            0x00000000   Number         0  entry8b.o ABSOLUTE
    ../clib/microlib/init/entry.s            0x00000000   Number         0  entry.o ABSOLUTE
    ../clib/microlib/init/entry.s            0x00000000   Number         0  entry5.o ABSOLUTE
    ../clib/microlib/init/entry.s            0x00000000   Number         0  entry11a.o ABSOLUTE
    ../clib/microlib/init/entry.s            0x00000000   Number         0  entry7b.o ABSOLUTE
    ../clib/microlib/init/entry.s            0x00000000   Number         0  entry7a.o ABSOLUTE
    ../clib/microlib/init/entry.s            0x00000000   Number         0  entry10a.o ABSOLUTE
    ../clib/microlib/init/entry.s            0x00000000   Number         0  entry9b.o ABSOLUTE
    ../clib/microlib/init/entry.s            0x00000000   Number         0  entry9a.o ABSOLUTE
    ../clib/microlib/longlong.c              0x00000000   Number         0  llushr.o ABSOLUTE
    ../clib/microlib/longlong.c              0x00000000   Number         0  llshl.o ABSOLUTE
    ../clib/microlib/longlong.c              0x00000000   Number         0  llsshr.o ABSOLUTE
    ../clib/microlib/printf/printf.c         0x00000000   Number         0  printf7.o ABSOLUTE
    ../clib/microlib/printf/printf.c         0x00000000   Number         0  printf2.o ABSOLUTE
    ../clib/microlib/printf/printf.c         0x00000000   Number         0  printf4.o ABSOLUTE
    ../clib/microlib/printf/printf.c         0x00000000   Number         0  printf6.o ABSOLUTE
    ../clib/microlib/printf/printf.c         0x00000000   Number         0  printf1.o ABSOLUTE
    ../clib/microlib/printf/printf.c         0x00000000   Number         0  printf3.o ABSOLUTE
    ../clib/microlib/printf/printf.c         0x00000000   Number         0  printfb.o ABSOLUTE
    ../clib/microlib/printf/printf.c         0x00000000   Number         0  printf0.o ABSOLUTE
    ../clib/microlib/printf/printf.c         0x00000000   Number         0  printf8.o ABSOLUTE
    ../clib/microlib/printf/printf.c         0x00000000   Number         0  printf5.o ABSOLUTE
    ../clib/microlib/printf/printf.c         0x00000000   Number         0  printfa.o ABSOLUTE
    ../clib/microlib/printf/stubs.s          0x00000000   Number         0  stubs.o ABSOLUTE
    ../clib/microlib/stdio/streams.c         0x00000000   Number         0  stdout.o ABSOLUTE
    ../clib/microlib/string/memset.c         0x00000000   Number         0  memseta.o ABSOLUTE
    ../clib/microlib/stubs.s                 0x00000000   Number         0  iusefp.o ABSOLUTE
    ../fplib/microlib/fpadd.c                0x00000000   Number         0  dadd.o ABSOLUTE
    ../fplib/microlib/fpdiv.c                0x00000000   Number         0  ddiv.o ABSOLUTE
    ../fplib/microlib/fpepilogue.c           0x00000000   Number         0  depilogue.o ABSOLUTE
    ../fplib/microlib/fpfix.c                0x00000000   Number         0  dfixul.o ABSOLUTE
    ../fplib/microlib/fpmul.c                0x00000000   Number         0  dmul.o ABSOLUTE
    ..\Drivers\BSP\PY32F030xx_Start_Kit\py32f030xx_ll_Start_Kit.c 0x00000000   Number         0  py32f030xx_ll_start_kit.o ABSOLUTE
    ..\Drivers\PY32F0xx_HAL_Driver\Src\py32f0xx_ll_adc.c 0x00000000   Number         0  py32f0xx_ll_adc.o ABSOLUTE
    ..\Drivers\PY32F0xx_HAL_Driver\Src\py32f0xx_ll_comp.c 0x00000000   Number         0  py32f0xx_ll_comp.o ABSOLUTE
    ..\Drivers\PY32F0xx_HAL_Driver\Src\py32f0xx_ll_crc.c 0x00000000   Number         0  py32f0xx_ll_crc.o ABSOLUTE
    ..\Drivers\PY32F0xx_HAL_Driver\Src\py32f0xx_ll_dma.c 0x00000000   Number         0  py32f0xx_ll_dma.o ABSOLUTE
    ..\Drivers\PY32F0xx_HAL_Driver\Src\py32f0xx_ll_exti.c 0x00000000   Number         0  py32f0xx_ll_exti.o ABSOLUTE
    ..\Drivers\PY32F0xx_HAL_Driver\Src\py32f0xx_ll_gpio.c 0x00000000   Number         0  py32f0xx_ll_gpio.o ABSOLUTE
    ..\Drivers\PY32F0xx_HAL_Driver\Src\py32f0xx_ll_i2c.c 0x00000000   Number         0  py32f0xx_ll_i2c.o ABSOLUTE
    ..\Drivers\PY32F0xx_HAL_Driver\Src\py32f0xx_ll_led.c 0x00000000   Number         0  py32f0xx_ll_led.o ABSOLUTE
    ..\Drivers\PY32F0xx_HAL_Driver\Src\py32f0xx_ll_lptim.c 0x00000000   Number         0  py32f0xx_ll_lptim.o ABSOLUTE
    ..\Drivers\PY32F0xx_HAL_Driver\Src\py32f0xx_ll_pwr.c 0x00000000   Number         0  py32f0xx_ll_pwr.o ABSOLUTE
    ..\Drivers\PY32F0xx_HAL_Driver\Src\py32f0xx_ll_rcc.c 0x00000000   Number         0  py32f0xx_ll_rcc.o ABSOLUTE
    ..\Drivers\PY32F0xx_HAL_Driver\Src\py32f0xx_ll_rtc.c 0x00000000   Number         0  py32f0xx_ll_rtc.o ABSOLUTE
    ..\Drivers\PY32F0xx_HAL_Driver\Src\py32f0xx_ll_spi.c 0x00000000   Number         0  py32f0xx_ll_spi.o ABSOLUTE
    ..\Drivers\PY32F0xx_HAL_Driver\Src\py32f0xx_ll_tim.c 0x00000000   Number         0  py32f0xx_ll_tim.o ABSOLUTE
    ..\Drivers\PY32F0xx_HAL_Driver\Src\py32f0xx_ll_usart.c 0x00000000   Number         0  py32f0xx_ll_usart.o ABSOLUTE
    ..\Drivers\PY32F0xx_HAL_Driver\Src\py32f0xx_ll_utils.c 0x00000000   Number         0  py32f0xx_ll_utils.o ABSOLUTE
    ..\EXTERN\APP\APP_COMM\APP_comm.c        0x00000000   Number         0  app_comm.o ABSOLUTE
    ..\EXTERN\APP\APP_INPUT\APP_input.c      0x00000000   Number         0  app_input.o ABSOLUTE
    ..\EXTERN\APP\APP_OUTPUT\APP_output.c    0x00000000   Number         0  app_output.o ABSOLUTE
    ..\EXTERN\APP\app_main.c                 0x00000000   Number         0  app_main.o ABSOLUTE
    ..\EXTERN\HW_INIT\ADC\ADC_init.c         0x00000000   Number         0  adc_init.o ABSOLUTE
    ..\EXTERN\HW_INIT\GPIO\GPIO_init.c       0x00000000   Number         0  gpio_init.o ABSOLUTE
    ..\EXTERN\HW_INIT\I2C\I2C_init.c         0x00000000   Number         0  i2c_init.o ABSOLUTE
    ..\EXTERN\HW_INIT\IWDG\IWDG_init.c       0x00000000   Number         0  iwdg_init.o ABSOLUTE
    ..\EXTERN\HW_INIT\LOWPOWER\LowPower.c    0x00000000   Number         0  lowpower.o ABSOLUTE
    ..\EXTERN\HW_INIT\SPI\SPI_init.c         0x00000000   Number         0  spi_init.o ABSOLUTE
    ..\EXTERN\HW_INIT\TIM\TIM_init.c         0x00000000   Number         0  tim_init.o ABSOLUTE
    ..\EXTERN\HW_INIT\USART\USART_init.c     0x00000000   Number         0  usart_init.o ABSOLUTE
    ..\EXTERN\MAG\mag_scheduler.c            0x00000000   Number         0  mag_scheduler.o ABSOLUTE
    ..\EXTERN\MAG\mag_task.c                 0x00000000   Number         0  mag_task.o ABSOLUTE
    ..\EXTERN\MAG\mag_tick.c                 0x00000000   Number         0  mag_tick.o ABSOLUTE
    ..\EXTERN\RTOS\RTOS.c                    0x00000000   Number         0  rtos.o ABSOLUTE
    ..\EXTERN\RTOS\switch.s                  0x00000000   Number         0  switch.o ABSOLUTE
    ..\EXTERN\SERVER\JSON\JSON_Parse.c       0x00000000   Number         0  json_parse.o ABSOLUTE
    ..\EXTERN\SERVER\KEY\KEY_FSM.c           0x00000000   Number         0  key_fsm.o ABSOLUTE
    ..\EXTERN\SERVER\LOG\LOG.c               0x00000000   Number         0  log.o ABSOLUTE
    ..\EXTERN\SERVER\QUEUE\Queue.c           0x00000000   Number         0  queue.o ABSOLUTE
    ..\EXTERN\SYS\system_init.c              0x00000000   Number         0  system_init.o ABSOLUTE
    ..\Src\main.c                            0x00000000   Number         0  main.o ABSOLUTE
    ..\Src\py32f0xx_it.c                     0x00000000   Number         0  py32f0xx_it.o ABSOLUTE
    ..\Src\system_py32f0xx.c                 0x00000000   Number         0  system_py32f0xx.o ABSOLUTE
    ..\\Drivers\\BSP\\PY32F030xx_Start_Kit\\py32f030xx_ll_Start_Kit.c 0x00000000   Number         0  py32f030xx_ll_start_kit.o ABSOLUTE
    ..\\Drivers\\PY32F0xx_HAL_Driver\\Src\\py32f0xx_ll_adc.c 0x00000000   Number         0  py32f0xx_ll_adc.o ABSOLUTE
    ..\\Drivers\\PY32F0xx_HAL_Driver\\Src\\py32f0xx_ll_comp.c 0x00000000   Number         0  py32f0xx_ll_comp.o ABSOLUTE
    ..\\Drivers\\PY32F0xx_HAL_Driver\\Src\\py32f0xx_ll_crc.c 0x00000000   Number         0  py32f0xx_ll_crc.o ABSOLUTE
    ..\\Drivers\\PY32F0xx_HAL_Driver\\Src\\py32f0xx_ll_dma.c 0x00000000   Number         0  py32f0xx_ll_dma.o ABSOLUTE
    ..\\Drivers\\PY32F0xx_HAL_Driver\\Src\\py32f0xx_ll_exti.c 0x00000000   Number         0  py32f0xx_ll_exti.o ABSOLUTE
    ..\\Drivers\\PY32F0xx_HAL_Driver\\Src\\py32f0xx_ll_gpio.c 0x00000000   Number         0  py32f0xx_ll_gpio.o ABSOLUTE
    ..\\Drivers\\PY32F0xx_HAL_Driver\\Src\\py32f0xx_ll_i2c.c 0x00000000   Number         0  py32f0xx_ll_i2c.o ABSOLUTE
    ..\\Drivers\\PY32F0xx_HAL_Driver\\Src\\py32f0xx_ll_led.c 0x00000000   Number         0  py32f0xx_ll_led.o ABSOLUTE
    ..\\Drivers\\PY32F0xx_HAL_Driver\\Src\\py32f0xx_ll_lptim.c 0x00000000   Number         0  py32f0xx_ll_lptim.o ABSOLUTE
    ..\\Drivers\\PY32F0xx_HAL_Driver\\Src\\py32f0xx_ll_pwr.c 0x00000000   Number         0  py32f0xx_ll_pwr.o ABSOLUTE
    ..\\Drivers\\PY32F0xx_HAL_Driver\\Src\\py32f0xx_ll_rcc.c 0x00000000   Number         0  py32f0xx_ll_rcc.o ABSOLUTE
    ..\\Drivers\\PY32F0xx_HAL_Driver\\Src\\py32f0xx_ll_rtc.c 0x00000000   Number         0  py32f0xx_ll_rtc.o ABSOLUTE
    ..\\Drivers\\PY32F0xx_HAL_Driver\\Src\\py32f0xx_ll_spi.c 0x00000000   Number         0  py32f0xx_ll_spi.o ABSOLUTE
    ..\\Drivers\\PY32F0xx_HAL_Driver\\Src\\py32f0xx_ll_tim.c 0x00000000   Number         0  py32f0xx_ll_tim.o ABSOLUTE
    ..\\Drivers\\PY32F0xx_HAL_Driver\\Src\\py32f0xx_ll_usart.c 0x00000000   Number         0  py32f0xx_ll_usart.o ABSOLUTE
    ..\\Drivers\\PY32F0xx_HAL_Driver\\Src\\py32f0xx_ll_utils.c 0x00000000   Number         0  py32f0xx_ll_utils.o ABSOLUTE
    ..\\EXTERN\\APP\\APP_COMM\\APP_comm.c    0x00000000   Number         0  app_comm.o ABSOLUTE
    ..\\EXTERN\\APP\\APP_INPUT\\APP_input.c  0x00000000   Number         0  app_input.o ABSOLUTE
    ..\\EXTERN\\APP\\APP_OUTPUT\\APP_output.c 0x00000000   Number         0  app_output.o ABSOLUTE
    ..\\EXTERN\\APP\\app_main.c              0x00000000   Number         0  app_main.o ABSOLUTE
    ..\\EXTERN\\HW_INIT\\ADC\\ADC_init.c     0x00000000   Number         0  adc_init.o ABSOLUTE
    ..\\EXTERN\\HW_INIT\\GPIO\\GPIO_init.c   0x00000000   Number         0  gpio_init.o ABSOLUTE
    ..\\EXTERN\\HW_INIT\\I2C\\I2C_init.c     0x00000000   Number         0  i2c_init.o ABSOLUTE
    ..\\EXTERN\\HW_INIT\\IWDG\\IWDG_init.c   0x00000000   Number         0  iwdg_init.o ABSOLUTE
    ..\\EXTERN\\HW_INIT\\LOWPOWER\\LowPower.c 0x00000000   Number         0  lowpower.o ABSOLUTE
    ..\\EXTERN\\HW_INIT\\SPI\\SPI_init.c     0x00000000   Number         0  spi_init.o ABSOLUTE
    ..\\EXTERN\\HW_INIT\\TIM\\TIM_init.c     0x00000000   Number         0  tim_init.o ABSOLUTE
    ..\\EXTERN\\HW_INIT\\USART\\USART_init.c 0x00000000   Number         0  usart_init.o ABSOLUTE
    ..\\EXTERN\\MAG\\mag_scheduler.c         0x00000000   Number         0  mag_scheduler.o ABSOLUTE
    ..\\EXTERN\\MAG\\mag_task.c              0x00000000   Number         0  mag_task.o ABSOLUTE
    ..\\EXTERN\\MAG\\mag_tick.c              0x00000000   Number         0  mag_tick.o ABSOLUTE
    ..\\EXTERN\\RTOS\\RTOS.c                 0x00000000   Number         0  rtos.o ABSOLUTE
    ..\\EXTERN\\SERVER\\KEY\\KEY_FSM.c       0x00000000   Number         0  key_fsm.o ABSOLUTE
    ..\\EXTERN\\SERVER\\LOG\\LOG.c           0x00000000   Number         0  log.o ABSOLUTE
    ..\\EXTERN\\SERVER\\QUEUE\\Queue.c       0x00000000   Number         0  queue.o ABSOLUTE
    ..\\EXTERN\\SYS\\system_init.c           0x00000000   Number         0  system_init.o ABSOLUTE
    ..\\Src\\main.c                          0x00000000   Number         0  main.o ABSOLUTE
    ..\\Src\\py32f0xx_it.c                   0x00000000   Number         0  py32f0xx_it.o ABSOLUTE
    ..\\Src\\system_py32f0xx.c               0x00000000   Number         0  system_py32f0xx.o ABSOLUTE
    cdrcmple.s                               0x00000000   Number         0  cdrcmple.o ABSOLUTE
    dc.s                                     0x00000000   Number         0  dc.o ABSOLUTE
    handlers.s                               0x00000000   Number         0  handlers.o ABSOLUTE
    init.s                                   0x00000000   Number         0  init.o ABSOLUTE
    startup_py32f030xx.s                     0x00000000   Number         0  startup_py32f030xx.o ABSOLUTE
    RESET                                    0x08000000   Section      192  startup_py32f030xx.o(RESET)
    .ARM.Collect$$$$00000000                 0x080000c0   Section        0  entry.o(.ARM.Collect$$$$00000000)
    .ARM.Collect$$$$00000001                 0x080000c0   Section        4  entry2.o(.ARM.Collect$$$$00000001)
    .ARM.Collect$$$$00000004                 0x080000c4   Section        4  entry5.o(.ARM.Collect$$$$00000004)
    .ARM.Collect$$$$00000008                 0x080000c8   Section        0  entry7b.o(.ARM.Collect$$$$00000008)
    .ARM.Collect$$$$0000000A                 0x080000c8   Section        0  entry8b.o(.ARM.Collect$$$$0000000A)
    .ARM.Collect$$$$0000000B                 0x080000c8   Section        8  entry9a.o(.ARM.Collect$$$$0000000B)
    .ARM.Collect$$$$0000000D                 0x080000d0   Section        0  entry10a.o(.ARM.Collect$$$$0000000D)
    .ARM.Collect$$$$0000000F                 0x080000d0   Section        0  entry11a.o(.ARM.Collect$$$$0000000F)
    .ARM.Collect$$$$00002712                 0x080000d0   Section        4  entry2.o(.ARM.Collect$$$$00002712)
    __lit__00000000                          0x080000d0   Data           4  entry2.o(.ARM.Collect$$$$00002712)
    .text                                    0x080000d4   Section       28  startup_py32f030xx.o(.text)
    .text                                    0x080000f0   Section        0  uidiv.o(.text)
    .text                                    0x0800011c   Section        0  uldiv.o(.text)
    .text                                    0x0800017c   Section        0  memseta.o(.text)
    .text                                    0x080001a0   Section        0  llshl.o(.text)
    .text                                    0x080001c0   Section        0  llushr.o(.text)
    .text                                    0x080001e4   Section       36  init.o(.text)
    i.$Sub$$main                             0x08000208   Section        0  system_py32f0xx.o(i.$Sub$$main)
    i.APP_Comm_init                          0x0800023c   Section        0  app_comm.o(i.APP_Comm_init)
    i.APP_INPUT_KEY1                         0x08000240   Section        0  app_input.o(i.APP_INPUT_KEY1)
    i.APP_Input_init                         0x08000284   Section        0  app_input.o(i.APP_Input_init)
    i.APP_Output_LED1                        0x0800029c   Section        0  app_output.o(i.APP_Output_LED1)
    i.APP_Output_LED2                        0x080002c6   Section        0  app_output.o(i.APP_Output_LED2)
    i.APP_Output_init                        0x080002f0   Section        0  app_output.o(i.APP_Output_init)
    i.APP_SystemClockConfig                  0x08000314   Section        0  system_init.o(i.APP_SystemClockConfig)
    i.DMA1_Channel1_IRQHandler               0x080004b0   Section        0  spi_init.o(i.DMA1_Channel1_IRQHandler)
    i.DMA1_Channel2_3_IRQHandler             0x08000544   Section        0  spi_init.o(i.DMA1_Channel2_3_IRQHandler)
    i.EXTI0_1_IRQHandler                     0x0800054c   Section        0  gpio_init.o(i.EXTI0_1_IRQHandler)
    i.EXTI2_3_IRQHandler                     0x08000558   Section        0  gpio_init.o(i.EXTI2_3_IRQHandler)
    i.EXTI4_15_IRQHandler                    0x08000564   Section        0  gpio_init.o(i.EXTI4_15_IRQHandler)
    i.HW_GPIO_ConfigEXTITrigger              0x08000570   Section        0  gpio_init.o(i.HW_GPIO_ConfigEXTITrigger)
    HW_GPIO_ConfigEXTITrigger                0x08000571   Thumb Code    86  gpio_init.o(i.HW_GPIO_ConfigEXTITrigger)
    i.HW_GPIO_EXTI_IRQHandler                0x080005cc   Section        0  gpio_init.o(i.HW_GPIO_EXTI_IRQHandler)
    HW_GPIO_EXTI_IRQHandler                  0x080005cd   Thumb Code    64  gpio_init.o(i.HW_GPIO_EXTI_IRQHandler)
    i.HW_GPIO_EnableClock                    0x08000614   Section        0  gpio_init.o(i.HW_GPIO_EnableClock)
    HW_GPIO_EnableClock                      0x08000615   Thumb Code    66  gpio_init.o(i.HW_GPIO_EnableClock)
    i.HW_GPIO_FindEXTIMap                    0x08000660   Section        0  gpio_init.o(i.HW_GPIO_FindEXTIMap)
    HW_GPIO_FindEXTIMap                      0x08000661   Thumb Code    36  gpio_init.o(i.HW_GPIO_FindEXTIMap)
    i.HW_GPIO_Get_SingleKey                  0x08000688   Section        0  gpio_init.o(i.HW_GPIO_Get_SingleKey)
    i.HW_GPIO_INPUT_IT_Callback              0x080006d4   Section        0  app_input.o(i.HW_GPIO_INPUT_IT_Callback)
    i.HW_GPIO_INPUT_IT_init                  0x080006e8   Section        0  gpio_init.o(i.HW_GPIO_INPUT_IT_init)
    i.HW_GPIO_INPUT_init                     0x08000840   Section        0  gpio_init.o(i.HW_GPIO_INPUT_init)
    i.HW_GPIO_OUT_init                       0x080008b8   Section        0  gpio_init.o(i.HW_GPIO_OUT_init)
    i.HW_GPIO_SET_Pin                        0x08000978   Section        0  gpio_init.o(i.HW_GPIO_SET_Pin)
    i.HW_SPI_FinishTransfer                  0x080009d4   Section        0  spi_init.o(i.HW_SPI_FinishTransfer)
    HW_SPI_FinishTransfer                    0x080009d5   Thumb Code    68  spi_init.o(i.HW_SPI_FinishTransfer)
    i.HW_TIM_COUNT_IT_init                   0x08000a34   Section        0  tim_init.o(i.HW_TIM_COUNT_IT_init)
    i.HW_TIM_CalculatePeriod                 0x08000b10   Section        0  tim_init.o(i.HW_TIM_CalculatePeriod)
    HW_TIM_CalculatePeriod                   0x08000b11   Thumb Code   218  tim_init.o(i.HW_TIM_CalculatePeriod)
    i.HW_TIM_EnableClockAndGetIRQ            0x08000bf0   Section        0  tim_init.o(i.HW_TIM_EnableClockAndGetIRQ)
    HW_TIM_EnableClockAndGetIRQ              0x08000bf1   Thumb Code   160  tim_init.o(i.HW_TIM_EnableClockAndGetIRQ)
    i.HW_UART_EnableClock                    0x08000ca8   Section        0  usart_init.o(i.HW_UART_EnableClock)
    HW_UART_EnableClock                      0x08000ca9   Thumb Code    84  usart_init.o(i.HW_UART_EnableClock)
    i.HW_UART_EnableGPIOClock                0x08000d08   Section        0  usart_init.o(i.HW_UART_EnableGPIOClock)
    HW_UART_EnableGPIOClock                  0x08000d09   Thumb Code    66  usart_init.o(i.HW_UART_EnableGPIOClock)
    i.HW_UART_EnableReceiveIT                0x08000d54   Section        0  usart_init.o(i.HW_UART_EnableReceiveIT)
    HW_UART_EnableReceiveIT                  0x08000d55   Thumb Code   102  usart_init.o(i.HW_UART_EnableReceiveIT)
    i.HW_UART_FindPinConfigs                 0x08000dc4   Section        0  usart_init.o(i.HW_UART_FindPinConfigs)
    HW_UART_FindPinConfigs                   0x08000dc5   Thumb Code   194  usart_init.o(i.HW_UART_FindPinConfigs)
    i.HW_UART_InitGPIOAlternate              0x08000e8c   Section        0  usart_init.o(i.HW_UART_InitGPIOAlternate)
    HW_UART_InitGPIOAlternate                0x08000e8d   Thumb Code    82  usart_init.o(i.HW_UART_InitGPIOAlternate)
    i.HW_UART_PushRxByte                     0x08000ee0   Section        0  usart_init.o(i.HW_UART_PushRxByte)
    HW_UART_PushRxByte                       0x08000ee1   Thumb Code    62  usart_init.o(i.HW_UART_PushRxByte)
    i.HW_UART_PushRxOnceByte                 0x08000f24   Section        0  usart_init.o(i.HW_UART_PushRxOnceByte)
    HW_UART_PushRxOnceByte                   0x08000f25   Thumb Code    62  usart_init.o(i.HW_UART_PushRxOnceByte)
    i.HW_UART_RX_IT_Callback                 0x08000f68   Section        0  usart_init.o(i.HW_UART_RX_IT_Callback)
    i.HW_UART_ReceiveIRQHandler              0x08000f6c   Section        0  usart_init.o(i.HW_UART_ReceiveIRQHandler)
    HW_UART_ReceiveIRQHandler                0x08000f6d   Thumb Code   214  usart_init.o(i.HW_UART_ReceiveIRQHandler)
    i.HW_UART_ResetRxBuffer                  0x08001050   Section        0  usart_init.o(i.HW_UART_ResetRxBuffer)
    HW_UART_ResetRxBuffer                    0x08001051   Thumb Code    36  usart_init.o(i.HW_UART_ResetRxBuffer)
    i.HW_UART_ResetRxOnce                    0x08001078   Section        0  usart_init.o(i.HW_UART_ResetRxOnce)
    HW_UART_ResetRxOnce                      0x08001079   Thumb Code    26  usart_init.o(i.HW_UART_ResetRxOnce)
    i.HW_UART_Send                           0x08001098   Section        0  usart_init.o(i.HW_UART_Send)
    i.HW_UART_WaitFlag                       0x080010f8   Section        0  usart_init.o(i.HW_UART_WaitFlag)
    HW_UART_WaitFlag                         0x080010f9   Thumb Code    72  usart_init.o(i.HW_UART_WaitFlag)
    i.HW_UART_init                           0x08001144   Section        0  usart_init.o(i.HW_UART_init)
    i.HardFault_Handler                      0x0800125c   Section        0  py32f0xx_it.o(i.HardFault_Handler)
    i.LL_APB1_GRP2_EnableClock               0x08001260   Section        0  tim_init.o(i.LL_APB1_GRP2_EnableClock)
    LL_APB1_GRP2_EnableClock                 0x08001261   Thumb Code    24  tim_init.o(i.LL_APB1_GRP2_EnableClock)
    i.LL_DMA_DisableChannel                  0x0800127c   Section        0  spi_init.o(i.LL_DMA_DisableChannel)
    LL_DMA_DisableChannel                    0x0800127d   Thumb Code    24  spi_init.o(i.LL_DMA_DisableChannel)
    i.LL_DMA_DisableIT_TC                    0x08001298   Section        0  spi_init.o(i.LL_DMA_DisableIT_TC)
    LL_DMA_DisableIT_TC                      0x08001299   Thumb Code    24  spi_init.o(i.LL_DMA_DisableIT_TC)
    i.LL_DMA_DisableIT_TE                    0x080012b4   Section        0  spi_init.o(i.LL_DMA_DisableIT_TE)
    LL_DMA_DisableIT_TE                      0x080012b5   Thumb Code    24  spi_init.o(i.LL_DMA_DisableIT_TE)
    i.LL_DMA_IsEnabledIT_TC                  0x080012d0   Section        0  spi_init.o(i.LL_DMA_IsEnabledIT_TC)
    LL_DMA_IsEnabledIT_TC                    0x080012d1   Thumb Code    18  spi_init.o(i.LL_DMA_IsEnabledIT_TC)
    i.LL_DMA_IsEnabledIT_TE                  0x080012e8   Section        0  spi_init.o(i.LL_DMA_IsEnabledIT_TE)
    LL_DMA_IsEnabledIT_TE                    0x080012e9   Thumb Code    18  spi_init.o(i.LL_DMA_IsEnabledIT_TE)
    i.LL_EXTI_ClearFlag                      0x08001300   Section        0  gpio_init.o(i.LL_EXTI_ClearFlag)
    LL_EXTI_ClearFlag                        0x08001301   Thumb Code     6  gpio_init.o(i.LL_EXTI_ClearFlag)
    i.LL_EXTI_EnableFallingTrig              0x0800130c   Section        0  gpio_init.o(i.LL_EXTI_EnableFallingTrig)
    LL_EXTI_EnableFallingTrig                0x0800130d   Thumb Code    12  gpio_init.o(i.LL_EXTI_EnableFallingTrig)
    i.LL_EXTI_EnableRisingTrig               0x0800131c   Section        0  gpio_init.o(i.LL_EXTI_EnableRisingTrig)
    LL_EXTI_EnableRisingTrig                 0x0800131d   Thumb Code    12  gpio_init.o(i.LL_EXTI_EnableRisingTrig)
    i.LL_GPIO_Init                           0x0800132c   Section        0  py32f0xx_ll_gpio.o(i.LL_GPIO_Init)
    i.LL_IOP_GRP1_EnableClock                0x08001428   Section        0  gpio_init.o(i.LL_IOP_GRP1_EnableClock)
    LL_IOP_GRP1_EnableClock                  0x08001429   Thumb Code    24  gpio_init.o(i.LL_IOP_GRP1_EnableClock)
    i.LL_IOP_GRP1_EnableClock                0x08001444   Section        0  usart_init.o(i.LL_IOP_GRP1_EnableClock)
    LL_IOP_GRP1_EnableClock                  0x08001445   Thumb Code    24  usart_init.o(i.LL_IOP_GRP1_EnableClock)
    i.LL_Init1msTick                         0x08001460   Section        0  py32f0xx_ll_utils.o(i.LL_Init1msTick)
    i.LL_RCC_GetSysClkSource                 0x08001488   Section        0  py32f0xx_ll_rcc.o(i.LL_RCC_GetSysClkSource)
    LL_RCC_GetSysClkSource                   0x08001489   Thumb Code    10  py32f0xx_ll_rcc.o(i.LL_RCC_GetSysClkSource)
    i.LL_RCC_GetSysClkSource                 0x08001498   Section        0  system_init.o(i.LL_RCC_GetSysClkSource)
    LL_RCC_GetSysClkSource                   0x08001499   Thumb Code    10  system_init.o(i.LL_RCC_GetSysClkSource)
    i.LL_RCC_GetSystemClocksFreq             0x080014a8   Section        0  py32f0xx_ll_rcc.o(i.LL_RCC_GetSystemClocksFreq)
    i.LL_RCC_HSI_GetFreq                     0x080014c4   Section        0  py32f0xx_ll_rcc.o(i.LL_RCC_HSI_GetFreq)
    LL_RCC_HSI_GetFreq                       0x080014c5   Thumb Code    20  py32f0xx_ll_rcc.o(i.LL_RCC_HSI_GetFreq)
    i.LL_RCC_HSI_SetCalibFreq                0x080014e0   Section        0  system_init.o(i.LL_RCC_HSI_SetCalibFreq)
    LL_RCC_HSI_SetCalibFreq                  0x080014e1   Thumb Code    16  system_init.o(i.LL_RCC_HSI_SetCalibFreq)
    i.LL_RCC_SetSysClkSource                 0x080014f4   Section        0  system_init.o(i.LL_RCC_SetSysClkSource)
    LL_RCC_SetSysClkSource                   0x080014f5   Thumb Code    16  system_init.o(i.LL_RCC_SetSysClkSource)
    i.LL_SPI_DisableDMAReq_RX                0x08001508   Section        0  spi_init.o(i.LL_SPI_DisableDMAReq_RX)
    LL_SPI_DisableDMAReq_RX                  0x08001509   Thumb Code    10  spi_init.o(i.LL_SPI_DisableDMAReq_RX)
    i.LL_SetSystemCoreClock                  0x08001514   Section        0  py32f0xx_ll_utils.o(i.LL_SetSystemCoreClock)
    i.LL_TIM_ClearFlag_UPDATE                0x08001520   Section        0  tim_init.o(i.LL_TIM_ClearFlag_UPDATE)
    LL_TIM_ClearFlag_UPDATE                  0x08001521   Thumb Code     8  tim_init.o(i.LL_TIM_ClearFlag_UPDATE)
    i.LL_TIM_DisableCounter                  0x08001528   Section        0  tim_init.o(i.LL_TIM_DisableCounter)
    LL_TIM_DisableCounter                    0x08001529   Thumb Code    10  tim_init.o(i.LL_TIM_DisableCounter)
    i.LL_TIM_EnableCounter                   0x08001532   Section        0  tim_init.o(i.LL_TIM_EnableCounter)
    LL_TIM_EnableCounter                     0x08001533   Thumb Code    10  tim_init.o(i.LL_TIM_EnableCounter)
    i.LL_TIM_GenerateEvent_UPDATE            0x0800153c   Section        0  tim_init.o(i.LL_TIM_GenerateEvent_UPDATE)
    LL_TIM_GenerateEvent_UPDATE              0x0800153d   Thumb Code    10  tim_init.o(i.LL_TIM_GenerateEvent_UPDATE)
    i.LL_TIM_Init                            0x08001548   Section        0  py32f0xx_ll_tim.o(i.LL_TIM_Init)
    i.LL_TIM_IsActiveFlag_UPDATE             0x080015e0   Section        0  tim_init.o(i.LL_TIM_IsActiveFlag_UPDATE)
    LL_TIM_IsActiveFlag_UPDATE               0x080015e1   Thumb Code    16  tim_init.o(i.LL_TIM_IsActiveFlag_UPDATE)
    i.LL_TIM_IsEnabledIT_UPDATE              0x080015f0   Section        0  tim_init.o(i.LL_TIM_IsEnabledIT_UPDATE)
    LL_TIM_IsEnabledIT_UPDATE                0x080015f1   Thumb Code    16  tim_init.o(i.LL_TIM_IsEnabledIT_UPDATE)
    i.LL_USART_EnableIT_ERROR                0x08001600   Section        0  usart_init.o(i.LL_USART_EnableIT_ERROR)
    LL_USART_EnableIT_ERROR                  0x08001601   Thumb Code    10  usart_init.o(i.LL_USART_EnableIT_ERROR)
    i.LL_USART_EnableIT_RXNE                 0x0800160a   Section        0  usart_init.o(i.LL_USART_EnableIT_RXNE)
    LL_USART_EnableIT_RXNE                   0x0800160b   Thumb Code    10  usart_init.o(i.LL_USART_EnableIT_RXNE)
    i.LL_USART_Init                          0x08001614   Section        0  py32f0xx_ll_usart.o(i.LL_USART_Init)
    i.LL_USART_IsActiveFlag_FE               0x08001690   Section        0  usart_init.o(i.LL_USART_IsActiveFlag_FE)
    LL_USART_IsActiveFlag_FE                 0x08001691   Thumb Code    12  usart_init.o(i.LL_USART_IsActiveFlag_FE)
    i.LL_USART_IsActiveFlag_NE               0x0800169c   Section        0  usart_init.o(i.LL_USART_IsActiveFlag_NE)
    LL_USART_IsActiveFlag_NE                 0x0800169d   Thumb Code    12  usart_init.o(i.LL_USART_IsActiveFlag_NE)
    i.LL_USART_IsActiveFlag_ORE              0x080016a8   Section        0  usart_init.o(i.LL_USART_IsActiveFlag_ORE)
    LL_USART_IsActiveFlag_ORE                0x080016a9   Thumb Code    12  usart_init.o(i.LL_USART_IsActiveFlag_ORE)
    i.LL_USART_IsActiveFlag_RXNE             0x080016b4   Section        0  usart_init.o(i.LL_USART_IsActiveFlag_RXNE)
    LL_USART_IsActiveFlag_RXNE               0x080016b5   Thumb Code    12  usart_init.o(i.LL_USART_IsActiveFlag_RXNE)
    i.LL_USART_IsEnabled                     0x080016c0   Section        0  py32f0xx_ll_usart.o(i.LL_USART_IsEnabled)
    LL_USART_IsEnabled                       0x080016c1   Thumb Code    14  py32f0xx_ll_usart.o(i.LL_USART_IsEnabled)
    i.LL_USART_SetBaudRate                   0x080016ce   Section        0  py32f0xx_ll_usart.o(i.LL_USART_SetBaudRate)
    LL_USART_SetBaudRate                     0x080016cf   Thumb Code   306  py32f0xx_ll_usart.o(i.LL_USART_SetBaudRate)
    i.LL_mDelay                              0x08001800   Section        0  py32f0xx_ll_utils.o(i.LL_mDelay)
    i.Log_init                               0x08001834   Section        0  log.o(i.Log_init)
    i.MAG_SchedulerCancel                    0x08001894   Section        0  mag_scheduler.o(i.MAG_SchedulerCancel)
    i.MAG_SchedulerInit                      0x080018f8   Section        0  mag_scheduler.o(i.MAG_SchedulerInit)
    i.MAG_SchedulerProcess                   0x08001984   Section        0  mag_scheduler.o(i.MAG_SchedulerProcess)
    i.MAG_SchedulerRegister                  0x08001a6c   Section        0  mag_scheduler.o(i.MAG_SchedulerRegister)
    i.MAG_SchedulerRegisterTable             0x08001afc   Section        0  mag_scheduler.o(i.MAG_SchedulerRegisterTable)
    i.NMI_Handler                            0x08001bb4   Section        0  py32f0xx_it.o(i.NMI_Handler)
    i.NVIC_ClearPendingIRQ                   0x08001bb8   Section        0  usart_init.o(i.NVIC_ClearPendingIRQ)
    NVIC_ClearPendingIRQ                     0x08001bb9   Thumb Code    14  usart_init.o(i.NVIC_ClearPendingIRQ)
    i.NVIC_EnableIRQ                         0x08001bcc   Section        0  usart_init.o(i.NVIC_EnableIRQ)
    NVIC_EnableIRQ                           0x08001bcd   Thumb Code    14  usart_init.o(i.NVIC_EnableIRQ)
    i.NVIC_SetPriority                       0x08001be0   Section        0  gpio_init.o(i.NVIC_SetPriority)
    NVIC_SetPriority                         0x08001be1   Thumb Code   110  gpio_init.o(i.NVIC_SetPriority)
    i.NVIC_SetPriority                       0x08001c58   Section        0  tim_init.o(i.NVIC_SetPriority)
    NVIC_SetPriority                         0x08001c59   Thumb Code   110  tim_init.o(i.NVIC_SetPriority)
    i.NVIC_SetPriority                       0x08001cd0   Section        0  usart_init.o(i.NVIC_SetPriority)
    NVIC_SetPriority                         0x08001cd1   Thumb Code   110  usart_init.o(i.NVIC_SetPriority)
    i.PendSV_Handler                         0x08001d48   Section        0  py32f0xx_it.o(i.PendSV_Handler)
    i.RCC_GetHCLKClockFreq                   0x08001d4c   Section        0  py32f0xx_ll_rcc.o(i.RCC_GetHCLKClockFreq)
    i.RCC_GetPCLK1ClockFreq                  0x08001d78   Section        0  py32f0xx_ll_rcc.o(i.RCC_GetPCLK1ClockFreq)
    i.RCC_GetSystemClockFreq                 0x08001da0   Section        0  py32f0xx_ll_rcc.o(i.RCC_GetSystemClockFreq)
    i.RCC_PLL_GetFreqDomain_SYS              0x08001e1c   Section        0  py32f0xx_ll_rcc.o(i.RCC_PLL_GetFreqDomain_SYS)
    i.SERVER_KEY_FSM_ALL_STATE               0x08001e50   Section        0  key_fsm.o(i.SERVER_KEY_FSM_ALL_STATE)
    i.SERVER_KEY_FSM_Get_Default_State       0x08001f5c   Section        0  key_fsm.o(i.SERVER_KEY_FSM_Get_Default_State)
    i.SERVER_KEY_FSM_init                    0x08001f88   Section        0  key_fsm.o(i.SERVER_KEY_FSM_init)
    i.SPI_DmaSpiRxIRQCallback                0x08001fa0   Section        0  spi_init.o(i.SPI_DmaSpiRxIRQCallback)
    i.SPI_DmaTxIRQCallback                   0x08002024   Section        0  spi_init.o(i.SPI_DmaTxIRQCallback)
    i.SVC_Handler                            0x08002026   Section        0  py32f0xx_it.o(i.SVC_Handler)
    i.SysTick_Handler                        0x08002028   Section        0  py32f0xx_it.o(i.SysTick_Handler)
    i.SystemInit                             0x0800202c   Section        0  system_py32f0xx.o(i.SystemInit)
    i.TIM14_IRQHandler                       0x08002058   Section        0  tim_init.o(i.TIM14_IRQHandler)
    i.TIM14_UpdateCallback                   0x08002080   Section        0  tim_init.o(i.TIM14_UpdateCallback)
    i.TIM16_IRQHandler                       0x08002084   Section        0  tim_init.o(i.TIM16_IRQHandler)
    i.TIM16_UpdateCallback                   0x080020ac   Section        0  tim_init.o(i.TIM16_UpdateCallback)
    i.TIM17_IRQHandler                       0x080020b0   Section        0  tim_init.o(i.TIM17_IRQHandler)
    i.TIM17_UpdateCallback                   0x080020d8   Section        0  tim_init.o(i.TIM17_UpdateCallback)
    i.TIM1_BRK_UP_TRG_COM_IRQHandler         0x080020dc   Section        0  tim_init.o(i.TIM1_BRK_UP_TRG_COM_IRQHandler)
    i.TIM1_UpdateCallback                    0x08002104   Section        0  mag_tick.o(i.TIM1_UpdateCallback)
    i.TIM3_IRQHandler                        0x08002114   Section        0  tim_init.o(i.TIM3_IRQHandler)
    i.TIM3_UpdateCallback                    0x0800213c   Section        0  tim_init.o(i.TIM3_UpdateCallback)
    i.USART1_IRQHandler                      0x08002140   Section        0  usart_init.o(i.USART1_IRQHandler)
    i.USART2_IRQHandler                      0x08002150   Section        0  usart_init.o(i.USART2_IRQHandler)
    i.__0snprintf$6                          0x08002160   Section        0  printf6.o(i.__0snprintf$6)
    i.__ARM_common_ll_muluu                  0x08002194   Section        0  tim_init.o(i.__ARM_common_ll_muluu)
    i.__scatterload_copy                     0x080021c4   Section       14  handlers.o(i.__scatterload_copy)
    i.__scatterload_null                     0x080021d2   Section        2  handlers.o(i.__scatterload_null)
    i.__scatterload_zeroinit                 0x080021d4   Section       14  handlers.o(i.__scatterload_zeroinit)
    i._printf_core                           0x080021e4   Section        0  printf6.o(i._printf_core)
    _printf_core                             0x080021e5   Thumb Code   768  printf6.o(i._printf_core)
    i._printf_post_padding                   0x080024e8   Section        0  printf6.o(i._printf_post_padding)
    _printf_post_padding                     0x080024e9   Thumb Code    32  printf6.o(i._printf_post_padding)
    i._printf_pre_padding                    0x08002508   Section        0  printf6.o(i._printf_pre_padding)
    _printf_pre_padding                      0x08002509   Thumb Code    44  printf6.o(i._printf_pre_padding)
    i._snputc                                0x08002534   Section        0  printf6.o(i._snputc)
    _snputc                                  0x08002535   Thumb Code    22  printf6.o(i._snputc)
    i.app_key_fsm_schedule_task              0x0800254c   Section        0  app_main.o(i.app_key_fsm_schedule_task)
    app_key_fsm_schedule_task                0x0800254d   Thumb Code    42  app_main.o(i.app_key_fsm_schedule_task)
    i.app_main                               0x08002580   Section        0  app_main.o(i.app_main)
    i.app_main_init                          0x08002588   Section        0  app_main.o(i.app_main_init)
    i.get_mag_tick                           0x08002678   Section        0  mag_tick.o(i.get_mag_tick)
    i.mag_scheduler_advance_generation       0x08002684   Section        0  mag_scheduler.o(i.mag_scheduler_advance_generation)
    mag_scheduler_advance_generation         0x08002685   Thumb Code    18  mag_scheduler.o(i.mag_scheduler_advance_generation)
    i.mag_scheduler_allocate_node            0x08002698   Section        0  mag_scheduler.o(i.mag_scheduler_allocate_node)
    mag_scheduler_allocate_node              0x08002699   Thumb Code    44  mag_scheduler.o(i.mag_scheduler_allocate_node)
    i.mag_scheduler_cleanup_removed_nodes    0x080026cc   Section        0  mag_scheduler.o(i.mag_scheduler_cleanup_removed_nodes)
    mag_scheduler_cleanup_removed_nodes      0x080026cd   Thumb Code    72  mag_scheduler.o(i.mag_scheduler_cleanup_removed_nodes)
    i.mag_scheduler_commit_pending_nodes     0x0800271c   Section        0  mag_scheduler.o(i.mag_scheduler_commit_pending_nodes)
    mag_scheduler_commit_pending_nodes       0x0800271d   Thumb Code    86  mag_scheduler.o(i.mag_scheduler_commit_pending_nodes)
    i.mag_scheduler_config_is_valid          0x0800277c   Section        0  mag_scheduler.o(i.mag_scheduler_config_is_valid)
    mag_scheduler_config_is_valid            0x0800277d   Thumb Code    58  mag_scheduler.o(i.mag_scheduler_config_is_valid)
    i.mag_scheduler_handle_is_valid          0x080027bc   Section        0  mag_scheduler.o(i.mag_scheduler_handle_is_valid)
    mag_scheduler_handle_is_valid            0x080027bd   Thumb Code    60  mag_scheduler.o(i.mag_scheduler_handle_is_valid)
    i.mag_scheduler_link_active_front        0x080027fc   Section        0  mag_scheduler.o(i.mag_scheduler_link_active_front)
    mag_scheduler_link_active_front          0x080027fd   Thumb Code    20  mag_scheduler.o(i.mag_scheduler_link_active_front)
    i.mag_scheduler_release_node             0x08002818   Section        0  mag_scheduler.o(i.mag_scheduler_release_node)
    mag_scheduler_release_node               0x08002819   Thumb Code    46  mag_scheduler.o(i.mag_scheduler_release_node)
    i.mag_scheduler_time_reached             0x08002850   Section        0  mag_scheduler.o(i.mag_scheduler_time_reached)
    mag_scheduler_time_reached               0x08002851   Thumb Code    10  mag_scheduler.o(i.mag_scheduler_time_reached)
    i.mag_scheduler_unlink_active            0x0800285c   Section        0  mag_scheduler.o(i.mag_scheduler_unlink_active)
    mag_scheduler_unlink_active              0x0800285d   Thumb Code    92  mag_scheduler.o(i.mag_scheduler_unlink_active)
    i.mag_tick_init                          0x080028c0   Section        0  mag_tick.o(i.mag_tick_init)
    i.main                                   0x080028dc   Section        0  main.o(i.main)
    .constdata                               0x080028fc   Section      128  system_py32f0xx.o(.constdata)
    .constdata                               0x0800297c   Section      964  gpio_init.o(.constdata)
    CHANNEL_OFFSET_TAB                       0x0800297c   Data           3  gpio_init.o(.constdata)
    OFFSET_TAB_CCMRx                         0x0800297f   Data           7  gpio_init.o(.constdata)
    SHIFT_TAB_OCxx                           0x08002986   Data           7  gpio_init.o(.constdata)
    SHIFT_TAB_ICxx                           0x0800298d   Data           7  gpio_init.o(.constdata)
    SHIFT_TAB_CCxP                           0x08002994   Data           7  gpio_init.o(.constdata)
    SHIFT_TAB_OISx                           0x0800299b   Data           7  gpio_init.o(.constdata)
    GPIO_EXTI_MAP                            0x08002b24   Data         540  gpio_init.o(.constdata)
    .constdata                               0x08002d40   Section      424  spi_init.o(.constdata)
    CHANNEL_OFFSET_TAB                       0x08002d40   Data           3  spi_init.o(.constdata)
    OFFSET_TAB_CCMRx                         0x08002d43   Data           7  spi_init.o(.constdata)
    SHIFT_TAB_OCxx                           0x08002d4a   Data           7  spi_init.o(.constdata)
    SHIFT_TAB_ICxx                           0x08002d51   Data           7  spi_init.o(.constdata)
    SHIFT_TAB_CCxP                           0x08002d58   Data           7  spi_init.o(.constdata)
    SHIFT_TAB_OISx                           0x08002d5f   Data           7  spi_init.o(.constdata)
    SPI_SCK_MAP_TABLE                        0x08002d68   Data         100  spi_init.o(.constdata)
    SPI_MOSI_MAP_TABLE                       0x08002dcc   Data         140  spi_init.o(.constdata)
    SPI_MISO_MAP_TABLE                       0x08002e58   Data         120  spi_init.o(.constdata)
    s_spi_chip_map                           0x08002ed0   Data          24  spi_init.o(.constdata)
    .constdata                               0x08002ee8   Section      856  usart_init.o(.constdata)
    CHANNEL_OFFSET_TAB                       0x08002ee8   Data           3  usart_init.o(.constdata)
    OFFSET_TAB_CCMRx                         0x08002eeb   Data           7  usart_init.o(.constdata)
    SHIFT_TAB_OCxx                           0x08002ef2   Data           7  usart_init.o(.constdata)
    SHIFT_TAB_ICxx                           0x08002ef9   Data           7  usart_init.o(.constdata)
    SHIFT_TAB_CCxP                           0x08002f00   Data           7  usart_init.o(.constdata)
    SHIFT_TAB_OISx                           0x08002f07   Data           7  usart_init.o(.constdata)
    USART_TX_MAP                             0x08002f10   Data         400  usart_init.o(.constdata)
    USART_RX_MAP                             0x080030a0   Data         400  usart_init.o(.constdata)
    s_uart_chip_map                          0x08003230   Data          16  usart_init.o(.constdata)
    .constdata                               0x08003240   Section       56  app_main.o(.constdata)
    CHANNEL_OFFSET_TAB                       0x08003240   Data           3  app_main.o(.constdata)
    OFFSET_TAB_CCMRx                         0x08003243   Data           7  app_main.o(.constdata)
    SHIFT_TAB_OCxx                           0x0800324a   Data           7  app_main.o(.constdata)
    SHIFT_TAB_ICxx                           0x08003251   Data           7  app_main.o(.constdata)
    SHIFT_TAB_CCxP                           0x08003258   Data           7  app_main.o(.constdata)
    SHIFT_TAB_OISx                           0x0800325f   Data           7  app_main.o(.constdata)
    s_app_tasks                              0x08003268   Data          16  app_main.o(.constdata)
    .ARM.__at_0x20000000                     0x20000000   Section      192  system_py32f0xx.o(.ARM.__at_0x20000000)
    .data                                    0x200000c0   Section        4  system_py32f0xx.o(.data)
    .data                                    0x200000c4   Section       13  spi_init.o(.data)
    s_spi_active_instance                    0x200000c8   Data           4  spi_init.o(.data)
    s_spi_transfer_status                    0x200000cc   Data           1  spi_init.o(.data)
    s_spi_transfer_busy                      0x200000cd   Data           1  spi_init.o(.data)
    s_spi_rx_dma_active                      0x200000ce   Data           1  spi_init.o(.data)
    s_spi_full_duplex_available              0x200000cf   Data           1  spi_init.o(.data)
    s_spi_tx_available                       0x200000d0   Data           1  spi_init.o(.data)
    .data                                    0x200000d4   Section        8  usart_init.o(.data)
    s_uart_active_instance                   0x200000d4   Data           8  usart_init.o(.data)
    .data                                    0x200000dc   Section        1  key_fsm.o(.data)
    Times_Delay                              0x200000dc   Data           1  key_fsm.o(.data)
    .data                                    0x200000e0   Section        4  mag_tick.o(.data)
    s_mag_tick                               0x200000e0   Data           4  mag_tick.o(.data)
    .data                                    0x200000e4   Section        5  mag_scheduler.o(.data)
    s_free_head                              0x200000e4   Data           1  mag_scheduler.o(.data)
    s_active_head                            0x200000e5   Data           1  mag_scheduler.o(.data)
    s_pending_head                           0x200000e6   Data           1  mag_scheduler.o(.data)
    s_is_initialized                         0x200000e7   Data           1  mag_scheduler.o(.data)
    s_is_processing                          0x200000e8   Data           1  mag_scheduler.o(.data)
    .data                                    0x200000ec   Section        8  app_main.o(.data)
    lowpower_key_default_level               0x200000ec   Data           1  app_main.o(.data)
    lowpower_last_activity_tick              0x200000f0   Data           4  app_main.o(.data)
    .bss                                     0x200000f4   Section       36  gpio_init.o(.bss)
    s_gpio_exti_line_map                     0x200000f4   Data          36  gpio_init.o(.bss)
    .bss                                     0x20000118   Section      172  usart_init.o(.bss)
    s_uart_rx_buffer                         0x20000118   Data         140  usart_init.o(.bss)
    s_uart_rx_once                           0x200001a4   Data          32  usart_init.o(.bss)
    .bss                                     0x200001c4   Section      224  mag_scheduler.o(.bss)
    s_task_pool                              0x200001c4   Data         224  mag_scheduler.o(.bss)
    .bss                                     0x200002a4   Section       12  app_input.o(.bss)
    KEY1                                     0x200002a4   Data          12  app_input.o(.bss)
    STACK                                    0x200002b0   Section     1024  startup_py32f030xx.o(STACK)

    Global Symbols

    Symbol Name                              Value     Ov Type        Size  Object(Section)

    BuildAttributes$$THM_ISAv3M$S$PE$A:L22$X:L11$S22$IEEE1$IW$USESV6$~STKCKD$USESV7$~SHL$OSPACE$ROPI$EBA8$MICROLIB$REQ8$EABIv2 0x00000000   Number         0  anon$$obj.o ABSOLUTE
    __ARM_use_no_argv                        0x00000000   Number         0  main.o ABSOLUTE
    _printf_a                                0x00000000   Number         0  stubs.o ABSOLUTE
    _printf_c                                0x00000000   Number         0  stubs.o ABSOLUTE
    _printf_charcount                        0x00000000   Number         0  stubs.o ABSOLUTE
    _printf_d                                0x00000000   Number         0  stubs.o ABSOLUTE
    _printf_e                                0x00000000   Number         0  stubs.o ABSOLUTE
    _printf_f                                0x00000000   Number         0  stubs.o ABSOLUTE
    _printf_flags                            0x00000000   Number         0  stubs.o ABSOLUTE
    _printf_fp_dec                           0x00000000   Number         0  stubs.o ABSOLUTE
    _printf_fp_hex                           0x00000000   Number         0  stubs.o ABSOLUTE
    _printf_g                                0x00000000   Number         0  stubs.o ABSOLUTE
    _printf_i                                0x00000000   Number         0  stubs.o ABSOLUTE
    _printf_int_dec                          0x00000000   Number         0  stubs.o ABSOLUTE
    _printf_l                                0x00000000   Number         0  stubs.o ABSOLUTE
    _printf_lc                               0x00000000   Number         0  stubs.o ABSOLUTE
    _printf_ll                               0x00000000   Number         0  stubs.o ABSOLUTE
    _printf_lld                              0x00000000   Number         0  stubs.o ABSOLUTE
    _printf_lli                              0x00000000   Number         0  stubs.o ABSOLUTE
    _printf_llo                              0x00000000   Number         0  stubs.o ABSOLUTE
    _printf_llu                              0x00000000   Number         0  stubs.o ABSOLUTE
    _printf_llx                              0x00000000   Number         0  stubs.o ABSOLUTE
    _printf_longlong_dec                     0x00000000   Number         0  stubs.o ABSOLUTE
    _printf_longlong_hex                     0x00000000   Number         0  stubs.o ABSOLUTE
    _printf_longlong_oct                     0x00000000   Number         0  stubs.o ABSOLUTE
    _printf_ls                               0x00000000   Number         0  stubs.o ABSOLUTE
    _printf_mbtowc                           0x00000000   Number         0  stubs.o ABSOLUTE
    _printf_n                                0x00000000   Number         0  stubs.o ABSOLUTE
    _printf_o                                0x00000000   Number         0  stubs.o ABSOLUTE
    _printf_p                                0x00000000   Number         0  stubs.o ABSOLUTE
    _printf_percent                          0x00000000   Number         0  stubs.o ABSOLUTE
    _printf_pre_padding                      0x00000000   Number         0  stubs.o ABSOLUTE
    _printf_return_value                     0x00000000   Number         0  stubs.o ABSOLUTE
    _printf_s                                0x00000000   Number         0  stubs.o ABSOLUTE
    _printf_sizespec                         0x00000000   Number         0  stubs.o ABSOLUTE
    _printf_str                              0x00000000   Number         0  stubs.o ABSOLUTE
    _printf_truncate_signed                  0x00000000   Number         0  stubs.o ABSOLUTE
    _printf_truncate_unsigned                0x00000000   Number         0  stubs.o ABSOLUTE
    _printf_u                                0x00000000   Number         0  stubs.o ABSOLUTE
    _printf_wc                               0x00000000   Number         0  stubs.o ABSOLUTE
    _printf_wctomb                           0x00000000   Number         0  stubs.o ABSOLUTE
    _printf_widthprec                        0x00000000   Number         0  stubs.o ABSOLUTE
    _printf_x                                0x00000000   Number         0  stubs.o ABSOLUTE
    __cpp_initialize__aeabi_                  - Undefined Weak Reference
    __cxa_finalize                            - Undefined Weak Reference
    __decompress                              - Undefined Weak Reference
    _clock_init                               - Undefined Weak Reference
    _microlib_exit                            - Undefined Weak Reference
    __Vectors_Size                           0x000000c0   Number         0  startup_py32f030xx.o ABSOLUTE
    __Vectors                                0x08000000   Data           4  startup_py32f030xx.o(RESET)
    __Vectors_End                            0x080000c0   Data           0  startup_py32f030xx.o(RESET)
    __main                                   0x080000c1   Thumb Code     0  entry.o(.ARM.Collect$$$$00000000)
    _main_stk                                0x080000c1   Thumb Code     0  entry2.o(.ARM.Collect$$$$00000001)
    _main_scatterload                        0x080000c5   Thumb Code     0  entry5.o(.ARM.Collect$$$$00000004)
    __main_after_scatterload                 0x080000c9   Thumb Code     0  entry5.o(.ARM.Collect$$$$00000004)
    _main_clock                              0x080000c9   Thumb Code     0  entry7b.o(.ARM.Collect$$$$00000008)
    _main_cpp_init                           0x080000c9   Thumb Code     0  entry8b.o(.ARM.Collect$$$$0000000A)
    _main_init                               0x080000c9   Thumb Code     0  entry9a.o(.ARM.Collect$$$$0000000B)
    __rt_final_cpp                           0x080000d1   Thumb Code     0  entry10a.o(.ARM.Collect$$$$0000000D)
    __rt_final_exit                          0x080000d1   Thumb Code     0  entry11a.o(.ARM.Collect$$$$0000000F)
    Reset_Handler                            0x080000d5   Thumb Code     8  startup_py32f030xx.o(.text)
    ADC_COMP_IRQHandler                      0x080000e7   Thumb Code     0  startup_py32f030xx.o(.text)
    FLASH_IRQHandler                         0x080000e7   Thumb Code     0  startup_py32f030xx.o(.text)
    I2C1_IRQHandler                          0x080000e7   Thumb Code     0  startup_py32f030xx.o(.text)
    LED_IRQHandler                           0x080000e7   Thumb Code     0  startup_py32f030xx.o(.text)
    LPTIM1_IRQHandler                        0x080000e7   Thumb Code     0  startup_py32f030xx.o(.text)
    PVD_IRQHandler                           0x080000e7   Thumb Code     0  startup_py32f030xx.o(.text)
    RCC_IRQHandler                           0x080000e7   Thumb Code     0  startup_py32f030xx.o(.text)
    RTC_IRQHandler                           0x080000e7   Thumb Code     0  startup_py32f030xx.o(.text)
    SPI1_IRQHandler                          0x080000e7   Thumb Code     0  startup_py32f030xx.o(.text)
    SPI2_IRQHandler                          0x080000e7   Thumb Code     0  startup_py32f030xx.o(.text)
    TIM1_CC_IRQHandler                       0x080000e7   Thumb Code     0  startup_py32f030xx.o(.text)
    WWDG_IRQHandler                          0x080000e7   Thumb Code     0  startup_py32f030xx.o(.text)
    __aeabi_uidiv                            0x080000f1   Thumb Code     0  uidiv.o(.text)
    __aeabi_uidivmod                         0x080000f1   Thumb Code    44  uidiv.o(.text)
    __aeabi_uldivmod                         0x0800011d   Thumb Code    96  uldiv.o(.text)
    __aeabi_memset                           0x0800017d   Thumb Code    14  memseta.o(.text)
    __aeabi_memset4                          0x0800017d   Thumb Code     0  memseta.o(.text)
    __aeabi_memset8                          0x0800017d   Thumb Code     0  memseta.o(.text)
    __aeabi_memclr                           0x0800018b   Thumb Code     4  memseta.o(.text)
    __aeabi_memclr4                          0x0800018b   Thumb Code     0  memseta.o(.text)
    __aeabi_memclr8                          0x0800018b   Thumb Code     0  memseta.o(.text)
    _memset$wrapper                          0x0800018f   Thumb Code    18  memseta.o(.text)
    __aeabi_llsl                             0x080001a1   Thumb Code    32  llshl.o(.text)
    _ll_shift_l                              0x080001a1   Thumb Code     0  llshl.o(.text)
    __aeabi_llsr                             0x080001c1   Thumb Code    34  llushr.o(.text)
    _ll_ushift_r                             0x080001c1   Thumb Code     0  llushr.o(.text)
    __scatterload                            0x080001e5   Thumb Code    28  init.o(.text)
    __scatterload_rt2                        0x080001e5   Thumb Code     0  init.o(.text)
    main                                     0x08000209   Thumb Code    44  system_py32f0xx.o(i.$Sub$$main)
    APP_Comm_init                            0x0800023d   Thumb Code     4  app_comm.o(i.APP_Comm_init)
    APP_INPUT_KEY1                           0x08000241   Thumb Code    62  app_input.o(i.APP_INPUT_KEY1)
    APP_Input_init                           0x08000285   Thumb Code    18  app_input.o(i.APP_Input_init)
    APP_Output_LED1                          0x0800029d   Thumb Code    42  app_output.o(i.APP_Output_LED1)
    APP_Output_LED2                          0x080002c7   Thumb Code    42  app_output.o(i.APP_Output_LED2)
    APP_Output_init                          0x080002f1   Thumb Code    34  app_output.o(i.APP_Output_init)
    APP_SystemClockConfig                    0x08000315   Thumb Code   396  system_init.o(i.APP_SystemClockConfig)
    DMA1_Channel1_IRQHandler                 0x080004b1   Thumb Code   138  spi_init.o(i.DMA1_Channel1_IRQHandler)
    DMA1_Channel2_3_IRQHandler               0x08000545   Thumb Code     8  spi_init.o(i.DMA1_Channel2_3_IRQHandler)
    EXTI0_1_IRQHandler                       0x0800054d   Thumb Code    12  gpio_init.o(i.EXTI0_1_IRQHandler)
    EXTI2_3_IRQHandler                       0x08000559   Thumb Code    12  gpio_init.o(i.EXTI2_3_IRQHandler)
    EXTI4_15_IRQHandler                      0x08000565   Thumb Code    12  gpio_init.o(i.EXTI4_15_IRQHandler)
    HW_GPIO_Get_SingleKey                    0x08000689   Thumb Code    72  gpio_init.o(i.HW_GPIO_Get_SingleKey)
    HW_GPIO_INPUT_IT_Callback                0x080006d5   Thumb Code    20  app_input.o(i.HW_GPIO_INPUT_IT_Callback)
    HW_GPIO_INPUT_IT_init                    0x080006e9   Thumb Code   322  gpio_init.o(i.HW_GPIO_INPUT_IT_init)
    HW_GPIO_INPUT_init                       0x08000841   Thumb Code   116  gpio_init.o(i.HW_GPIO_INPUT_init)
    HW_GPIO_OUT_init                         0x080008b9   Thumb Code   164  gpio_init.o(i.HW_GPIO_OUT_init)
    HW_GPIO_SET_Pin                          0x08000979   Thumb Code    88  gpio_init.o(i.HW_GPIO_SET_Pin)
    HW_TIM_COUNT_IT_init                     0x08000a35   Thumb Code   214  tim_init.o(i.HW_TIM_COUNT_IT_init)
    HW_UART_RX_IT_Callback                   0x08000f69   Thumb Code     2  usart_init.o(i.HW_UART_RX_IT_Callback)
    HW_UART_Send                             0x08001099   Thumb Code    92  usart_init.o(i.HW_UART_Send)
    HW_UART_init                             0x08001145   Thumb Code   274  usart_init.o(i.HW_UART_init)
    HardFault_Handler                        0x0800125d   Thumb Code     4  py32f0xx_it.o(i.HardFault_Handler)
    LL_GPIO_Init                             0x0800132d   Thumb Code   250  py32f0xx_ll_gpio.o(i.LL_GPIO_Init)
    LL_Init1msTick                           0x08001461   Thumb Code    34  py32f0xx_ll_utils.o(i.LL_Init1msTick)
    LL_RCC_GetSystemClocksFreq               0x080014a9   Thumb Code    28  py32f0xx_ll_rcc.o(i.LL_RCC_GetSystemClocksFreq)
    LL_SetSystemCoreClock                    0x08001515   Thumb Code     6  py32f0xx_ll_utils.o(i.LL_SetSystemCoreClock)
    LL_TIM_Init                              0x08001549   Thumb Code   130  py32f0xx_ll_tim.o(i.LL_TIM_Init)
    LL_USART_Init                            0x08001615   Thumb Code   120  py32f0xx_ll_usart.o(i.LL_USART_Init)
    LL_mDelay                                0x08001801   Thumb Code    46  py32f0xx_ll_utils.o(i.LL_mDelay)
    Log_init                                 0x08001835   Thumb Code    76  log.o(i.Log_init)
    MAG_SchedulerCancel                      0x08001895   Thumb Code    86  mag_scheduler.o(i.MAG_SchedulerCancel)
    MAG_SchedulerInit                        0x080018f9   Thumb Code   114  mag_scheduler.o(i.MAG_SchedulerInit)
    MAG_SchedulerProcess                     0x08001985   Thumb Code   216  mag_scheduler.o(i.MAG_SchedulerProcess)
    MAG_SchedulerRegister                    0x08001a6d   Thumb Code   128  mag_scheduler.o(i.MAG_SchedulerRegister)
    MAG_SchedulerRegisterTable               0x08001afd   Thumb Code   178  mag_scheduler.o(i.MAG_SchedulerRegisterTable)
    NMI_Handler                              0x08001bb5   Thumb Code     2  py32f0xx_it.o(i.NMI_Handler)
    PendSV_Handler                           0x08001d49   Thumb Code     2  py32f0xx_it.o(i.PendSV_Handler)
    RCC_GetHCLKClockFreq                     0x08001d4d   Thumb Code    34  py32f0xx_ll_rcc.o(i.RCC_GetHCLKClockFreq)
    RCC_GetPCLK1ClockFreq                    0x08001d79   Thumb Code    32  py32f0xx_ll_rcc.o(i.RCC_GetPCLK1ClockFreq)
    RCC_GetSystemClockFreq                   0x08001da1   Thumb Code   112  py32f0xx_ll_rcc.o(i.RCC_GetSystemClockFreq)
    RCC_PLL_GetFreqDomain_SYS                0x08001e1d   Thumb Code    42  py32f0xx_ll_rcc.o(i.RCC_PLL_GetFreqDomain_SYS)
    SERVER_KEY_FSM_ALL_STATE                 0x08001e51   Thumb Code   264  key_fsm.o(i.SERVER_KEY_FSM_ALL_STATE)
    SERVER_KEY_FSM_Get_Default_State         0x08001f5d   Thumb Code    44  key_fsm.o(i.SERVER_KEY_FSM_Get_Default_State)
    SERVER_KEY_FSM_init                      0x08001f89   Thumb Code    24  key_fsm.o(i.SERVER_KEY_FSM_init)
    SPI_DmaSpiRxIRQCallback                  0x08001fa1   Thumb Code   128  spi_init.o(i.SPI_DmaSpiRxIRQCallback)
    SPI_DmaTxIRQCallback                     0x08002025   Thumb Code     2  spi_init.o(i.SPI_DmaTxIRQCallback)
    SVC_Handler                              0x08002027   Thumb Code     2  py32f0xx_it.o(i.SVC_Handler)
    SysTick_Handler                          0x08002029   Thumb Code     2  py32f0xx_it.o(i.SysTick_Handler)
    SystemInit                               0x0800202d   Thumb Code    32  system_py32f0xx.o(i.SystemInit)
    TIM14_IRQHandler                         0x08002059   Thumb Code    34  tim_init.o(i.TIM14_IRQHandler)
    TIM14_UpdateCallback                     0x08002081   Thumb Code     2  tim_init.o(i.TIM14_UpdateCallback)
    TIM16_IRQHandler                         0x08002085   Thumb Code    34  tim_init.o(i.TIM16_IRQHandler)
    TIM16_UpdateCallback                     0x080020ad   Thumb Code     2  tim_init.o(i.TIM16_UpdateCallback)
    TIM17_IRQHandler                         0x080020b1   Thumb Code    34  tim_init.o(i.TIM17_IRQHandler)
    TIM17_UpdateCallback                     0x080020d9   Thumb Code     2  tim_init.o(i.TIM17_UpdateCallback)
    TIM1_BRK_UP_TRG_COM_IRQHandler           0x080020dd   Thumb Code    34  tim_init.o(i.TIM1_BRK_UP_TRG_COM_IRQHandler)
    TIM1_UpdateCallback                      0x08002105   Thumb Code    12  mag_tick.o(i.TIM1_UpdateCallback)
    TIM3_IRQHandler                          0x08002115   Thumb Code    34  tim_init.o(i.TIM3_IRQHandler)
    TIM3_UpdateCallback                      0x0800213d   Thumb Code     2  tim_init.o(i.TIM3_UpdateCallback)
    USART1_IRQHandler                        0x08002141   Thumb Code    12  usart_init.o(i.USART1_IRQHandler)
    USART2_IRQHandler                        0x08002151   Thumb Code    12  usart_init.o(i.USART2_IRQHandler)
    __0snprintf$6                            0x08002161   Thumb Code    46  printf6.o(i.__0snprintf$6)
    __1snprintf$6                            0x08002161   Thumb Code     0  printf6.o(i.__0snprintf$6)
    __2snprintf                              0x08002161   Thumb Code     0  printf6.o(i.__0snprintf$6)
    __ARM_common_ll_muluu                    0x08002195   Thumb Code    48  tim_init.o(i.__ARM_common_ll_muluu)
    __scatterload_copy                       0x080021c5   Thumb Code    14  handlers.o(i.__scatterload_copy)
    __scatterload_null                       0x080021d3   Thumb Code     2  handlers.o(i.__scatterload_null)
    __scatterload_zeroinit                   0x080021d5   Thumb Code    14  handlers.o(i.__scatterload_zeroinit)
    app_main                                 0x08002581   Thumb Code     8  app_main.o(i.app_main)
    app_main_init                            0x08002589   Thumb Code   162  app_main.o(i.app_main_init)
    get_mag_tick                             0x08002679   Thumb Code     6  mag_tick.o(i.get_mag_tick)
    mag_tick_init                            0x080028c1   Thumb Code    24  mag_tick.o(i.mag_tick_init)
    $Super$$main                             0x080028dd   Thumb Code    32  main.o(i.main)
    AHBPrescTable                            0x080028fc   Data          64  system_py32f0xx.o(.constdata)
    APBPrescTable                            0x0800293c   Data          32  system_py32f0xx.o(.constdata)
    HSIFreqTable                             0x0800295c   Data          32  system_py32f0xx.o(.constdata)
    GPIO_GPIO_MAP                            0x080029a4   Data         384  gpio_init.o(.constdata)
    Region$$Table$$Base                      0x08003278   Number         0  anon$$obj.o(Region$$Table)
    Region$$Table$$Limit                     0x08003298   Number         0  anon$$obj.o(Region$$Table)
    VECT_SRAM_TAB                            0x20000000   Data         192  system_py32f0xx.o(.ARM.__at_0x20000000)
    SystemCoreClock                          0x200000c0   Data           4  system_py32f0xx.o(.data)
    txRxDataComplteFlag                      0x200000c4   Data           1  spi_init.o(.data)
    SPI_DMA_Flag                             0x200000c5   Data           1  spi_init.o(.data)
    __initial_sp                             0x200006b0   Data           0  startup_py32f030xx.o(STACK)



==============================================================================

Memory Map of the image

  Image Entry point : 0x080000c1

  Load Region LR_IROM1 (Base: 0x08000000, Size: 0x0000338c, Max: 0x00010000, ABSOLUTE)

    Execution Region ER_IROM1 (Exec base: 0x08000000, Load base: 0x08000000, Size: 0x00003298, Max: 0x00010000, ABSOLUTE)

    Exec Addr    Load Addr    Size         Type   Attr      Idx    E Section Name        Object

    0x08000000   0x08000000   0x000000c0   Data   RO           67    RESET               startup_py32f030xx.o
    0x080000c0   0x080000c0   0x00000000   Code   RO         3221  * .ARM.Collect$$$$00000000  mc_p.l(entry.o)
    0x080000c0   0x080000c0   0x00000004   Code   RO         3491    .ARM.Collect$$$$00000001  mc_p.l(entry2.o)
    0x080000c4   0x080000c4   0x00000004   Code   RO         3494    .ARM.Collect$$$$00000004  mc_p.l(entry5.o)
    0x080000c8   0x080000c8   0x00000000   Code   RO         3496    .ARM.Collect$$$$00000008  mc_p.l(entry7b.o)
    0x080000c8   0x080000c8   0x00000000   Code   RO         3498    .ARM.Collect$$$$0000000A  mc_p.l(entry8b.o)
    0x080000c8   0x080000c8   0x00000008   Code   RO         3499    .ARM.Collect$$$$0000000B  mc_p.l(entry9a.o)
    0x080000d0   0x080000d0   0x00000000   Code   RO         3501    .ARM.Collect$$$$0000000D  mc_p.l(entry10a.o)
    0x080000d0   0x080000d0   0x00000000   Code   RO         3503    .ARM.Collect$$$$0000000F  mc_p.l(entry11a.o)
    0x080000d0   0x080000d0   0x00000004   Code   RO         3492    .ARM.Collect$$$$00002712  mc_p.l(entry2.o)
    0x080000d4   0x080000d4   0x0000001c   Code   RO           68    .text               startup_py32f030xx.o
    0x080000f0   0x080000f0   0x0000002c   Code   RO         3224    .text               mc_p.l(uidiv.o)
    0x0800011c   0x0800011c   0x00000060   Code   RO         3226    .text               mc_p.l(uldiv.o)
    0x0800017c   0x0800017c   0x00000024   Code   RO         3228    .text               mc_p.l(memseta.o)
    0x080001a0   0x080001a0   0x00000020   Code   RO         3506    .text               mc_p.l(llshl.o)
    0x080001c0   0x080001c0   0x00000022   Code   RO         3508    .text               mc_p.l(llushr.o)
    0x080001e2   0x080001e2   0x00000002   PAD
    0x080001e4   0x080001e4   0x00000024   Code   RO         3521    .text               mc_p.l(init.o)
    0x08000208   0x08000208   0x00000034   Code   RO            3    i.$Sub$$main        system_py32f0xx.o
    0x0800023c   0x0800023c   0x00000004   Code   RO         3201    i.APP_Comm_init     app_comm.o
    0x08000240   0x08000240   0x00000044   Code   RO         3132    i.APP_INPUT_KEY1    app_input.o
    0x08000284   0x08000284   0x00000018   Code   RO         3133    i.APP_Input_init    app_input.o
    0x0800029c   0x0800029c   0x0000002a   Code   RO         3167    i.APP_Output_LED1   app_output.o
    0x080002c6   0x080002c6   0x0000002a   Code   RO         3168    i.APP_Output_LED2   app_output.o
    0x080002f0   0x080002f0   0x00000022   Code   RO         3169    i.APP_Output_init   app_output.o
    0x08000312   0x08000312   0x00000002   PAD
    0x08000314   0x08000314   0x0000019c   Code   RO         1491    i.APP_SystemClockConfig  system_init.o
    0x080004b0   0x080004b0   0x00000094   Code   RO         1666    i.DMA1_Channel1_IRQHandler  spi_init.o
    0x08000544   0x08000544   0x00000008   Code   RO         1667    i.DMA1_Channel2_3_IRQHandler  spi_init.o
    0x0800054c   0x0800054c   0x0000000c   Code   RO         1537    i.EXTI0_1_IRQHandler  gpio_init.o
    0x08000558   0x08000558   0x0000000c   Code   RO         1538    i.EXTI2_3_IRQHandler  gpio_init.o
    0x08000564   0x08000564   0x0000000c   Code   RO         1539    i.EXTI4_15_IRQHandler  gpio_init.o
    0x08000570   0x08000570   0x0000005c   Code   RO         1540    i.HW_GPIO_ConfigEXTITrigger  gpio_init.o
    0x080005cc   0x080005cc   0x00000048   Code   RO         1541    i.HW_GPIO_EXTI_IRQHandler  gpio_init.o
    0x08000614   0x08000614   0x0000004c   Code   RO         1542    i.HW_GPIO_EnableClock  gpio_init.o
    0x08000660   0x08000660   0x00000028   Code   RO         1543    i.HW_GPIO_FindEXTIMap  gpio_init.o
    0x08000688   0x08000688   0x0000004c   Code   RO         1544    i.HW_GPIO_Get_SingleKey  gpio_init.o
    0x080006d4   0x080006d4   0x00000014   Code   RO         3134    i.HW_GPIO_INPUT_IT_Callback  app_input.o
    0x080006e8   0x080006e8   0x00000158   Code   RO         1546    i.HW_GPIO_INPUT_IT_init  gpio_init.o
    0x08000840   0x08000840   0x00000078   Code   RO         1547    i.HW_GPIO_INPUT_init  gpio_init.o
    0x080008b8   0x080008b8   0x000000c0   Code   RO         1548    i.HW_GPIO_OUT_init  gpio_init.o
    0x08000978   0x08000978   0x0000005c   Code   RO         1549    i.HW_GPIO_SET_Pin   gpio_init.o
    0x080009d4   0x080009d4   0x00000060   Code   RO         1672    i.HW_SPI_FinishTransfer  spi_init.o
    0x08000a34   0x08000a34   0x000000dc   Code   RO         1881    i.HW_TIM_COUNT_IT_init  tim_init.o
    0x08000b10   0x08000b10   0x000000e0   Code   RO         1883    i.HW_TIM_CalculatePeriod  tim_init.o
    0x08000bf0   0x08000bf0   0x000000b8   Code   RO         1884    i.HW_TIM_EnableClockAndGetIRQ  tim_init.o
    0x08000ca8   0x08000ca8   0x00000060   Code   RO         2042    i.HW_UART_EnableClock  usart_init.o
    0x08000d08   0x08000d08   0x0000004c   Code   RO         2043    i.HW_UART_EnableGPIOClock  usart_init.o
    0x08000d54   0x08000d54   0x00000070   Code   RO         2044    i.HW_UART_EnableReceiveIT  usart_init.o
    0x08000dc4   0x08000dc4   0x000000c8   Code   RO         2045    i.HW_UART_FindPinConfigs  usart_init.o
    0x08000e8c   0x08000e8c   0x00000052   Code   RO         2046    i.HW_UART_InitGPIOAlternate  usart_init.o
    0x08000ede   0x08000ede   0x00000002   PAD
    0x08000ee0   0x08000ee0   0x00000044   Code   RO         2047    i.HW_UART_PushRxByte  usart_init.o
    0x08000f24   0x08000f24   0x00000044   Code   RO         2048    i.HW_UART_PushRxOnceByte  usart_init.o
    0x08000f68   0x08000f68   0x00000002   Code   RO         2049    i.HW_UART_RX_IT_Callback  usart_init.o
    0x08000f6a   0x08000f6a   0x00000002   PAD
    0x08000f6c   0x08000f6c   0x000000e4   Code   RO         2050    i.HW_UART_ReceiveIRQHandler  usart_init.o
    0x08001050   0x08001050   0x00000028   Code   RO         2053    i.HW_UART_ResetRxBuffer  usart_init.o
    0x08001078   0x08001078   0x00000020   Code   RO         2054    i.HW_UART_ResetRxOnce  usart_init.o
    0x08001098   0x08001098   0x00000060   Code   RO         2055    i.HW_UART_Send      usart_init.o
    0x080010f8   0x080010f8   0x0000004c   Code   RO         2056    i.HW_UART_WaitFlag  usart_init.o
    0x08001144   0x08001144   0x00000118   Code   RO         2057    i.HW_UART_init      usart_init.o
    0x0800125c   0x0800125c   0x00000004   Code   RO          234    i.HardFault_Handler  py32f0xx_it.o
    0x08001260   0x08001260   0x0000001c   Code   RO         1887    i.LL_APB1_GRP2_EnableClock  tim_init.o
    0x0800127c   0x0800127c   0x0000001c   Code   RO         1677    i.LL_DMA_DisableChannel  spi_init.o
    0x08001298   0x08001298   0x0000001c   Code   RO         1679    i.LL_DMA_DisableIT_TC  spi_init.o
    0x080012b4   0x080012b4   0x0000001c   Code   RO         1680    i.LL_DMA_DisableIT_TE  spi_init.o
    0x080012d0   0x080012d0   0x00000018   Code   RO         1684    i.LL_DMA_IsEnabledIT_TC  spi_init.o
    0x080012e8   0x080012e8   0x00000018   Code   RO         1685    i.LL_DMA_IsEnabledIT_TE  spi_init.o
    0x08001300   0x08001300   0x0000000c   Code   RO         1550    i.LL_EXTI_ClearFlag  gpio_init.o
    0x0800130c   0x0800130c   0x00000010   Code   RO         1551    i.LL_EXTI_EnableFallingTrig  gpio_init.o
    0x0800131c   0x0800131c   0x00000010   Code   RO         1552    i.LL_EXTI_EnableRisingTrig  gpio_init.o
    0x0800132c   0x0800132c   0x000000fa   Code   RO          600    i.LL_GPIO_Init      py32f0xx_ll_gpio.o
    0x08001426   0x08001426   0x00000002   PAD
    0x08001428   0x08001428   0x0000001c   Code   RO         1553    i.LL_IOP_GRP1_EnableClock  gpio_init.o
    0x08001444   0x08001444   0x0000001c   Code   RO         2058    i.LL_IOP_GRP1_EnableClock  usart_init.o
    0x08001460   0x08001460   0x00000028   Code   RO          462    i.LL_Init1msTick    py32f0xx_ll_utils.o
    0x08001488   0x08001488   0x00000010   Code   RO         1043    i.LL_RCC_GetSysClkSource  py32f0xx_ll_rcc.o
    0x08001498   0x08001498   0x00000010   Code   RO         1492    i.LL_RCC_GetSysClkSource  system_init.o
    0x080014a8   0x080014a8   0x0000001c   Code   RO         1044    i.LL_RCC_GetSystemClocksFreq  py32f0xx_ll_rcc.o
    0x080014c4   0x080014c4   0x0000001c   Code   RO         1046    i.LL_RCC_HSI_GetFreq  py32f0xx_ll_rcc.o
    0x080014e0   0x080014e0   0x00000014   Code   RO         1493    i.LL_RCC_HSI_SetCalibFreq  system_init.o
    0x080014f4   0x080014f4   0x00000014   Code   RO         1494    i.LL_RCC_SetSysClkSource  system_init.o
    0x08001508   0x08001508   0x0000000a   Code   RO         1689    i.LL_SPI_DisableDMAReq_RX  spi_init.o
    0x08001512   0x08001512   0x00000002   PAD
    0x08001514   0x08001514   0x0000000c   Code   RO          471    i.LL_SetSystemCoreClock  py32f0xx_ll_utils.o
    0x08001520   0x08001520   0x00000008   Code   RO         1889    i.LL_TIM_ClearFlag_UPDATE  tim_init.o
    0x08001528   0x08001528   0x0000000a   Code   RO         1890    i.LL_TIM_DisableCounter  tim_init.o
    0x08001532   0x08001532   0x0000000a   Code   RO         1891    i.LL_TIM_EnableCounter  tim_init.o
    0x0800153c   0x0800153c   0x0000000a   Code   RO         1892    i.LL_TIM_GenerateEvent_UPDATE  tim_init.o
    0x08001546   0x08001546   0x00000002   PAD
    0x08001548   0x08001548   0x00000098   Code   RO          758    i.LL_TIM_Init       py32f0xx_ll_tim.o
    0x080015e0   0x080015e0   0x00000010   Code   RO         1893    i.LL_TIM_IsActiveFlag_UPDATE  tim_init.o
    0x080015f0   0x080015f0   0x00000010   Code   RO         1894    i.LL_TIM_IsEnabledIT_UPDATE  tim_init.o
    0x08001600   0x08001600   0x0000000a   Code   RO         2059    i.LL_USART_EnableIT_ERROR  usart_init.o
    0x0800160a   0x0800160a   0x0000000a   Code   RO         2060    i.LL_USART_EnableIT_RXNE  usart_init.o
    0x08001614   0x08001614   0x0000007c   Code   RO          687    i.LL_USART_Init     py32f0xx_ll_usart.o
    0x08001690   0x08001690   0x0000000c   Code   RO         2061    i.LL_USART_IsActiveFlag_FE  usart_init.o
    0x0800169c   0x0800169c   0x0000000c   Code   RO         2062    i.LL_USART_IsActiveFlag_NE  usart_init.o
    0x080016a8   0x080016a8   0x0000000c   Code   RO         2063    i.LL_USART_IsActiveFlag_ORE  usart_init.o
    0x080016b4   0x080016b4   0x0000000c   Code   RO         2064    i.LL_USART_IsActiveFlag_RXNE  usart_init.o
    0x080016c0   0x080016c0   0x0000000e   Code   RO          688    i.LL_USART_IsEnabled  py32f0xx_ll_usart.o
    0x080016ce   0x080016ce   0x00000132   Code   RO          689    i.LL_USART_SetBaudRate  py32f0xx_ll_usart.o
    0x08001800   0x08001800   0x00000034   Code   RO          472    i.LL_mDelay         py32f0xx_ll_utils.o
    0x08001834   0x08001834   0x00000060   Code   RO         2728    i.Log_init          log.o
    0x08001894   0x08001894   0x00000064   Code   RO         2994    i.MAG_SchedulerCancel  mag_scheduler.o
    0x080018f8   0x080018f8   0x0000008c   Code   RO         2995    i.MAG_SchedulerInit  mag_scheduler.o
    0x08001984   0x08001984   0x000000e8   Code   RO         2996    i.MAG_SchedulerProcess  mag_scheduler.o
    0x08001a6c   0x08001a6c   0x00000090   Code   RO         2997    i.MAG_SchedulerRegister  mag_scheduler.o
    0x08001afc   0x08001afc   0x000000b8   Code   RO         2998    i.MAG_SchedulerRegisterTable  mag_scheduler.o
    0x08001bb4   0x08001bb4   0x00000002   Code   RO          235    i.NMI_Handler       py32f0xx_it.o
    0x08001bb6   0x08001bb6   0x00000002   PAD
    0x08001bb8   0x08001bb8   0x00000014   Code   RO         2065    i.NVIC_ClearPendingIRQ  usart_init.o
    0x08001bcc   0x08001bcc   0x00000014   Code   RO         2066    i.NVIC_EnableIRQ    usart_init.o
    0x08001be0   0x08001be0   0x00000078   Code   RO         1554    i.NVIC_SetPriority  gpio_init.o
    0x08001c58   0x08001c58   0x00000078   Code   RO         1895    i.NVIC_SetPriority  tim_init.o
    0x08001cd0   0x08001cd0   0x00000078   Code   RO         2067    i.NVIC_SetPriority  usart_init.o
    0x08001d48   0x08001d48   0x00000002   Code   RO          236    i.PendSV_Handler    py32f0xx_it.o
    0x08001d4a   0x08001d4a   0x00000002   PAD
    0x08001d4c   0x08001d4c   0x0000002c   Code   RO         1049    i.RCC_GetHCLKClockFreq  py32f0xx_ll_rcc.o
    0x08001d78   0x08001d78   0x00000028   Code   RO         1050    i.RCC_GetPCLK1ClockFreq  py32f0xx_ll_rcc.o
    0x08001da0   0x08001da0   0x0000007c   Code   RO         1051    i.RCC_GetSystemClockFreq  py32f0xx_ll_rcc.o
    0x08001e1c   0x08001e1c   0x00000034   Code   RO         1052    i.RCC_PLL_GetFreqDomain_SYS  py32f0xx_ll_rcc.o
    0x08001e50   0x08001e50   0x0000010c   Code   RO         2750    i.SERVER_KEY_FSM_ALL_STATE  key_fsm.o
    0x08001f5c   0x08001f5c   0x0000002c   Code   RO         2751    i.SERVER_KEY_FSM_Get_Default_State  key_fsm.o
    0x08001f88   0x08001f88   0x00000018   Code   RO         2752    i.SERVER_KEY_FSM_init  key_fsm.o
    0x08001fa0   0x08001fa0   0x00000084   Code   RO         1694    i.SPI_DmaSpiRxIRQCallback  spi_init.o
    0x08002024   0x08002024   0x00000002   Code   RO         1695    i.SPI_DmaTxIRQCallback  spi_init.o
    0x08002026   0x08002026   0x00000002   Code   RO          237    i.SVC_Handler       py32f0xx_it.o
    0x08002028   0x08002028   0x00000002   Code   RO          238    i.SysTick_Handler   py32f0xx_it.o
    0x0800202a   0x0800202a   0x00000002   PAD
    0x0800202c   0x0800202c   0x0000002c   Code   RO            5    i.SystemInit        system_py32f0xx.o
    0x08002058   0x08002058   0x00000028   Code   RO         1896    i.TIM14_IRQHandler  tim_init.o
    0x08002080   0x08002080   0x00000002   Code   RO         1897    i.TIM14_UpdateCallback  tim_init.o
    0x08002082   0x08002082   0x00000002   PAD
    0x08002084   0x08002084   0x00000028   Code   RO         1898    i.TIM16_IRQHandler  tim_init.o
    0x080020ac   0x080020ac   0x00000002   Code   RO         1899    i.TIM16_UpdateCallback  tim_init.o
    0x080020ae   0x080020ae   0x00000002   PAD
    0x080020b0   0x080020b0   0x00000028   Code   RO         1900    i.TIM17_IRQHandler  tim_init.o
    0x080020d8   0x080020d8   0x00000002   Code   RO         1901    i.TIM17_UpdateCallback  tim_init.o
    0x080020da   0x080020da   0x00000002   PAD
    0x080020dc   0x080020dc   0x00000028   Code   RO         1902    i.TIM1_BRK_UP_TRG_COM_IRQHandler  tim_init.o
    0x08002104   0x08002104   0x00000010   Code   RO         2956    i.TIM1_UpdateCallback  mag_tick.o
    0x08002114   0x08002114   0x00000028   Code   RO         1904    i.TIM3_IRQHandler   tim_init.o
    0x0800213c   0x0800213c   0x00000002   Code   RO         1905    i.TIM3_UpdateCallback  tim_init.o
    0x0800213e   0x0800213e   0x00000002   PAD
    0x08002140   0x08002140   0x00000010   Code   RO         2068    i.USART1_IRQHandler  usart_init.o
    0x08002150   0x08002150   0x00000010   Code   RO         2069    i.USART2_IRQHandler  usart_init.o
    0x08002160   0x08002160   0x00000034   Code   RO         3386    i.__0snprintf$6     mc_p.l(printf6.o)
    0x08002194   0x08002194   0x00000030   Code   RO         2029    i.__ARM_common_ll_muluu  tim_init.o
    0x080021c4   0x080021c4   0x0000000e   Code   RO         3531    i.__scatterload_copy  mc_p.l(handlers.o)
    0x080021d2   0x080021d2   0x00000002   Code   RO         3532    i.__scatterload_null  mc_p.l(handlers.o)
    0x080021d4   0x080021d4   0x0000000e   Code   RO         3533    i.__scatterload_zeroinit  mc_p.l(handlers.o)
    0x080021e2   0x080021e2   0x00000002   PAD
    0x080021e4   0x080021e4   0x00000304   Code   RO         3392    i._printf_core      mc_p.l(printf6.o)
    0x080024e8   0x080024e8   0x00000020   Code   RO         3393    i._printf_post_padding  mc_p.l(printf6.o)
    0x08002508   0x08002508   0x0000002c   Code   RO         3394    i._printf_pre_padding  mc_p.l(printf6.o)
    0x08002534   0x08002534   0x00000016   Code   RO         3395    i._snputc           mc_p.l(printf6.o)
    0x0800254a   0x0800254a   0x00000002   PAD
    0x0800254c   0x0800254c   0x00000034   Code   RO         3095    i.app_key_fsm_schedule_task  app_main.o
    0x08002580   0x08002580   0x00000008   Code   RO         3096    i.app_main          app_main.o
    0x08002588   0x08002588   0x000000f0   Code   RO         3097    i.app_main_init     app_main.o
    0x08002678   0x08002678   0x0000000c   Code   RO         2957    i.get_mag_tick      mag_tick.o
    0x08002684   0x08002684   0x00000012   Code   RO         2999    i.mag_scheduler_advance_generation  mag_scheduler.o
    0x08002696   0x08002696   0x00000002   PAD
    0x08002698   0x08002698   0x00000034   Code   RO         3000    i.mag_scheduler_allocate_node  mag_scheduler.o
    0x080026cc   0x080026cc   0x00000050   Code   RO         3001    i.mag_scheduler_cleanup_removed_nodes  mag_scheduler.o
    0x0800271c   0x0800271c   0x00000060   Code   RO         3002    i.mag_scheduler_commit_pending_nodes  mag_scheduler.o
    0x0800277c   0x0800277c   0x00000040   Code   RO         3003    i.mag_scheduler_config_is_valid  mag_scheduler.o
    0x080027bc   0x080027bc   0x00000040   Code   RO         3004    i.mag_scheduler_handle_is_valid  mag_scheduler.o
    0x080027fc   0x080027fc   0x0000001c   Code   RO         3005    i.mag_scheduler_link_active_front  mag_scheduler.o
    0x08002818   0x08002818   0x00000038   Code   RO         3006    i.mag_scheduler_release_node  mag_scheduler.o
    0x08002850   0x08002850   0x0000000a   Code   RO         3007    i.mag_scheduler_time_reached  mag_scheduler.o
    0x0800285a   0x0800285a   0x00000002   PAD
    0x0800285c   0x0800285c   0x00000064   Code   RO         3008    i.mag_scheduler_unlink_active  mag_scheduler.o
    0x080028c0   0x080028c0   0x0000001c   Code   RO         2958    i.mag_tick_init     mag_tick.o
    0x080028dc   0x080028dc   0x00000020   Code   RO           74    i.main              main.o
    0x080028fc   0x080028fc   0x00000080   Data   RO            7    .constdata          system_py32f0xx.o
    0x0800297c   0x0800297c   0x000003c4   Data   RO         1556    .constdata          gpio_init.o
    0x08002d40   0x08002d40   0x000001a8   Data   RO         1700    .constdata          spi_init.o
    0x08002ee8   0x08002ee8   0x00000358   Data   RO         2072    .constdata          usart_init.o
    0x08003240   0x08003240   0x00000038   Data   RO         3098    .constdata          app_main.o
    0x08003278   0x08003278   0x00000020   Data   RO         3529    Region$$Table       anon$$obj.o


    Execution Region RW_IRAM1 (Exec base: 0x20000000, Load base: 0x08003298, Size: 0x000006b0, Max: 0x00002000, ABSOLUTE)

    Exec Addr    Load Addr    Size         Type   Attr      Idx    E Section Name        Object

    0x20000000   0x08003298   0x000000c0   Data   RW            6    .ARM.__at_0x20000000  system_py32f0xx.o
    0x200000c0   0x08003358   0x00000004   Data   RW            8    .data               system_py32f0xx.o
    0x200000c4   0x0800335c   0x0000000d   Data   RW         1701    .data               spi_init.o
    0x200000d1   0x08003369   0x00000003   PAD
    0x200000d4   0x0800336c   0x00000008   Data   RW         2073    .data               usart_init.o
    0x200000dc   0x08003374   0x00000001   Data   RW         2753    .data               key_fsm.o
    0x200000dd   0x08003375   0x00000003   PAD
    0x200000e0   0x08003378   0x00000004   Data   RW         2960    .data               mag_tick.o
    0x200000e4   0x0800337c   0x00000005   Data   RW         3011    .data               mag_scheduler.o
    0x200000e9   0x08003381   0x00000003   PAD
    0x200000ec   0x08003384   0x00000008   Data   RW         3099    .data               app_main.o
    0x200000f4        -       0x00000024   Zero   RW         1555    .bss                gpio_init.o
    0x20000118        -       0x000000ac   Zero   RW         2071    .bss                usart_init.o
    0x200001c4        -       0x000000e0   Zero   RW         3009    .bss                mag_scheduler.o
    0x200002a4        -       0x0000000c   Zero   RW         3135    .bss                app_input.o
    0x200002b0        -       0x00000400   Zero   RW           65    STACK               startup_py32f030xx.o


==============================================================================

Image component sizes


      Code (inc. data)   RO Data    RW Data    ZI Data      Debug   Object Name

         4          0          0          0          0        484   app_comm.o
       112         12          0          0         12       1998   app_input.o
       300         88         56          8          0       2811   app_main.o
       118          0          0          0          0       1806   app_output.o
      1332        118        964          0         36      33610   gpio_init.o
       336          4          0          1          0       4984   key_fsm.o
        96         20          0          0          0        783   log.o
      1368        140          0          5        224      12438   mag_scheduler.o
        56         14          0          4          0       2157   mag_tick.o
        32          0          0          0          0     221067   main.o
         0          0          0          0          0      11304   py32f030xx_ll_start_kit.o
        12          0          0          0          0       2159   py32f0xx_it.o
       250          0          0          0          0       8967   py32f0xx_ll_gpio.o
       332         54          0          0          0      16425   py32f0xx_ll_rcc.o
       152         22          0          0          0      29366   py32f0xx_ll_tim.o
       444          4          0          0          0      14744   py32f0xx_ll_usart.o
       104         18          0          0          0       4649   py32f0xx_ll_utils.o
       528         66        424         13          0      22636   spi_init.o
        28          8        192          0       1024        620   startup_py32f030xx.o
       468         30          0          0          0      21120   system_init.o
        96         20        128        196          0     170647   system_py32f0xx.o
      1102         80          0          0          0      39478   tim_init.o
      1744        122        856          8        172      36271   usart_init.o

    ----------------------------------------------------------------------
      9044        820       2652        244       1468     660524   Object Totals
         0          0         32          0          0          0   (incl. Generated)
        30          0          0          9          0          0   (incl. Padding)

    ----------------------------------------------------------------------

      Code (inc. data)   RO Data    RW Data    ZI Data      Debug   Library Member Name

         0          0          0          0          0          0   entry.o
         0          0          0          0          0          0   entry10a.o
         0          0          0          0          0          0   entry11a.o
         8          4          0          0          0          0   entry2.o
         4          0          0          0          0          0   entry5.o
         0          0          0          0          0          0   entry7b.o
         0          0          0          0          0          0   entry8b.o
         8          4          0          0          0          0   entry9a.o
        30          0          0          0          0          0   handlers.o
        36          8          0          0          0         68   init.o
        32          0          0          0          0         68   llshl.o
        34          0          0          0          0         68   llushr.o
        36          0          0          0          0        100   memseta.o
       922         10          0          0          0        384   printf6.o
        44          0          0          0          0         72   uidiv.o
        96          0          0          0          0         84   uldiv.o

    ----------------------------------------------------------------------
      1256         26          0          0          0        844   Library Totals
         6          0          0          0          0          0   (incl. Padding)

    ----------------------------------------------------------------------

      Code (inc. data)   RO Data    RW Data    ZI Data      Debug   Library Name

      1250         26          0          0          0        844   mc_p.l

    ----------------------------------------------------------------------
      1256         26          0          0          0        844   Library Totals

    ----------------------------------------------------------------------

==============================================================================


      Code (inc. data)   RO Data    RW Data    ZI Data      Debug   

     10300        846       2652        244       1468     655448   Grand Totals
     10300        846       2652        244       1468     655448   ELF Image Totals
     10300        846       2652        244          0          0   ROM Totals

==============================================================================

    Total RO  Size (Code + RO Data)                12952 (  12.65kB)
    Total RW  Size (RW Data + ZI Data)              1712 (   1.67kB)
    Total ROM Size (Code + RO Data + RW Data)      13196 (  12.89kB)

==============================================================================

