<!doctype html public "-//w3c//dtd html 4.0 transitional//en">
<html><head>
<title>Static Call Graph - [.\Objects\Project.axf]</title></head>
<body><HR>
<H1>Static Call Graph for image .\Objects\Project.axf</H1><HR>
<BR><P>#&#060CALLGRAPH&#062# ARM Linker, 5060750: Last Updated: Sun Sep 06 18:07:56 2026
<BR><P>
<H3>Maximum Stack Usage =        352 bytes + Unknown(Cycles, Untraceable Function Pointers)</H3><H3>
Call chain for Maximum Stack Depth:</H3>
main &rArr; $Super$$main &rArr; app_main_init &rArr; mag_task_init &rArr; mag_tick_init &rArr; HW_TIM_COUNT_IT_init &rArr; HW_TIM_CalculatePeriod &rArr; __aeabi_uldivmod &rArr; __aeabi_llsr
<P>
<H3>
Mutually Recursive functions
</H3> <LI><a href="#[10]">ADC_COMP_IRQHandler</a>&nbsp;&nbsp;&nbsp;&rArr;&nbsp;&nbsp;&nbsp;<a href="#[10]">ADC_COMP_IRQHandler</a><BR>
</UL>
<P>
<H3>
Function Pointers
</H3><UL>
 <LI><a href="#[10]">ADC_COMP_IRQHandler</a> from startup_py32f030xx.o(.text) referenced from startup_py32f030xx.o(RESET)
 <LI><a href="#[e]">DMA1_Channel1_IRQHandler</a> from spi_init.o(i.DMA1_Channel1_IRQHandler) referenced from startup_py32f030xx.o(RESET)
 <LI><a href="#[f]">DMA1_Channel2_3_IRQHandler</a> from spi_init.o(i.DMA1_Channel2_3_IRQHandler) referenced from startup_py32f030xx.o(RESET)
 <LI><a href="#[b]">EXTI0_1_IRQHandler</a> from gpio_init.o(i.EXTI0_1_IRQHandler) referenced from startup_py32f030xx.o(RESET)
 <LI><a href="#[c]">EXTI2_3_IRQHandler</a> from gpio_init.o(i.EXTI2_3_IRQHandler) referenced from startup_py32f030xx.o(RESET)
 <LI><a href="#[d]">EXTI4_15_IRQHandler</a> from gpio_init.o(i.EXTI4_15_IRQHandler) referenced from startup_py32f030xx.o(RESET)
 <LI><a href="#[9]">FLASH_IRQHandler</a> from startup_py32f030xx.o(.text) referenced from startup_py32f030xx.o(RESET)
 <LI><a href="#[2]">HardFault_Handler</a> from py32f0xx_it.o(i.HardFault_Handler) referenced from startup_py32f030xx.o(RESET)
 <LI><a href="#[18]">I2C1_IRQHandler</a> from startup_py32f030xx.o(.text) referenced from startup_py32f030xx.o(RESET)
 <LI><a href="#[1d]">LED_IRQHandler</a> from startup_py32f030xx.o(.text) referenced from startup_py32f030xx.o(RESET)
 <LI><a href="#[14]">LPTIM1_IRQHandler</a> from startup_py32f030xx.o(.text) referenced from startup_py32f030xx.o(RESET)
 <LI><a href="#[1]">NMI_Handler</a> from py32f0xx_it.o(i.NMI_Handler) referenced from startup_py32f030xx.o(RESET)
 <LI><a href="#[7]">PVD_IRQHandler</a> from startup_py32f030xx.o(.text) referenced from startup_py32f030xx.o(RESET)
 <LI><a href="#[4]">PendSV_Handler</a> from py32f0xx_it.o(i.PendSV_Handler) referenced from startup_py32f030xx.o(RESET)
 <LI><a href="#[a]">RCC_IRQHandler</a> from startup_py32f030xx.o(.text) referenced from startup_py32f030xx.o(RESET)
 <LI><a href="#[8]">RTC_IRQHandler</a> from startup_py32f030xx.o(.text) referenced from startup_py32f030xx.o(RESET)
 <LI><a href="#[0]">Reset_Handler</a> from startup_py32f030xx.o(.text) referenced from startup_py32f030xx.o(RESET)
 <LI><a href="#[19]">SPI1_IRQHandler</a> from startup_py32f030xx.o(.text) referenced from startup_py32f030xx.o(RESET)
 <LI><a href="#[1a]">SPI2_IRQHandler</a> from startup_py32f030xx.o(.text) referenced from startup_py32f030xx.o(RESET)
 <LI><a href="#[3]">SVC_Handler</a> from py32f0xx_it.o(i.SVC_Handler) referenced from startup_py32f030xx.o(RESET)
 <LI><a href="#[5]">SysTick_Handler</a> from py32f0xx_it.o(i.SysTick_Handler) referenced from startup_py32f030xx.o(RESET)
 <LI><a href="#[1f]">SystemInit</a> from system_py32f0xx.o(i.SystemInit) referenced from startup_py32f030xx.o(.text)
 <LI><a href="#[15]">TIM14_IRQHandler</a> from tim_init.o(i.TIM14_IRQHandler) referenced from startup_py32f030xx.o(RESET)
 <LI><a href="#[16]">TIM16_IRQHandler</a> from tim_init.o(i.TIM16_IRQHandler) referenced from startup_py32f030xx.o(RESET)
 <LI><a href="#[17]">TIM17_IRQHandler</a> from tim_init.o(i.TIM17_IRQHandler) referenced from startup_py32f030xx.o(RESET)
 <LI><a href="#[11]">TIM1_BRK_UP_TRG_COM_IRQHandler</a> from tim_init.o(i.TIM1_BRK_UP_TRG_COM_IRQHandler) referenced from startup_py32f030xx.o(RESET)
 <LI><a href="#[12]">TIM1_CC_IRQHandler</a> from startup_py32f030xx.o(.text) referenced from startup_py32f030xx.o(RESET)
 <LI><a href="#[13]">TIM3_IRQHandler</a> from tim_init.o(i.TIM3_IRQHandler) referenced from startup_py32f030xx.o(RESET)
 <LI><a href="#[1b]">USART1_IRQHandler</a> from usart_init.o(i.USART1_IRQHandler) referenced from startup_py32f030xx.o(RESET)
 <LI><a href="#[1c]">USART2_IRQHandler</a> from usart_init.o(i.USART2_IRQHandler) referenced from startup_py32f030xx.o(RESET)
 <LI><a href="#[6]">WWDG_IRQHandler</a> from startup_py32f030xx.o(.text) referenced from startup_py32f030xx.o(RESET)
 <LI><a href="#[20]">__main</a> from entry.o(.ARM.Collect$$$$00000000) referenced from startup_py32f030xx.o(.text)
 <LI><a href="#[21]">_snputc</a> from printf6.o(i._snputc) referenced from printf6.o(i.__0snprintf$6)
 <LI><a href="#[1e]">main</a> from system_py32f0xx.o(i.$Sub$$main) referenced from entry9a.o(.ARM.Collect$$$$0000000B)
</UL>
<P>
<H3>
Global Symbols
</H3>
<P><STRONG><a name="[20]"></a>__main</STRONG> (Thumb, 0 bytes, Stack size unknown bytes, entry.o(.ARM.Collect$$$$00000000))
<BR>[Address Reference Count : 1]<UL><LI> startup_py32f030xx.o(.text)
</UL>
<P><STRONG><a name="[c7]"></a>_main_stk</STRONG> (Thumb, 0 bytes, Stack size unknown bytes, entry2.o(.ARM.Collect$$$$00000001))

<P><STRONG><a name="[22]"></a>_main_scatterload</STRONG> (Thumb, 0 bytes, Stack size unknown bytes, entry5.o(.ARM.Collect$$$$00000004))
<BR><BR>[Calls]<UL><LI><a href="#[23]">&gt;&gt;</a>&nbsp;&nbsp;&nbsp;__scatterload
</UL>

<P><STRONG><a name="[2a]"></a>__main_after_scatterload</STRONG> (Thumb, 0 bytes, Stack size unknown bytes, entry5.o(.ARM.Collect$$$$00000004))
<BR><BR>[Called By]<UL><LI><a href="#[23]">&gt;&gt;</a>&nbsp;&nbsp;&nbsp;__scatterload
</UL>

<P><STRONG><a name="[c8]"></a>_main_clock</STRONG> (Thumb, 0 bytes, Stack size unknown bytes, entry7b.o(.ARM.Collect$$$$00000008))

<P><STRONG><a name="[c9]"></a>_main_cpp_init</STRONG> (Thumb, 0 bytes, Stack size unknown bytes, entry8b.o(.ARM.Collect$$$$0000000A))

<P><STRONG><a name="[ca]"></a>_main_init</STRONG> (Thumb, 0 bytes, Stack size unknown bytes, entry9a.o(.ARM.Collect$$$$0000000B))

<P><STRONG><a name="[cb]"></a>__rt_final_cpp</STRONG> (Thumb, 0 bytes, Stack size unknown bytes, entry10a.o(.ARM.Collect$$$$0000000D))

<P><STRONG><a name="[cc]"></a>__rt_final_exit</STRONG> (Thumb, 0 bytes, Stack size unknown bytes, entry11a.o(.ARM.Collect$$$$0000000F))

<P><STRONG><a name="[0]"></a>Reset_Handler</STRONG> (Thumb, 8 bytes, Stack size 0 bytes, startup_py32f030xx.o(.text))
<BR>[Address Reference Count : 1]<UL><LI> startup_py32f030xx.o(RESET)
</UL>
<P><STRONG><a name="[10]"></a>ADC_COMP_IRQHandler</STRONG> (Thumb, 0 bytes, Stack size 0 bytes, startup_py32f030xx.o(.text))
<BR><BR>[Calls]<UL><LI><a href="#[10]">&gt;&gt;</a>&nbsp;&nbsp;&nbsp;ADC_COMP_IRQHandler
</UL>
<BR>[Called By]<UL><LI><a href="#[10]">&gt;&gt;</a>&nbsp;&nbsp;&nbsp;ADC_COMP_IRQHandler
</UL>
<BR>[Address Reference Count : 1]<UL><LI> startup_py32f030xx.o(RESET)
</UL>
<P><STRONG><a name="[9]"></a>FLASH_IRQHandler</STRONG> (Thumb, 0 bytes, Stack size 0 bytes, startup_py32f030xx.o(.text))
<BR>[Address Reference Count : 1]<UL><LI> startup_py32f030xx.o(RESET)
</UL>
<P><STRONG><a name="[18]"></a>I2C1_IRQHandler</STRONG> (Thumb, 0 bytes, Stack size 0 bytes, startup_py32f030xx.o(.text))
<BR>[Address Reference Count : 1]<UL><LI> startup_py32f030xx.o(RESET)
</UL>
<P><STRONG><a name="[1d]"></a>LED_IRQHandler</STRONG> (Thumb, 0 bytes, Stack size 0 bytes, startup_py32f030xx.o(.text))
<BR>[Address Reference Count : 1]<UL><LI> startup_py32f030xx.o(RESET)
</UL>
<P><STRONG><a name="[14]"></a>LPTIM1_IRQHandler</STRONG> (Thumb, 0 bytes, Stack size 0 bytes, startup_py32f030xx.o(.text))
<BR>[Address Reference Count : 1]<UL><LI> startup_py32f030xx.o(RESET)
</UL>
<P><STRONG><a name="[7]"></a>PVD_IRQHandler</STRONG> (Thumb, 0 bytes, Stack size 0 bytes, startup_py32f030xx.o(.text))
<BR>[Address Reference Count : 1]<UL><LI> startup_py32f030xx.o(RESET)
</UL>
<P><STRONG><a name="[a]"></a>RCC_IRQHandler</STRONG> (Thumb, 0 bytes, Stack size 0 bytes, startup_py32f030xx.o(.text))
<BR>[Address Reference Count : 1]<UL><LI> startup_py32f030xx.o(RESET)
</UL>
<P><STRONG><a name="[8]"></a>RTC_IRQHandler</STRONG> (Thumb, 0 bytes, Stack size 0 bytes, startup_py32f030xx.o(.text))
<BR>[Address Reference Count : 1]<UL><LI> startup_py32f030xx.o(RESET)
</UL>
<P><STRONG><a name="[19]"></a>SPI1_IRQHandler</STRONG> (Thumb, 0 bytes, Stack size 0 bytes, startup_py32f030xx.o(.text))
<BR>[Address Reference Count : 1]<UL><LI> startup_py32f030xx.o(RESET)
</UL>
<P><STRONG><a name="[1a]"></a>SPI2_IRQHandler</STRONG> (Thumb, 0 bytes, Stack size 0 bytes, startup_py32f030xx.o(.text))
<BR>[Address Reference Count : 1]<UL><LI> startup_py32f030xx.o(RESET)
</UL>
<P><STRONG><a name="[12]"></a>TIM1_CC_IRQHandler</STRONG> (Thumb, 0 bytes, Stack size 0 bytes, startup_py32f030xx.o(.text))
<BR>[Address Reference Count : 1]<UL><LI> startup_py32f030xx.o(RESET)
</UL>
<P><STRONG><a name="[6]"></a>WWDG_IRQHandler</STRONG> (Thumb, 0 bytes, Stack size 0 bytes, startup_py32f030xx.o(.text))
<BR>[Address Reference Count : 1]<UL><LI> startup_py32f030xx.o(RESET)
</UL>
<P><STRONG><a name="[cd]"></a>__aeabi_uidiv</STRONG> (Thumb, 0 bytes, Stack size 12 bytes, uidiv.o(.text), UNUSED)

<P><STRONG><a name="[8c]"></a>__aeabi_uidivmod</STRONG> (Thumb, 44 bytes, Stack size 12 bytes, uidiv.o(.text))
<BR><BR>[Stack]<UL><LI>Max Depth = 12<LI>Call Chain = __aeabi_uidivmod
</UL>
<BR>[Called By]<UL><LI><a href="#[91]">&gt;&gt;</a>&nbsp;&nbsp;&nbsp;LL_USART_SetBaudRate
<LI><a href="#[39]">&gt;&gt;</a>&nbsp;&nbsp;&nbsp;LL_Init1msTick
<LI><a href="#[8d]">&gt;&gt;</a>&nbsp;&nbsp;&nbsp;RCC_GetSystemClockFreq
<LI><a href="#[a0]">&gt;&gt;</a>&nbsp;&nbsp;&nbsp;_printf_core
</UL>

<P><STRONG><a name="[24]"></a>__aeabi_uldivmod</STRONG> (Thumb, 96 bytes, Stack size 48 bytes, uldiv.o(.text))
<BR><BR>[Stack]<UL><LI>Max Depth = 56<LI>Call Chain = __aeabi_uldivmod &rArr; __aeabi_llsr
</UL>
<BR>[Calls]<UL><LI><a href="#[25]">&gt;&gt;</a>&nbsp;&nbsp;&nbsp;__aeabi_llsr
<LI><a href="#[26]">&gt;&gt;</a>&nbsp;&nbsp;&nbsp;__aeabi_llsl
</UL>
<BR>[Called By]<UL><LI><a href="#[66]">&gt;&gt;</a>&nbsp;&nbsp;&nbsp;HW_TIM_CalculatePeriod
</UL>

<P><STRONG><a name="[28]"></a>__aeabi_memset</STRONG> (Thumb, 14 bytes, Stack size 0 bytes, memseta.o(.text), UNUSED)
<BR><BR>[Called By]<UL><LI><a href="#[29]">&gt;&gt;</a>&nbsp;&nbsp;&nbsp;_memset$wrapper
<LI><a href="#[27]">&gt;&gt;</a>&nbsp;&nbsp;&nbsp;__aeabi_memclr
</UL>

<P><STRONG><a name="[ce]"></a>__aeabi_memset4</STRONG> (Thumb, 0 bytes, Stack size 0 bytes, memseta.o(.text), UNUSED)

<P><STRONG><a name="[cf]"></a>__aeabi_memset8</STRONG> (Thumb, 0 bytes, Stack size 0 bytes, memseta.o(.text), UNUSED)

<P><STRONG><a name="[27]"></a>__aeabi_memclr</STRONG> (Thumb, 4 bytes, Stack size 0 bytes, memseta.o(.text), UNUSED)
<BR><BR>[Calls]<UL><LI><a href="#[28]">&gt;&gt;</a>&nbsp;&nbsp;&nbsp;__aeabi_memset
</UL>

<P><STRONG><a name="[4b]"></a>__aeabi_memclr4</STRONG> (Thumb, 0 bytes, Stack size 0 bytes, memseta.o(.text))
<BR><BR>[Called By]<UL><LI><a href="#[81]">&gt;&gt;</a>&nbsp;&nbsp;&nbsp;HW_UART_init
<LI><a href="#[77]">&gt;&gt;</a>&nbsp;&nbsp;&nbsp;HW_UART_InitGPIOAlternate
<LI><a href="#[63]">&gt;&gt;</a>&nbsp;&nbsp;&nbsp;HW_TIM_COUNT_IT_init
<LI><a href="#[34]">&gt;&gt;</a>&nbsp;&nbsp;&nbsp;HW_GPIO_OUT_init
<LI><a href="#[4f]">&gt;&gt;</a>&nbsp;&nbsp;&nbsp;HW_GPIO_INPUT_init
<LI><a href="#[4a]">&gt;&gt;</a>&nbsp;&nbsp;&nbsp;HW_GPIO_INPUT_IT_init
</UL>

<P><STRONG><a name="[d0]"></a>__aeabi_memclr8</STRONG> (Thumb, 0 bytes, Stack size 0 bytes, memseta.o(.text), UNUSED)

<P><STRONG><a name="[29]"></a>_memset$wrapper</STRONG> (Thumb, 18 bytes, Stack size 8 bytes, memseta.o(.text), UNUSED)
<BR><BR>[Calls]<UL><LI><a href="#[28]">&gt;&gt;</a>&nbsp;&nbsp;&nbsp;__aeabi_memset
</UL>

<P><STRONG><a name="[26]"></a>__aeabi_llsl</STRONG> (Thumb, 32 bytes, Stack size 8 bytes, llshl.o(.text))
<BR><BR>[Stack]<UL><LI>Max Depth = 8<LI>Call Chain = __aeabi_llsl
</UL>
<BR>[Called By]<UL><LI><a href="#[24]">&gt;&gt;</a>&nbsp;&nbsp;&nbsp;__aeabi_uldivmod
</UL>

<P><STRONG><a name="[d1]"></a>_ll_shift_l</STRONG> (Thumb, 0 bytes, Stack size 8 bytes, llshl.o(.text), UNUSED)

<P><STRONG><a name="[25]"></a>__aeabi_llsr</STRONG> (Thumb, 34 bytes, Stack size 8 bytes, llushr.o(.text))
<BR><BR>[Stack]<UL><LI>Max Depth = 8<LI>Call Chain = __aeabi_llsr
</UL>
<BR>[Called By]<UL><LI><a href="#[24]">&gt;&gt;</a>&nbsp;&nbsp;&nbsp;__aeabi_uldivmod
</UL>

<P><STRONG><a name="[d2]"></a>_ll_ushift_r</STRONG> (Thumb, 0 bytes, Stack size 8 bytes, llushr.o(.text), UNUSED)

<P><STRONG><a name="[23]"></a>__scatterload</STRONG> (Thumb, 28 bytes, Stack size 0 bytes, init.o(.text))
<BR><BR>[Calls]<UL><LI><a href="#[2a]">&gt;&gt;</a>&nbsp;&nbsp;&nbsp;__main_after_scatterload
</UL>
<BR>[Called By]<UL><LI><a href="#[22]">&gt;&gt;</a>&nbsp;&nbsp;&nbsp;_main_scatterload
</UL>

<P><STRONG><a name="[d3]"></a>__scatterload_rt2</STRONG> (Thumb, 0 bytes, Stack size 0 bytes, init.o(.text), UNUSED)

<P><STRONG><a name="[1e]"></a>main</STRONG> (Thumb, 44 bytes, Stack size 16 bytes, system_py32f0xx.o(i.$Sub$$main))
<BR><BR>[Stack]<UL><LI>Max Depth = 352<LI>Call Chain = main &rArr; $Super$$main &rArr; app_main_init &rArr; mag_task_init &rArr; mag_tick_init &rArr; HW_TIM_COUNT_IT_init &rArr; HW_TIM_CalculatePeriod &rArr; __aeabi_uldivmod &rArr; __aeabi_llsr
</UL>
<BR>[Calls]<UL><LI><a href="#[2b]">&gt;&gt;</a>&nbsp;&nbsp;&nbsp;$Super$$main
</UL>
<BR>[Address Reference Count : 1]<UL><LI> entry9a.o(.ARM.Collect$$$$0000000B)
</UL>
<P><STRONG><a name="[a9]"></a>APP_Comm_init</STRONG> (Thumb, 4 bytes, Stack size 0 bytes, app_comm.o(i.APP_Comm_init))
<BR><BR>[Called By]<UL><LI><a href="#[a7]">&gt;&gt;</a>&nbsp;&nbsp;&nbsp;app_main_init
</UL>

<P><STRONG><a name="[2c]"></a>APP_INPUT_KEY1</STRONG> (Thumb, 62 bytes, Stack size 8 bytes, app_input.o(i.APP_INPUT_KEY1))
<BR><BR>[Stack]<UL><LI>Max Depth = 36<LI>Call Chain = APP_INPUT_KEY1 &rArr; SERVER_KEY_FSM_ALL_STATE &rArr; HW_GPIO_Get_SingleKey
</UL>
<BR>[Calls]<UL><LI><a href="#[2d]">&gt;&gt;</a>&nbsp;&nbsp;&nbsp;SERVER_KEY_FSM_ALL_STATE
<LI><a href="#[2f]">&gt;&gt;</a>&nbsp;&nbsp;&nbsp;APP_Output_LED2
<LI><a href="#[2e]">&gt;&gt;</a>&nbsp;&nbsp;&nbsp;APP_Output_LED1
</UL>
<BR>[Called By]<UL><LI><a href="#[a3]">&gt;&gt;</a>&nbsp;&nbsp;&nbsp;app_key_fsm_schedule_task
</UL>

<P><STRONG><a name="[30]"></a>APP_Input_init</STRONG> (Thumb, 18 bytes, Stack size 8 bytes, app_input.o(i.APP_Input_init))
<BR><BR>[Stack]<UL><LI>Max Depth = 100<LI>Call Chain = APP_Input_init &rArr; SERVER_KEY_FSM_init &rArr; SERVER_KEY_FSM_Get_Default_State &rArr; HW_GPIO_INPUT_init &rArr; LL_GPIO_Init
</UL>
<BR>[Calls]<UL><LI><a href="#[31]">&gt;&gt;</a>&nbsp;&nbsp;&nbsp;SERVER_KEY_FSM_init
</UL>
<BR>[Called By]<UL><LI><a href="#[a7]">&gt;&gt;</a>&nbsp;&nbsp;&nbsp;app_main_init
</UL>

<P><STRONG><a name="[2e]"></a>APP_Output_LED1</STRONG> (Thumb, 42 bytes, Stack size 8 bytes, app_output.o(i.APP_Output_LED1))
<BR><BR>[Stack]<UL><LI>Max Depth = 20<LI>Call Chain = APP_Output_LED1 &rArr; HW_GPIO_SET_Pin
</UL>
<BR>[Calls]<UL><LI><a href="#[32]">&gt;&gt;</a>&nbsp;&nbsp;&nbsp;HW_GPIO_SET_Pin
</UL>
<BR>[Called By]<UL><LI><a href="#[a5]">&gt;&gt;</a>&nbsp;&nbsp;&nbsp;app_main
<LI><a href="#[2c]">&gt;&gt;</a>&nbsp;&nbsp;&nbsp;APP_INPUT_KEY1
</UL>

<P><STRONG><a name="[2f]"></a>APP_Output_LED2</STRONG> (Thumb, 42 bytes, Stack size 8 bytes, app_output.o(i.APP_Output_LED2))
<BR><BR>[Stack]<UL><LI>Max Depth = 20<LI>Call Chain = APP_Output_LED2 &rArr; HW_GPIO_SET_Pin
</UL>
<BR>[Calls]<UL><LI><a href="#[32]">&gt;&gt;</a>&nbsp;&nbsp;&nbsp;HW_GPIO_SET_Pin
</UL>
<BR>[Called By]<UL><LI><a href="#[a5]">&gt;&gt;</a>&nbsp;&nbsp;&nbsp;app_main
<LI><a href="#[2c]">&gt;&gt;</a>&nbsp;&nbsp;&nbsp;APP_INPUT_KEY1
</UL>

<P><STRONG><a name="[33]"></a>APP_Output_init</STRONG> (Thumb, 34 bytes, Stack size 8 bytes, app_output.o(i.APP_Output_init))
<BR><BR>[Stack]<UL><LI>Max Depth = 240<LI>Call Chain = APP_Output_init &rArr; HW_GPIO_OUT_init &rArr; HW_UART_Send &rArr; HW_UART_WaitFlag
</UL>
<BR>[Calls]<UL><LI><a href="#[34]">&gt;&gt;</a>&nbsp;&nbsp;&nbsp;HW_GPIO_OUT_init
</UL>
<BR>[Called By]<UL><LI><a href="#[a7]">&gt;&gt;</a>&nbsp;&nbsp;&nbsp;app_main_init
</UL>

<P><STRONG><a name="[35]"></a>APP_SystemClockConfig</STRONG> (Thumb, 396 bytes, Stack size 8 bytes, system_init.o(i.APP_SystemClockConfig))
<BR><BR>[Stack]<UL><LI>Max Depth = 36<LI>Call Chain = APP_SystemClockConfig &rArr; LL_Init1msTick &rArr; __aeabi_uidivmod
</UL>
<BR>[Calls]<UL><LI><a href="#[3a]">&gt;&gt;</a>&nbsp;&nbsp;&nbsp;LL_SetSystemCoreClock
<LI><a href="#[39]">&gt;&gt;</a>&nbsp;&nbsp;&nbsp;LL_Init1msTick
<LI><a href="#[37]">&gt;&gt;</a>&nbsp;&nbsp;&nbsp;LL_RCC_SetSysClkSource
<LI><a href="#[36]">&gt;&gt;</a>&nbsp;&nbsp;&nbsp;LL_RCC_HSI_SetCalibFreq
<LI><a href="#[38]">&gt;&gt;</a>&nbsp;&nbsp;&nbsp;LL_RCC_GetSysClkSource
</UL>
<BR>[Called By]<UL><LI><a href="#[2b]">&gt;&gt;</a>&nbsp;&nbsp;&nbsp;$Super$$main
<LI><a href="#[52]">&gt;&gt;</a>&nbsp;&nbsp;&nbsp;HW_LowPower_Enter
</UL>

<P><STRONG><a name="[e]"></a>DMA1_Channel1_IRQHandler</STRONG> (Thumb, 138 bytes, Stack size 8 bytes, spi_init.o(i.DMA1_Channel1_IRQHandler))
<BR><BR>[Stack]<UL><LI>Max Depth = 24<LI>Call Chain = DMA1_Channel1_IRQHandler &rArr; HW_SPI_FinishTransfer &rArr; LL_DMA_DisableChannel
</UL>
<BR>[Calls]<UL><LI><a href="#[40]">&gt;&gt;</a>&nbsp;&nbsp;&nbsp;SPI_DmaTxIRQCallback
<LI><a href="#[3b]">&gt;&gt;</a>&nbsp;&nbsp;&nbsp;LL_DMA_IsEnabledIT_TE
<LI><a href="#[3f]">&gt;&gt;</a>&nbsp;&nbsp;&nbsp;LL_DMA_IsEnabledIT_TC
<LI><a href="#[3d]">&gt;&gt;</a>&nbsp;&nbsp;&nbsp;LL_DMA_DisableIT_TE
<LI><a href="#[3c]">&gt;&gt;</a>&nbsp;&nbsp;&nbsp;LL_DMA_DisableIT_TC
<LI><a href="#[3e]">&gt;&gt;</a>&nbsp;&nbsp;&nbsp;HW_SPI_FinishTransfer
</UL>
<BR>[Address Reference Count : 1]<UL><LI> startup_py32f030xx.o(RESET)
</UL>
<P><STRONG><a name="[f]"></a>DMA1_Channel2_3_IRQHandler</STRONG> (Thumb, 8 bytes, Stack size 8 bytes, spi_init.o(i.DMA1_Channel2_3_IRQHandler))
<BR><BR>[Stack]<UL><LI>Max Depth = 32<LI>Call Chain = DMA1_Channel2_3_IRQHandler &rArr; SPI_DmaSpiRxIRQCallback &rArr; HW_SPI_FinishTransfer &rArr; LL_DMA_DisableChannel
</UL>
<BR>[Calls]<UL><LI><a href="#[41]">&gt;&gt;</a>&nbsp;&nbsp;&nbsp;SPI_DmaSpiRxIRQCallback
</UL>
<BR>[Address Reference Count : 1]<UL><LI> startup_py32f030xx.o(RESET)
</UL>
<P><STRONG><a name="[b]"></a>EXTI0_1_IRQHandler</STRONG> (Thumb, 12 bytes, Stack size 8 bytes, gpio_init.o(i.EXTI0_1_IRQHandler))
<BR><BR>[Stack]<UL><LI>Max Depth = 32<LI>Call Chain = EXTI0_1_IRQHandler &rArr; HW_GPIO_EXTI_IRQHandler
</UL>
<BR>[Calls]<UL><LI><a href="#[42]">&gt;&gt;</a>&nbsp;&nbsp;&nbsp;HW_GPIO_EXTI_IRQHandler
</UL>
<BR>[Address Reference Count : 1]<UL><LI> startup_py32f030xx.o(RESET)
</UL>
<P><STRONG><a name="[c]"></a>EXTI2_3_IRQHandler</STRONG> (Thumb, 12 bytes, Stack size 8 bytes, gpio_init.o(i.EXTI2_3_IRQHandler))
<BR><BR>[Stack]<UL><LI>Max Depth = 32<LI>Call Chain = EXTI2_3_IRQHandler &rArr; HW_GPIO_EXTI_IRQHandler
</UL>
<BR>[Calls]<UL><LI><a href="#[42]">&gt;&gt;</a>&nbsp;&nbsp;&nbsp;HW_GPIO_EXTI_IRQHandler
</UL>
<BR>[Address Reference Count : 1]<UL><LI> startup_py32f030xx.o(RESET)
</UL>
<P><STRONG><a name="[d]"></a>EXTI4_15_IRQHandler</STRONG> (Thumb, 12 bytes, Stack size 8 bytes, gpio_init.o(i.EXTI4_15_IRQHandler))
<BR><BR>[Stack]<UL><LI>Max Depth = 32<LI>Call Chain = EXTI4_15_IRQHandler &rArr; HW_GPIO_EXTI_IRQHandler
</UL>
<BR>[Calls]<UL><LI><a href="#[42]">&gt;&gt;</a>&nbsp;&nbsp;&nbsp;HW_GPIO_EXTI_IRQHandler
</UL>
<BR>[Address Reference Count : 1]<UL><LI> startup_py32f030xx.o(RESET)
</UL>
<P><STRONG><a name="[96]"></a>HW_GPIO_Get_SingleKey</STRONG> (Thumb, 72 bytes, Stack size 12 bytes, gpio_init.o(i.HW_GPIO_Get_SingleKey))
<BR><BR>[Stack]<UL><LI>Max Depth = 12<LI>Call Chain = HW_GPIO_Get_SingleKey
</UL>
<BR>[Called By]<UL><LI><a href="#[a7]">&gt;&gt;</a>&nbsp;&nbsp;&nbsp;app_main_init
<LI><a href="#[97]">&gt;&gt;</a>&nbsp;&nbsp;&nbsp;SERVER_KEY_FSM_Get_Default_State
<LI><a href="#[2d]">&gt;&gt;</a>&nbsp;&nbsp;&nbsp;SERVER_KEY_FSM_ALL_STATE
<LI><a href="#[a3]">&gt;&gt;</a>&nbsp;&nbsp;&nbsp;app_key_fsm_schedule_task
</UL>

<P><STRONG><a name="[47]"></a>HW_GPIO_INPUT_IT_Callback</STRONG> (Thumb, 20 bytes, Stack size 0 bytes, app_input.o(i.HW_GPIO_INPUT_IT_Callback))
<BR><BR>[Called By]<UL><LI><a href="#[42]">&gt;&gt;</a>&nbsp;&nbsp;&nbsp;HW_GPIO_EXTI_IRQHandler
</UL>

<P><STRONG><a name="[4a]"></a>HW_GPIO_INPUT_IT_init</STRONG> (Thumb, 322 bytes, Stack size 72 bytes, gpio_init.o(i.HW_GPIO_INPUT_IT_init))
<BR><BR>[Stack]<UL><LI>Max Depth = 92<LI>Call Chain = HW_GPIO_INPUT_IT_init &rArr; LL_GPIO_Init
</UL>
<BR>[Calls]<UL><LI><a href="#[4d]">&gt;&gt;</a>&nbsp;&nbsp;&nbsp;LL_GPIO_Init
<LI><a href="#[46]">&gt;&gt;</a>&nbsp;&nbsp;&nbsp;LL_EXTI_ClearFlag
<LI><a href="#[4c]">&gt;&gt;</a>&nbsp;&nbsp;&nbsp;HW_GPIO_FindEXTIMap
<LI><a href="#[48]">&gt;&gt;</a>&nbsp;&nbsp;&nbsp;HW_GPIO_EnableClock
<LI><a href="#[43]">&gt;&gt;</a>&nbsp;&nbsp;&nbsp;HW_GPIO_ConfigEXTITrigger
<LI><a href="#[4e]">&gt;&gt;</a>&nbsp;&nbsp;&nbsp;NVIC_SetPriority
<LI><a href="#[4b]">&gt;&gt;</a>&nbsp;&nbsp;&nbsp;__aeabi_memclr4
</UL>
<BR>[Called By]<UL><LI><a href="#[a7]">&gt;&gt;</a>&nbsp;&nbsp;&nbsp;app_main_init
<LI><a href="#[52]">&gt;&gt;</a>&nbsp;&nbsp;&nbsp;HW_LowPower_Enter
</UL>

<P><STRONG><a name="[4f]"></a>HW_GPIO_INPUT_init</STRONG> (Thumb, 116 bytes, Stack size 40 bytes, gpio_init.o(i.HW_GPIO_INPUT_init))
<BR><BR>[Stack]<UL><LI>Max Depth = 60<LI>Call Chain = HW_GPIO_INPUT_init &rArr; LL_GPIO_Init
</UL>
<BR>[Calls]<UL><LI><a href="#[4d]">&gt;&gt;</a>&nbsp;&nbsp;&nbsp;LL_GPIO_Init
<LI><a href="#[48]">&gt;&gt;</a>&nbsp;&nbsp;&nbsp;HW_GPIO_EnableClock
<LI><a href="#[4b]">&gt;&gt;</a>&nbsp;&nbsp;&nbsp;__aeabi_memclr4
</UL>
<BR>[Called By]<UL><LI><a href="#[97]">&gt;&gt;</a>&nbsp;&nbsp;&nbsp;SERVER_KEY_FSM_Get_Default_State
</UL>

<P><STRONG><a name="[34]"></a>HW_GPIO_OUT_init</STRONG> (Thumb, 164 bytes, Stack size 184 bytes, gpio_init.o(i.HW_GPIO_OUT_init))
<BR><BR>[Stack]<UL><LI>Max Depth = 232<LI>Call Chain = HW_GPIO_OUT_init &rArr; HW_UART_Send &rArr; HW_UART_WaitFlag
</UL>
<BR>[Calls]<UL><LI><a href="#[4d]">&gt;&gt;</a>&nbsp;&nbsp;&nbsp;LL_GPIO_Init
<LI><a href="#[48]">&gt;&gt;</a>&nbsp;&nbsp;&nbsp;HW_GPIO_EnableClock
<LI><a href="#[51]">&gt;&gt;</a>&nbsp;&nbsp;&nbsp;HW_UART_Send
<LI><a href="#[50]">&gt;&gt;</a>&nbsp;&nbsp;&nbsp;__2snprintf
<LI><a href="#[4b]">&gt;&gt;</a>&nbsp;&nbsp;&nbsp;__aeabi_memclr4
</UL>
<BR>[Called By]<UL><LI><a href="#[33]">&gt;&gt;</a>&nbsp;&nbsp;&nbsp;APP_Output_init
</UL>

<P><STRONG><a name="[32]"></a>HW_GPIO_SET_Pin</STRONG> (Thumb, 88 bytes, Stack size 12 bytes, gpio_init.o(i.HW_GPIO_SET_Pin))
<BR><BR>[Stack]<UL><LI>Max Depth = 12<LI>Call Chain = HW_GPIO_SET_Pin
</UL>
<BR>[Called By]<UL><LI><a href="#[2f]">&gt;&gt;</a>&nbsp;&nbsp;&nbsp;APP_Output_LED2
<LI><a href="#[2e]">&gt;&gt;</a>&nbsp;&nbsp;&nbsp;APP_Output_LED1
</UL>

<P><STRONG><a name="[52]"></a>HW_LowPower_Enter</STRONG> (Thumb, 300 bytes, Stack size 16 bytes, lowpower.o(i.HW_LowPower_Enter))
<BR><BR>[Stack]<UL><LI>Max Depth = 108<LI>Call Chain = HW_LowPower_Enter &rArr; HW_GPIO_INPUT_IT_init &rArr; LL_GPIO_Init
</UL>
<BR>[Calls]<UL><LI><a href="#[35]">&gt;&gt;</a>&nbsp;&nbsp;&nbsp;APP_SystemClockConfig
<LI><a href="#[4a]">&gt;&gt;</a>&nbsp;&nbsp;&nbsp;HW_GPIO_INPUT_IT_init
<LI><a href="#[55]">&gt;&gt;</a>&nbsp;&nbsp;&nbsp;HW_LowPower_RestoreCallback
<LI><a href="#[53]">&gt;&gt;</a>&nbsp;&nbsp;&nbsp;HW_LowPower_PrepareCallback
<LI><a href="#[59]">&gt;&gt;</a>&nbsp;&nbsp;&nbsp;lowpower_suspend_timers
<LI><a href="#[58]">&gt;&gt;</a>&nbsp;&nbsp;&nbsp;lowpower_suspend_peripherals
<LI><a href="#[5f]">&gt;&gt;</a>&nbsp;&nbsp;&nbsp;lowpower_resume_timers
<LI><a href="#[5e]">&gt;&gt;</a>&nbsp;&nbsp;&nbsp;lowpower_resume_peripherals
<LI><a href="#[57]">&gt;&gt;</a>&nbsp;&nbsp;&nbsp;lowpower_restore_adc
<LI><a href="#[54]">&gt;&gt;</a>&nbsp;&nbsp;&nbsp;lowpower_prepare_adc
<LI><a href="#[56]">&gt;&gt;</a>&nbsp;&nbsp;&nbsp;lowpower_peripheral_is_busy
<LI><a href="#[5c]">&gt;&gt;</a>&nbsp;&nbsp;&nbsp;lowpower_configure_stop_mode
<LI><a href="#[5d]">&gt;&gt;</a>&nbsp;&nbsp;&nbsp;LL_PWR_SetRegulVoltageScaling
<LI><a href="#[5a]">&gt;&gt;</a>&nbsp;&nbsp;&nbsp;LL_APB1_GRP1_IsEnabledClock
<LI><a href="#[5b]">&gt;&gt;</a>&nbsp;&nbsp;&nbsp;LL_APB1_GRP1_EnableClock
<LI><a href="#[60]">&gt;&gt;</a>&nbsp;&nbsp;&nbsp;LL_APB1_GRP1_DisableClock
</UL>
<BR>[Called By]<UL><LI><a href="#[a5]">&gt;&gt;</a>&nbsp;&nbsp;&nbsp;app_main
</UL>

<P><STRONG><a name="[53]"></a>HW_LowPower_PrepareCallback</STRONG> (Thumb, 4 bytes, Stack size 0 bytes, lowpower.o(i.HW_LowPower_PrepareCallback))
<BR><BR>[Called By]<UL><LI><a href="#[52]">&gt;&gt;</a>&nbsp;&nbsp;&nbsp;HW_LowPower_Enter
</UL>

<P><STRONG><a name="[55]"></a>HW_LowPower_RestoreCallback</STRONG> (Thumb, 2 bytes, Stack size 0 bytes, lowpower.o(i.HW_LowPower_RestoreCallback))
<BR><BR>[Called By]<UL><LI><a href="#[52]">&gt;&gt;</a>&nbsp;&nbsp;&nbsp;HW_LowPower_Enter
</UL>

<P><STRONG><a name="[63]"></a>HW_TIM_COUNT_IT_init</STRONG> (Thumb, 214 bytes, Stack size 64 bytes, tim_init.o(i.HW_TIM_COUNT_IT_init))
<BR><BR>[Stack]<UL><LI>Max Depth = 176<LI>Call Chain = HW_TIM_COUNT_IT_init &rArr; HW_TIM_CalculatePeriod &rArr; __aeabi_uldivmod &rArr; __aeabi_llsr
</UL>
<BR>[Calls]<UL><LI><a href="#[65]">&gt;&gt;</a>&nbsp;&nbsp;&nbsp;LL_RCC_GetSystemClocksFreq
<LI><a href="#[69]">&gt;&gt;</a>&nbsp;&nbsp;&nbsp;LL_TIM_Init
<LI><a href="#[6b]">&gt;&gt;</a>&nbsp;&nbsp;&nbsp;NVIC_SetPriority
<LI><a href="#[6a]">&gt;&gt;</a>&nbsp;&nbsp;&nbsp;LL_TIM_GenerateEvent_UPDATE
<LI><a href="#[6c]">&gt;&gt;</a>&nbsp;&nbsp;&nbsp;LL_TIM_EnableCounter
<LI><a href="#[67]">&gt;&gt;</a>&nbsp;&nbsp;&nbsp;LL_TIM_DisableCounter
<LI><a href="#[68]">&gt;&gt;</a>&nbsp;&nbsp;&nbsp;LL_TIM_ClearFlag_UPDATE
<LI><a href="#[64]">&gt;&gt;</a>&nbsp;&nbsp;&nbsp;HW_TIM_EnableClockAndGetIRQ
<LI><a href="#[66]">&gt;&gt;</a>&nbsp;&nbsp;&nbsp;HW_TIM_CalculatePeriod
<LI><a href="#[4b]">&gt;&gt;</a>&nbsp;&nbsp;&nbsp;__aeabi_memclr4
</UL>
<BR>[Called By]<UL><LI><a href="#[c5]">&gt;&gt;</a>&nbsp;&nbsp;&nbsp;mag_tick_init
</UL>

<P><STRONG><a name="[7f]"></a>HW_UART_RX_IT_Callback</STRONG> (Thumb, 8 bytes, Stack size 0 bytes, app_main.o(i.HW_UART_RX_IT_Callback))
<BR><BR>[Called By]<UL><LI><a href="#[78]">&gt;&gt;</a>&nbsp;&nbsp;&nbsp;HW_UART_ReceiveIRQHandler
</UL>

<P><STRONG><a name="[51]"></a>HW_UART_Send</STRONG> (Thumb, 92 bytes, Stack size 40 bytes, usart_init.o(i.HW_UART_Send))
<BR><BR>[Stack]<UL><LI>Max Depth = 48<LI>Call Chain = HW_UART_Send &rArr; HW_UART_WaitFlag
</UL>
<BR>[Calls]<UL><LI><a href="#[80]">&gt;&gt;</a>&nbsp;&nbsp;&nbsp;HW_UART_WaitFlag
</UL>
<BR>[Called By]<UL><LI><a href="#[34]">&gt;&gt;</a>&nbsp;&nbsp;&nbsp;HW_GPIO_OUT_init
<LI><a href="#[a8]">&gt;&gt;</a>&nbsp;&nbsp;&nbsp;mag_task_init
<LI><a href="#[92]">&gt;&gt;</a>&nbsp;&nbsp;&nbsp;Log_init
</UL>

<P><STRONG><a name="[81]"></a>HW_UART_init</STRONG> (Thumb, 274 bytes, Stack size 88 bytes, usart_init.o(i.HW_UART_init))
<BR><BR>[Stack]<UL><LI>Max Depth = 180<LI>Call Chain = HW_UART_init &rArr; LL_USART_Init &rArr; LL_USART_SetBaudRate &rArr; __aeabi_uidivmod
</UL>
<BR>[Calls]<UL><LI><a href="#[84]">&gt;&gt;</a>&nbsp;&nbsp;&nbsp;LL_USART_Init
<LI><a href="#[86]">&gt;&gt;</a>&nbsp;&nbsp;&nbsp;HW_UART_ResetRxOnce
<LI><a href="#[85]">&gt;&gt;</a>&nbsp;&nbsp;&nbsp;HW_UART_ResetRxBuffer
<LI><a href="#[77]">&gt;&gt;</a>&nbsp;&nbsp;&nbsp;HW_UART_InitGPIOAlternate
<LI><a href="#[82]">&gt;&gt;</a>&nbsp;&nbsp;&nbsp;HW_UART_FindPinConfigs
<LI><a href="#[71]">&gt;&gt;</a>&nbsp;&nbsp;&nbsp;HW_UART_EnableReceiveIT
<LI><a href="#[83]">&gt;&gt;</a>&nbsp;&nbsp;&nbsp;HW_UART_EnableClock
<LI><a href="#[4b]">&gt;&gt;</a>&nbsp;&nbsp;&nbsp;__aeabi_memclr4
</UL>
<BR>[Called By]<UL><LI><a href="#[92]">&gt;&gt;</a>&nbsp;&nbsp;&nbsp;Log_init
</UL>

<P><STRONG><a name="[2]"></a>HardFault_Handler</STRONG> (Thumb, 4 bytes, Stack size 0 bytes, py32f0xx_it.o(i.HardFault_Handler))
<BR>[Address Reference Count : 1]<UL><LI> startup_py32f030xx.o(RESET)
</UL>
<P><STRONG><a name="[4d]"></a>LL_GPIO_Init</STRONG> (Thumb, 250 bytes, Stack size 20 bytes, py32f0xx_ll_gpio.o(i.LL_GPIO_Init))
<BR><BR>[Stack]<UL><LI>Max Depth = 20<LI>Call Chain = LL_GPIO_Init
</UL>
<BR>[Called By]<UL><LI><a href="#[77]">&gt;&gt;</a>&nbsp;&nbsp;&nbsp;HW_UART_InitGPIOAlternate
<LI><a href="#[34]">&gt;&gt;</a>&nbsp;&nbsp;&nbsp;HW_GPIO_OUT_init
<LI><a href="#[4f]">&gt;&gt;</a>&nbsp;&nbsp;&nbsp;HW_GPIO_INPUT_init
<LI><a href="#[4a]">&gt;&gt;</a>&nbsp;&nbsp;&nbsp;HW_GPIO_INPUT_IT_init
</UL>

<P><STRONG><a name="[39]"></a>LL_Init1msTick</STRONG> (Thumb, 34 bytes, Stack size 16 bytes, py32f0xx_ll_utils.o(i.LL_Init1msTick))
<BR><BR>[Stack]<UL><LI>Max Depth = 28<LI>Call Chain = LL_Init1msTick &rArr; __aeabi_uidivmod
</UL>
<BR>[Calls]<UL><LI><a href="#[8c]">&gt;&gt;</a>&nbsp;&nbsp;&nbsp;__aeabi_uidivmod
</UL>
<BR>[Called By]<UL><LI><a href="#[35]">&gt;&gt;</a>&nbsp;&nbsp;&nbsp;APP_SystemClockConfig
</UL>

<P><STRONG><a name="[65]"></a>LL_RCC_GetSystemClocksFreq</STRONG> (Thumb, 28 bytes, Stack size 8 bytes, py32f0xx_ll_rcc.o(i.LL_RCC_GetSystemClocksFreq))
<BR><BR>[Stack]<UL><LI>Max Depth = 40<LI>Call Chain = LL_RCC_GetSystemClocksFreq &rArr; RCC_GetSystemClockFreq &rArr; RCC_PLL_GetFreqDomain_SYS
</UL>
<BR>[Calls]<UL><LI><a href="#[8d]">&gt;&gt;</a>&nbsp;&nbsp;&nbsp;RCC_GetSystemClockFreq
<LI><a href="#[8f]">&gt;&gt;</a>&nbsp;&nbsp;&nbsp;RCC_GetPCLK1ClockFreq
<LI><a href="#[8e]">&gt;&gt;</a>&nbsp;&nbsp;&nbsp;RCC_GetHCLKClockFreq
</UL>
<BR>[Called By]<UL><LI><a href="#[84]">&gt;&gt;</a>&nbsp;&nbsp;&nbsp;LL_USART_Init
<LI><a href="#[63]">&gt;&gt;</a>&nbsp;&nbsp;&nbsp;HW_TIM_COUNT_IT_init
</UL>

<P><STRONG><a name="[3a]"></a>LL_SetSystemCoreClock</STRONG> (Thumb, 6 bytes, Stack size 0 bytes, py32f0xx_ll_utils.o(i.LL_SetSystemCoreClock))
<BR><BR>[Called By]<UL><LI><a href="#[35]">&gt;&gt;</a>&nbsp;&nbsp;&nbsp;APP_SystemClockConfig
</UL>

<P><STRONG><a name="[69]"></a>LL_TIM_Init</STRONG> (Thumb, 130 bytes, Stack size 8 bytes, py32f0xx_ll_tim.o(i.LL_TIM_Init))
<BR><BR>[Stack]<UL><LI>Max Depth = 8<LI>Call Chain = LL_TIM_Init
</UL>
<BR>[Called By]<UL><LI><a href="#[63]">&gt;&gt;</a>&nbsp;&nbsp;&nbsp;HW_TIM_COUNT_IT_init
</UL>

<P><STRONG><a name="[84]"></a>LL_USART_Init</STRONG> (Thumb, 120 bytes, Stack size 32 bytes, py32f0xx_ll_usart.o(i.LL_USART_Init))
<BR><BR>[Stack]<UL><LI>Max Depth = 92<LI>Call Chain = LL_USART_Init &rArr; LL_USART_SetBaudRate &rArr; __aeabi_uidivmod
</UL>
<BR>[Calls]<UL><LI><a href="#[65]">&gt;&gt;</a>&nbsp;&nbsp;&nbsp;LL_RCC_GetSystemClocksFreq
<LI><a href="#[91]">&gt;&gt;</a>&nbsp;&nbsp;&nbsp;LL_USART_SetBaudRate
<LI><a href="#[90]">&gt;&gt;</a>&nbsp;&nbsp;&nbsp;LL_USART_IsEnabled
</UL>
<BR>[Called By]<UL><LI><a href="#[81]">&gt;&gt;</a>&nbsp;&nbsp;&nbsp;HW_UART_init
</UL>

<P><STRONG><a name="[c6]"></a>LL_mDelay</STRONG> (Thumb, 46 bytes, Stack size 8 bytes, py32f0xx_ll_utils.o(i.LL_mDelay))
<BR><BR>[Stack]<UL><LI>Max Depth = 8<LI>Call Chain = LL_mDelay
</UL>
<BR>[Called By]<UL><LI><a href="#[2b]">&gt;&gt;</a>&nbsp;&nbsp;&nbsp;$Super$$main
</UL>

<P><STRONG><a name="[92]"></a>Log_init</STRONG> (Thumb, 76 bytes, Stack size 144 bytes, log.o(i.Log_init))
<BR><BR>[Stack]<UL><LI>Max Depth = 324<LI>Call Chain = Log_init &rArr; HW_UART_init &rArr; LL_USART_Init &rArr; LL_USART_SetBaudRate &rArr; __aeabi_uidivmod
</UL>
<BR>[Calls]<UL><LI><a href="#[81]">&gt;&gt;</a>&nbsp;&nbsp;&nbsp;HW_UART_init
<LI><a href="#[51]">&gt;&gt;</a>&nbsp;&nbsp;&nbsp;HW_UART_Send
<LI><a href="#[50]">&gt;&gt;</a>&nbsp;&nbsp;&nbsp;__2snprintf
</UL>
<BR>[Called By]<UL><LI><a href="#[a7]">&gt;&gt;</a>&nbsp;&nbsp;&nbsp;app_main_init
</UL>

<P><STRONG><a name="[1]"></a>NMI_Handler</STRONG> (Thumb, 2 bytes, Stack size 0 bytes, py32f0xx_it.o(i.NMI_Handler))
<BR>[Address Reference Count : 1]<UL><LI> startup_py32f030xx.o(RESET)
</UL>
<P><STRONG><a name="[4]"></a>PendSV_Handler</STRONG> (Thumb, 2 bytes, Stack size 0 bytes, py32f0xx_it.o(i.PendSV_Handler))
<BR>[Address Reference Count : 1]<UL><LI> startup_py32f030xx.o(RESET)
</UL>
<P><STRONG><a name="[8e]"></a>RCC_GetHCLKClockFreq</STRONG> (Thumb, 34 bytes, Stack size 0 bytes, py32f0xx_ll_rcc.o(i.RCC_GetHCLKClockFreq))
<BR><BR>[Called By]<UL><LI><a href="#[65]">&gt;&gt;</a>&nbsp;&nbsp;&nbsp;LL_RCC_GetSystemClocksFreq
</UL>

<P><STRONG><a name="[8f]"></a>RCC_GetPCLK1ClockFreq</STRONG> (Thumb, 32 bytes, Stack size 0 bytes, py32f0xx_ll_rcc.o(i.RCC_GetPCLK1ClockFreq))
<BR><BR>[Called By]<UL><LI><a href="#[65]">&gt;&gt;</a>&nbsp;&nbsp;&nbsp;LL_RCC_GetSystemClocksFreq
</UL>

<P><STRONG><a name="[8d]"></a>RCC_GetSystemClockFreq</STRONG> (Thumb, 112 bytes, Stack size 16 bytes, py32f0xx_ll_rcc.o(i.RCC_GetSystemClockFreq))
<BR><BR>[Stack]<UL><LI>Max Depth = 32<LI>Call Chain = RCC_GetSystemClockFreq &rArr; RCC_PLL_GetFreqDomain_SYS
</UL>
<BR>[Calls]<UL><LI><a href="#[94]">&gt;&gt;</a>&nbsp;&nbsp;&nbsp;RCC_PLL_GetFreqDomain_SYS
<LI><a href="#[93]">&gt;&gt;</a>&nbsp;&nbsp;&nbsp;LL_RCC_GetSysClkSource
<LI><a href="#[8c]">&gt;&gt;</a>&nbsp;&nbsp;&nbsp;__aeabi_uidivmod
</UL>
<BR>[Called By]<UL><LI><a href="#[65]">&gt;&gt;</a>&nbsp;&nbsp;&nbsp;LL_RCC_GetSystemClocksFreq
</UL>

<P><STRONG><a name="[94]"></a>RCC_PLL_GetFreqDomain_SYS</STRONG> (Thumb, 42 bytes, Stack size 16 bytes, py32f0xx_ll_rcc.o(i.RCC_PLL_GetFreqDomain_SYS))
<BR><BR>[Stack]<UL><LI>Max Depth = 16<LI>Call Chain = RCC_PLL_GetFreqDomain_SYS
</UL>
<BR>[Calls]<UL><LI><a href="#[95]">&gt;&gt;</a>&nbsp;&nbsp;&nbsp;LL_RCC_HSI_GetFreq
</UL>
<BR>[Called By]<UL><LI><a href="#[8d]">&gt;&gt;</a>&nbsp;&nbsp;&nbsp;RCC_GetSystemClockFreq
</UL>

<P><STRONG><a name="[2d]"></a>SERVER_KEY_FSM_ALL_STATE</STRONG> (Thumb, 264 bytes, Stack size 16 bytes, key_fsm.o(i.SERVER_KEY_FSM_ALL_STATE))
<BR><BR>[Stack]<UL><LI>Max Depth = 28<LI>Call Chain = SERVER_KEY_FSM_ALL_STATE &rArr; HW_GPIO_Get_SingleKey
</UL>
<BR>[Calls]<UL><LI><a href="#[96]">&gt;&gt;</a>&nbsp;&nbsp;&nbsp;HW_GPIO_Get_SingleKey
</UL>
<BR>[Called By]<UL><LI><a href="#[2c]">&gt;&gt;</a>&nbsp;&nbsp;&nbsp;APP_INPUT_KEY1
</UL>

<P><STRONG><a name="[97]"></a>SERVER_KEY_FSM_Get_Default_State</STRONG> (Thumb, 44 bytes, Stack size 16 bytes, key_fsm.o(i.SERVER_KEY_FSM_Get_Default_State))
<BR><BR>[Stack]<UL><LI>Max Depth = 76<LI>Call Chain = SERVER_KEY_FSM_Get_Default_State &rArr; HW_GPIO_INPUT_init &rArr; LL_GPIO_Init
</UL>
<BR>[Calls]<UL><LI><a href="#[4f]">&gt;&gt;</a>&nbsp;&nbsp;&nbsp;HW_GPIO_INPUT_init
<LI><a href="#[96]">&gt;&gt;</a>&nbsp;&nbsp;&nbsp;HW_GPIO_Get_SingleKey
</UL>
<BR>[Called By]<UL><LI><a href="#[31]">&gt;&gt;</a>&nbsp;&nbsp;&nbsp;SERVER_KEY_FSM_init
</UL>

<P><STRONG><a name="[31]"></a>SERVER_KEY_FSM_init</STRONG> (Thumb, 24 bytes, Stack size 16 bytes, key_fsm.o(i.SERVER_KEY_FSM_init))
<BR><BR>[Stack]<UL><LI>Max Depth = 92<LI>Call Chain = SERVER_KEY_FSM_init &rArr; SERVER_KEY_FSM_Get_Default_State &rArr; HW_GPIO_INPUT_init &rArr; LL_GPIO_Init
</UL>
<BR>[Calls]<UL><LI><a href="#[97]">&gt;&gt;</a>&nbsp;&nbsp;&nbsp;SERVER_KEY_FSM_Get_Default_State
</UL>
<BR>[Called By]<UL><LI><a href="#[30]">&gt;&gt;</a>&nbsp;&nbsp;&nbsp;APP_Input_init
</UL>

<P><STRONG><a name="[41]"></a>SPI_DmaSpiRxIRQCallback</STRONG> (Thumb, 128 bytes, Stack size 8 bytes, spi_init.o(i.SPI_DmaSpiRxIRQCallback))
<BR><BR>[Stack]<UL><LI>Max Depth = 24<LI>Call Chain = SPI_DmaSpiRxIRQCallback &rArr; HW_SPI_FinishTransfer &rArr; LL_DMA_DisableChannel
</UL>
<BR>[Calls]<UL><LI><a href="#[3b]">&gt;&gt;</a>&nbsp;&nbsp;&nbsp;LL_DMA_IsEnabledIT_TE
<LI><a href="#[3f]">&gt;&gt;</a>&nbsp;&nbsp;&nbsp;LL_DMA_IsEnabledIT_TC
<LI><a href="#[3d]">&gt;&gt;</a>&nbsp;&nbsp;&nbsp;LL_DMA_DisableIT_TE
<LI><a href="#[3c]">&gt;&gt;</a>&nbsp;&nbsp;&nbsp;LL_DMA_DisableIT_TC
<LI><a href="#[3e]">&gt;&gt;</a>&nbsp;&nbsp;&nbsp;HW_SPI_FinishTransfer
</UL>
<BR>[Called By]<UL><LI><a href="#[f]">&gt;&gt;</a>&nbsp;&nbsp;&nbsp;DMA1_Channel2_3_IRQHandler
</UL>

<P><STRONG><a name="[40]"></a>SPI_DmaTxIRQCallback</STRONG> (Thumb, 2 bytes, Stack size 0 bytes, spi_init.o(i.SPI_DmaTxIRQCallback))
<BR><BR>[Called By]<UL><LI><a href="#[e]">&gt;&gt;</a>&nbsp;&nbsp;&nbsp;DMA1_Channel1_IRQHandler
</UL>

<P><STRONG><a name="[3]"></a>SVC_Handler</STRONG> (Thumb, 2 bytes, Stack size 0 bytes, py32f0xx_it.o(i.SVC_Handler))
<BR>[Address Reference Count : 1]<UL><LI> startup_py32f030xx.o(RESET)
</UL>
<P><STRONG><a name="[5]"></a>SysTick_Handler</STRONG> (Thumb, 2 bytes, Stack size 0 bytes, py32f0xx_it.o(i.SysTick_Handler))
<BR>[Address Reference Count : 1]<UL><LI> startup_py32f030xx.o(RESET)
</UL>
<P><STRONG><a name="[1f]"></a>SystemInit</STRONG> (Thumb, 32 bytes, Stack size 0 bytes, system_py32f0xx.o(i.SystemInit))
<BR>[Address Reference Count : 1]<UL><LI> startup_py32f030xx.o(.text)
</UL>
<P><STRONG><a name="[15]"></a>TIM14_IRQHandler</STRONG> (Thumb, 34 bytes, Stack size 8 bytes, tim_init.o(i.TIM14_IRQHandler))
<BR><BR>[Stack]<UL><LI>Max Depth = 8<LI>Call Chain = TIM14_IRQHandler
</UL>
<BR>[Calls]<UL><LI><a href="#[9a]">&gt;&gt;</a>&nbsp;&nbsp;&nbsp;TIM14_UpdateCallback
<LI><a href="#[99]">&gt;&gt;</a>&nbsp;&nbsp;&nbsp;LL_TIM_IsEnabledIT_UPDATE
<LI><a href="#[98]">&gt;&gt;</a>&nbsp;&nbsp;&nbsp;LL_TIM_IsActiveFlag_UPDATE
<LI><a href="#[68]">&gt;&gt;</a>&nbsp;&nbsp;&nbsp;LL_TIM_ClearFlag_UPDATE
</UL>
<BR>[Address Reference Count : 1]<UL><LI> startup_py32f030xx.o(RESET)
</UL>
<P><STRONG><a name="[9a]"></a>TIM14_UpdateCallback</STRONG> (Thumb, 2 bytes, Stack size 0 bytes, tim_init.o(i.TIM14_UpdateCallback))
<BR><BR>[Called By]<UL><LI><a href="#[15]">&gt;&gt;</a>&nbsp;&nbsp;&nbsp;TIM14_IRQHandler
</UL>

<P><STRONG><a name="[16]"></a>TIM16_IRQHandler</STRONG> (Thumb, 34 bytes, Stack size 8 bytes, tim_init.o(i.TIM16_IRQHandler))
<BR><BR>[Stack]<UL><LI>Max Depth = 8<LI>Call Chain = TIM16_IRQHandler
</UL>
<BR>[Calls]<UL><LI><a href="#[9b]">&gt;&gt;</a>&nbsp;&nbsp;&nbsp;TIM16_UpdateCallback
<LI><a href="#[99]">&gt;&gt;</a>&nbsp;&nbsp;&nbsp;LL_TIM_IsEnabledIT_UPDATE
<LI><a href="#[98]">&gt;&gt;</a>&nbsp;&nbsp;&nbsp;LL_TIM_IsActiveFlag_UPDATE
<LI><a href="#[68]">&gt;&gt;</a>&nbsp;&nbsp;&nbsp;LL_TIM_ClearFlag_UPDATE
</UL>
<BR>[Address Reference Count : 1]<UL><LI> startup_py32f030xx.o(RESET)
</UL>
<P><STRONG><a name="[9b]"></a>TIM16_UpdateCallback</STRONG> (Thumb, 2 bytes, Stack size 0 bytes, tim_init.o(i.TIM16_UpdateCallback))
<BR><BR>[Called By]<UL><LI><a href="#[16]">&gt;&gt;</a>&nbsp;&nbsp;&nbsp;TIM16_IRQHandler
</UL>

<P><STRONG><a name="[17]"></a>TIM17_IRQHandler</STRONG> (Thumb, 34 bytes, Stack size 8 bytes, tim_init.o(i.TIM17_IRQHandler))
<BR><BR>[Stack]<UL><LI>Max Depth = 8<LI>Call Chain = TIM17_IRQHandler
</UL>
<BR>[Calls]<UL><LI><a href="#[9c]">&gt;&gt;</a>&nbsp;&nbsp;&nbsp;TIM17_UpdateCallback
<LI><a href="#[99]">&gt;&gt;</a>&nbsp;&nbsp;&nbsp;LL_TIM_IsEnabledIT_UPDATE
<LI><a href="#[98]">&gt;&gt;</a>&nbsp;&nbsp;&nbsp;LL_TIM_IsActiveFlag_UPDATE
<LI><a href="#[68]">&gt;&gt;</a>&nbsp;&nbsp;&nbsp;LL_TIM_ClearFlag_UPDATE
</UL>
<BR>[Address Reference Count : 1]<UL><LI> startup_py32f030xx.o(RESET)
</UL>
<P><STRONG><a name="[9c]"></a>TIM17_UpdateCallback</STRONG> (Thumb, 2 bytes, Stack size 0 bytes, tim_init.o(i.TIM17_UpdateCallback))
<BR><BR>[Called By]<UL><LI><a href="#[17]">&gt;&gt;</a>&nbsp;&nbsp;&nbsp;TIM17_IRQHandler
</UL>

<P><STRONG><a name="[11]"></a>TIM1_BRK_UP_TRG_COM_IRQHandler</STRONG> (Thumb, 34 bytes, Stack size 8 bytes, tim_init.o(i.TIM1_BRK_UP_TRG_COM_IRQHandler))
<BR><BR>[Stack]<UL><LI>Max Depth = 8<LI>Call Chain = TIM1_BRK_UP_TRG_COM_IRQHandler
</UL>
<BR>[Calls]<UL><LI><a href="#[99]">&gt;&gt;</a>&nbsp;&nbsp;&nbsp;LL_TIM_IsEnabledIT_UPDATE
<LI><a href="#[98]">&gt;&gt;</a>&nbsp;&nbsp;&nbsp;LL_TIM_IsActiveFlag_UPDATE
<LI><a href="#[68]">&gt;&gt;</a>&nbsp;&nbsp;&nbsp;LL_TIM_ClearFlag_UPDATE
<LI><a href="#[9d]">&gt;&gt;</a>&nbsp;&nbsp;&nbsp;TIM1_UpdateCallback
</UL>
<BR>[Address Reference Count : 1]<UL><LI> startup_py32f030xx.o(RESET)
</UL>
<P><STRONG><a name="[9d]"></a>TIM1_UpdateCallback</STRONG> (Thumb, 12 bytes, Stack size 0 bytes, mag_tick.o(i.TIM1_UpdateCallback))
<BR><BR>[Called By]<UL><LI><a href="#[11]">&gt;&gt;</a>&nbsp;&nbsp;&nbsp;TIM1_BRK_UP_TRG_COM_IRQHandler
</UL>

<P><STRONG><a name="[13]"></a>TIM3_IRQHandler</STRONG> (Thumb, 34 bytes, Stack size 8 bytes, tim_init.o(i.TIM3_IRQHandler))
<BR><BR>[Stack]<UL><LI>Max Depth = 8<LI>Call Chain = TIM3_IRQHandler
</UL>
<BR>[Calls]<UL><LI><a href="#[9e]">&gt;&gt;</a>&nbsp;&nbsp;&nbsp;TIM3_UpdateCallback
<LI><a href="#[99]">&gt;&gt;</a>&nbsp;&nbsp;&nbsp;LL_TIM_IsEnabledIT_UPDATE
<LI><a href="#[98]">&gt;&gt;</a>&nbsp;&nbsp;&nbsp;LL_TIM_IsActiveFlag_UPDATE
<LI><a href="#[68]">&gt;&gt;</a>&nbsp;&nbsp;&nbsp;LL_TIM_ClearFlag_UPDATE
</UL>
<BR>[Address Reference Count : 1]<UL><LI> startup_py32f030xx.o(RESET)
</UL>
<P><STRONG><a name="[9e]"></a>TIM3_UpdateCallback</STRONG> (Thumb, 2 bytes, Stack size 0 bytes, tim_init.o(i.TIM3_UpdateCallback))
<BR><BR>[Called By]<UL><LI><a href="#[13]">&gt;&gt;</a>&nbsp;&nbsp;&nbsp;TIM3_IRQHandler
</UL>

<P><STRONG><a name="[1b]"></a>USART1_IRQHandler</STRONG> (Thumb, 12 bytes, Stack size 8 bytes, usart_init.o(i.USART1_IRQHandler))
<BR><BR>[Stack]<UL><LI>Max Depth = 44<LI>Call Chain = USART1_IRQHandler &rArr; HW_UART_ReceiveIRQHandler &rArr; HW_UART_PushRxOnceByte
</UL>
<BR>[Calls]<UL><LI><a href="#[78]">&gt;&gt;</a>&nbsp;&nbsp;&nbsp;HW_UART_ReceiveIRQHandler
</UL>
<BR>[Address Reference Count : 1]<UL><LI> startup_py32f030xx.o(RESET)
</UL>
<P><STRONG><a name="[1c]"></a>USART2_IRQHandler</STRONG> (Thumb, 12 bytes, Stack size 8 bytes, usart_init.o(i.USART2_IRQHandler))
<BR><BR>[Stack]<UL><LI>Max Depth = 44<LI>Call Chain = USART2_IRQHandler &rArr; HW_UART_ReceiveIRQHandler &rArr; HW_UART_PushRxOnceByte
</UL>
<BR>[Calls]<UL><LI><a href="#[78]">&gt;&gt;</a>&nbsp;&nbsp;&nbsp;HW_UART_ReceiveIRQHandler
</UL>
<BR>[Address Reference Count : 1]<UL><LI> startup_py32f030xx.o(RESET)
</UL>
<P><STRONG><a name="[9f]"></a>__0snprintf$6</STRONG> (Thumb, 46 bytes, Stack size 32 bytes, printf6.o(i.__0snprintf$6), UNUSED)
<BR><BR>[Calls]<UL><LI><a href="#[a0]">&gt;&gt;</a>&nbsp;&nbsp;&nbsp;_printf_core
</UL>

<P><STRONG><a name="[d4]"></a>__1snprintf$6</STRONG> (Thumb, 0 bytes, Stack size 32 bytes, printf6.o(i.__0snprintf$6), UNUSED)

<P><STRONG><a name="[50]"></a>__2snprintf</STRONG> (Thumb, 0 bytes, Stack size 32 bytes, printf6.o(i.__0snprintf$6))
<BR><BR>[Stack]<UL><LI>Max Depth = 32<LI>Call Chain = __2snprintf
</UL>
<BR>[Called By]<UL><LI><a href="#[34]">&gt;&gt;</a>&nbsp;&nbsp;&nbsp;HW_GPIO_OUT_init
<LI><a href="#[a8]">&gt;&gt;</a>&nbsp;&nbsp;&nbsp;mag_task_init
<LI><a href="#[92]">&gt;&gt;</a>&nbsp;&nbsp;&nbsp;Log_init
</UL>

<P><STRONG><a name="[6d]"></a>__ARM_common_ll_muluu</STRONG> (Thumb, 48 bytes, Stack size 24 bytes, tim_init.o(i.__ARM_common_ll_muluu))
<BR><BR>[Stack]<UL><LI>Max Depth = 24<LI>Call Chain = __ARM_common_ll_muluu
</UL>
<BR>[Called By]<UL><LI><a href="#[66]">&gt;&gt;</a>&nbsp;&nbsp;&nbsp;HW_TIM_CalculatePeriod
</UL>

<P><STRONG><a name="[d5]"></a>__scatterload_copy</STRONG> (Thumb, 14 bytes, Stack size unknown bytes, handlers.o(i.__scatterload_copy), UNUSED)

<P><STRONG><a name="[d6]"></a>__scatterload_null</STRONG> (Thumb, 2 bytes, Stack size unknown bytes, handlers.o(i.__scatterload_null), UNUSED)

<P><STRONG><a name="[d7]"></a>__scatterload_zeroinit</STRONG> (Thumb, 14 bytes, Stack size unknown bytes, handlers.o(i.__scatterload_zeroinit), UNUSED)

<P><STRONG><a name="[a5]"></a>app_main</STRONG> (Thumb, 68 bytes, Stack size 8 bytes, app_main.o(i.app_main))
<BR><BR>[Stack]<UL><LI>Max Depth = 116<LI>Call Chain = app_main &rArr; HW_LowPower_Enter &rArr; HW_GPIO_INPUT_IT_init &rArr; LL_GPIO_Init
</UL>
<BR>[Calls]<UL><LI><a href="#[a4]">&gt;&gt;</a>&nbsp;&nbsp;&nbsp;get_mag_tick
<LI><a href="#[a6]">&gt;&gt;</a>&nbsp;&nbsp;&nbsp;mag_task
<LI><a href="#[52]">&gt;&gt;</a>&nbsp;&nbsp;&nbsp;HW_LowPower_Enter
<LI><a href="#[2f]">&gt;&gt;</a>&nbsp;&nbsp;&nbsp;APP_Output_LED2
<LI><a href="#[2e]">&gt;&gt;</a>&nbsp;&nbsp;&nbsp;APP_Output_LED1
</UL>
<BR>[Called By]<UL><LI><a href="#[2b]">&gt;&gt;</a>&nbsp;&nbsp;&nbsp;$Super$$main
</UL>

<P><STRONG><a name="[a7]"></a>app_main_init</STRONG> (Thumb, 50 bytes, Stack size 8 bytes, app_main.o(i.app_main_init))
<BR><BR>[Stack]<UL><LI>Max Depth = 336<LI>Call Chain = app_main_init &rArr; mag_task_init &rArr; mag_tick_init &rArr; HW_TIM_COUNT_IT_init &rArr; HW_TIM_CalculatePeriod &rArr; __aeabi_uldivmod &rArr; __aeabi_llsr
</UL>
<BR>[Calls]<UL><LI><a href="#[4a]">&gt;&gt;</a>&nbsp;&nbsp;&nbsp;HW_GPIO_INPUT_IT_init
<LI><a href="#[96]">&gt;&gt;</a>&nbsp;&nbsp;&nbsp;HW_GPIO_Get_SingleKey
<LI><a href="#[a4]">&gt;&gt;</a>&nbsp;&nbsp;&nbsp;get_mag_tick
<LI><a href="#[a8]">&gt;&gt;</a>&nbsp;&nbsp;&nbsp;mag_task_init
<LI><a href="#[92]">&gt;&gt;</a>&nbsp;&nbsp;&nbsp;Log_init
<LI><a href="#[33]">&gt;&gt;</a>&nbsp;&nbsp;&nbsp;APP_Output_init
<LI><a href="#[30]">&gt;&gt;</a>&nbsp;&nbsp;&nbsp;APP_Input_init
<LI><a href="#[a9]">&gt;&gt;</a>&nbsp;&nbsp;&nbsp;APP_Comm_init
</UL>
<BR>[Called By]<UL><LI><a href="#[2b]">&gt;&gt;</a>&nbsp;&nbsp;&nbsp;$Super$$main
</UL>

<P><STRONG><a name="[a4]"></a>get_mag_tick</STRONG> (Thumb, 6 bytes, Stack size 0 bytes, mag_tick.o(i.get_mag_tick))
<BR><BR>[Called By]<UL><LI><a href="#[a7]">&gt;&gt;</a>&nbsp;&nbsp;&nbsp;app_main_init
<LI><a href="#[a5]">&gt;&gt;</a>&nbsp;&nbsp;&nbsp;app_main
<LI><a href="#[a8]">&gt;&gt;</a>&nbsp;&nbsp;&nbsp;mag_task_init
<LI><a href="#[a6]">&gt;&gt;</a>&nbsp;&nbsp;&nbsp;mag_task
<LI><a href="#[a3]">&gt;&gt;</a>&nbsp;&nbsp;&nbsp;app_key_fsm_schedule_task
</UL>

<P><STRONG><a name="[a6]"></a>mag_task</STRONG> (Thumb, 166 bytes, Stack size 8 bytes, mag_task.o(i.mag_task))
<BR><BR>[Stack]<UL><LI>Max Depth = 68<LI>Call Chain = mag_task &rArr; task_1ms &rArr; app_key_fsm_schedule_task &rArr; APP_INPUT_KEY1 &rArr; SERVER_KEY_FSM_ALL_STATE &rArr; HW_GPIO_Get_SingleKey
</UL>
<BR>[Calls]<UL><LI><a href="#[a4]">&gt;&gt;</a>&nbsp;&nbsp;&nbsp;get_mag_tick
<LI><a href="#[c1]">&gt;&gt;</a>&nbsp;&nbsp;&nbsp;task_50ms
<LI><a href="#[c3]">&gt;&gt;</a>&nbsp;&nbsp;&nbsp;task_500ms
<LI><a href="#[c4]">&gt;&gt;</a>&nbsp;&nbsp;&nbsp;task_1s
<LI><a href="#[c0]">&gt;&gt;</a>&nbsp;&nbsp;&nbsp;task_1ms
<LI><a href="#[c2]">&gt;&gt;</a>&nbsp;&nbsp;&nbsp;task_100ms
</UL>
<BR>[Called By]<UL><LI><a href="#[a5]">&gt;&gt;</a>&nbsp;&nbsp;&nbsp;app_main
</UL>

<P><STRONG><a name="[a8]"></a>mag_task_init</STRONG> (Thumb, 118 bytes, Stack size 144 bytes, mag_task.o(i.mag_task_init))
<BR><BR>[Stack]<UL><LI>Max Depth = 328<LI>Call Chain = mag_task_init &rArr; mag_tick_init &rArr; HW_TIM_COUNT_IT_init &rArr; HW_TIM_CalculatePeriod &rArr; __aeabi_uldivmod &rArr; __aeabi_llsr
</UL>
<BR>[Calls]<UL><LI><a href="#[51]">&gt;&gt;</a>&nbsp;&nbsp;&nbsp;HW_UART_Send
<LI><a href="#[c5]">&gt;&gt;</a>&nbsp;&nbsp;&nbsp;mag_tick_init
<LI><a href="#[a4]">&gt;&gt;</a>&nbsp;&nbsp;&nbsp;get_mag_tick
<LI><a href="#[50]">&gt;&gt;</a>&nbsp;&nbsp;&nbsp;__2snprintf
</UL>
<BR>[Called By]<UL><LI><a href="#[a7]">&gt;&gt;</a>&nbsp;&nbsp;&nbsp;app_main_init
</UL>

<P><STRONG><a name="[c5]"></a>mag_tick_init</STRONG> (Thumb, 24 bytes, Stack size 8 bytes, mag_tick.o(i.mag_tick_init))
<BR><BR>[Stack]<UL><LI>Max Depth = 184<LI>Call Chain = mag_tick_init &rArr; HW_TIM_COUNT_IT_init &rArr; HW_TIM_CalculatePeriod &rArr; __aeabi_uldivmod &rArr; __aeabi_llsr
</UL>
<BR>[Calls]<UL><LI><a href="#[63]">&gt;&gt;</a>&nbsp;&nbsp;&nbsp;HW_TIM_COUNT_IT_init
</UL>
<BR>[Called By]<UL><LI><a href="#[a8]">&gt;&gt;</a>&nbsp;&nbsp;&nbsp;mag_task_init
</UL>

<P><STRONG><a name="[2b]"></a>$Super$$main</STRONG> (Thumb, 32 bytes, Stack size 0 bytes, main.o(i.main))
<BR><BR>[Stack]<UL><LI>Max Depth = 336<LI>Call Chain = $Super$$main &rArr; app_main_init &rArr; mag_task_init &rArr; mag_tick_init &rArr; HW_TIM_COUNT_IT_init &rArr; HW_TIM_CalculatePeriod &rArr; __aeabi_uldivmod &rArr; __aeabi_llsr
</UL>
<BR>[Calls]<UL><LI><a href="#[a7]">&gt;&gt;</a>&nbsp;&nbsp;&nbsp;app_main_init
<LI><a href="#[a5]">&gt;&gt;</a>&nbsp;&nbsp;&nbsp;app_main
<LI><a href="#[c6]">&gt;&gt;</a>&nbsp;&nbsp;&nbsp;LL_mDelay
<LI><a href="#[35]">&gt;&gt;</a>&nbsp;&nbsp;&nbsp;APP_SystemClockConfig
</UL>
<BR>[Called By]<UL><LI><a href="#[1e]">&gt;&gt;</a>&nbsp;&nbsp;&nbsp;main
</UL>

<P><STRONG><a name="[c2]"></a>task_100ms</STRONG> (Thumb, 2 bytes, Stack size 0 bytes, app_main.o(i.task_100ms))
<BR><BR>[Called By]<UL><LI><a href="#[a6]">&gt;&gt;</a>&nbsp;&nbsp;&nbsp;mag_task
</UL>

<P><STRONG><a name="[c0]"></a>task_1ms</STRONG> (Thumb, 10 bytes, Stack size 8 bytes, app_main.o(i.task_1ms))
<BR><BR>[Stack]<UL><LI>Max Depth = 60<LI>Call Chain = task_1ms &rArr; app_key_fsm_schedule_task &rArr; APP_INPUT_KEY1 &rArr; SERVER_KEY_FSM_ALL_STATE &rArr; HW_GPIO_Get_SingleKey
</UL>
<BR>[Calls]<UL><LI><a href="#[a3]">&gt;&gt;</a>&nbsp;&nbsp;&nbsp;app_key_fsm_schedule_task
</UL>
<BR>[Called By]<UL><LI><a href="#[a6]">&gt;&gt;</a>&nbsp;&nbsp;&nbsp;mag_task
</UL>

<P><STRONG><a name="[c4]"></a>task_1s</STRONG> (Thumb, 2 bytes, Stack size 0 bytes, app_main.o(i.task_1s))
<BR><BR>[Called By]<UL><LI><a href="#[a6]">&gt;&gt;</a>&nbsp;&nbsp;&nbsp;mag_task
</UL>

<P><STRONG><a name="[c3]"></a>task_500ms</STRONG> (Thumb, 2 bytes, Stack size 0 bytes, app_main.o(i.task_500ms))
<BR><BR>[Called By]<UL><LI><a href="#[a6]">&gt;&gt;</a>&nbsp;&nbsp;&nbsp;mag_task
</UL>

<P><STRONG><a name="[c1]"></a>task_50ms</STRONG> (Thumb, 2 bytes, Stack size 0 bytes, app_main.o(i.task_50ms))
<BR><BR>[Called By]<UL><LI><a href="#[a6]">&gt;&gt;</a>&nbsp;&nbsp;&nbsp;mag_task
</UL>
<P>
<H3>
Local Symbols
</H3>
<P><STRONG><a name="[90]"></a>LL_USART_IsEnabled</STRONG> (Thumb, 14 bytes, Stack size 0 bytes, py32f0xx_ll_usart.o(i.LL_USART_IsEnabled))
<BR><BR>[Called By]<UL><LI><a href="#[84]">&gt;&gt;</a>&nbsp;&nbsp;&nbsp;LL_USART_Init
</UL>

<P><STRONG><a name="[91]"></a>LL_USART_SetBaudRate</STRONG> (Thumb, 306 bytes, Stack size 48 bytes, py32f0xx_ll_usart.o(i.LL_USART_SetBaudRate))
<BR><BR>[Stack]<UL><LI>Max Depth = 60<LI>Call Chain = LL_USART_SetBaudRate &rArr; __aeabi_uidivmod
</UL>
<BR>[Calls]<UL><LI><a href="#[8c]">&gt;&gt;</a>&nbsp;&nbsp;&nbsp;__aeabi_uidivmod
</UL>
<BR>[Called By]<UL><LI><a href="#[84]">&gt;&gt;</a>&nbsp;&nbsp;&nbsp;LL_USART_Init
</UL>

<P><STRONG><a name="[93]"></a>LL_RCC_GetSysClkSource</STRONG> (Thumb, 10 bytes, Stack size 0 bytes, py32f0xx_ll_rcc.o(i.LL_RCC_GetSysClkSource))
<BR><BR>[Called By]<UL><LI><a href="#[8d]">&gt;&gt;</a>&nbsp;&nbsp;&nbsp;RCC_GetSystemClockFreq
</UL>

<P><STRONG><a name="[95]"></a>LL_RCC_HSI_GetFreq</STRONG> (Thumb, 20 bytes, Stack size 0 bytes, py32f0xx_ll_rcc.o(i.LL_RCC_HSI_GetFreq))
<BR><BR>[Called By]<UL><LI><a href="#[94]">&gt;&gt;</a>&nbsp;&nbsp;&nbsp;RCC_PLL_GetFreqDomain_SYS
</UL>

<P><STRONG><a name="[38]"></a>LL_RCC_GetSysClkSource</STRONG> (Thumb, 10 bytes, Stack size 0 bytes, system_init.o(i.LL_RCC_GetSysClkSource))
<BR><BR>[Called By]<UL><LI><a href="#[35]">&gt;&gt;</a>&nbsp;&nbsp;&nbsp;APP_SystemClockConfig
</UL>

<P><STRONG><a name="[36]"></a>LL_RCC_HSI_SetCalibFreq</STRONG> (Thumb, 16 bytes, Stack size 0 bytes, system_init.o(i.LL_RCC_HSI_SetCalibFreq))
<BR><BR>[Called By]<UL><LI><a href="#[35]">&gt;&gt;</a>&nbsp;&nbsp;&nbsp;APP_SystemClockConfig
</UL>

<P><STRONG><a name="[37]"></a>LL_RCC_SetSysClkSource</STRONG> (Thumb, 16 bytes, Stack size 0 bytes, system_init.o(i.LL_RCC_SetSysClkSource))
<BR><BR>[Called By]<UL><LI><a href="#[35]">&gt;&gt;</a>&nbsp;&nbsp;&nbsp;APP_SystemClockConfig
</UL>

<P><STRONG><a name="[43]"></a>HW_GPIO_ConfigEXTITrigger</STRONG> (Thumb, 86 bytes, Stack size 16 bytes, gpio_init.o(i.HW_GPIO_ConfigEXTITrigger))
<BR><BR>[Stack]<UL><LI>Max Depth = 16<LI>Call Chain = HW_GPIO_ConfigEXTITrigger
</UL>
<BR>[Calls]<UL><LI><a href="#[45]">&gt;&gt;</a>&nbsp;&nbsp;&nbsp;LL_EXTI_EnableFallingTrig
<LI><a href="#[44]">&gt;&gt;</a>&nbsp;&nbsp;&nbsp;LL_EXTI_EnableRisingTrig
</UL>
<BR>[Called By]<UL><LI><a href="#[4a]">&gt;&gt;</a>&nbsp;&nbsp;&nbsp;HW_GPIO_INPUT_IT_init
</UL>

<P><STRONG><a name="[42]"></a>HW_GPIO_EXTI_IRQHandler</STRONG> (Thumb, 64 bytes, Stack size 24 bytes, gpio_init.o(i.HW_GPIO_EXTI_IRQHandler))
<BR><BR>[Stack]<UL><LI>Max Depth = 24<LI>Call Chain = HW_GPIO_EXTI_IRQHandler
</UL>
<BR>[Calls]<UL><LI><a href="#[46]">&gt;&gt;</a>&nbsp;&nbsp;&nbsp;LL_EXTI_ClearFlag
<LI><a href="#[47]">&gt;&gt;</a>&nbsp;&nbsp;&nbsp;HW_GPIO_INPUT_IT_Callback
</UL>
<BR>[Called By]<UL><LI><a href="#[d]">&gt;&gt;</a>&nbsp;&nbsp;&nbsp;EXTI4_15_IRQHandler
<LI><a href="#[c]">&gt;&gt;</a>&nbsp;&nbsp;&nbsp;EXTI2_3_IRQHandler
<LI><a href="#[b]">&gt;&gt;</a>&nbsp;&nbsp;&nbsp;EXTI0_1_IRQHandler
</UL>

<P><STRONG><a name="[48]"></a>HW_GPIO_EnableClock</STRONG> (Thumb, 66 bytes, Stack size 8 bytes, gpio_init.o(i.HW_GPIO_EnableClock))
<BR><BR>[Stack]<UL><LI>Max Depth = 16<LI>Call Chain = HW_GPIO_EnableClock &rArr; LL_IOP_GRP1_EnableClock
</UL>
<BR>[Calls]<UL><LI><a href="#[49]">&gt;&gt;</a>&nbsp;&nbsp;&nbsp;LL_IOP_GRP1_EnableClock
</UL>
<BR>[Called By]<UL><LI><a href="#[34]">&gt;&gt;</a>&nbsp;&nbsp;&nbsp;HW_GPIO_OUT_init
<LI><a href="#[4f]">&gt;&gt;</a>&nbsp;&nbsp;&nbsp;HW_GPIO_INPUT_init
<LI><a href="#[4a]">&gt;&gt;</a>&nbsp;&nbsp;&nbsp;HW_GPIO_INPUT_IT_init
</UL>

<P><STRONG><a name="[4c]"></a>HW_GPIO_FindEXTIMap</STRONG> (Thumb, 36 bytes, Stack size 0 bytes, gpio_init.o(i.HW_GPIO_FindEXTIMap))
<BR><BR>[Called By]<UL><LI><a href="#[4a]">&gt;&gt;</a>&nbsp;&nbsp;&nbsp;HW_GPIO_INPUT_IT_init
</UL>

<P><STRONG><a name="[46]"></a>LL_EXTI_ClearFlag</STRONG> (Thumb, 6 bytes, Stack size 0 bytes, gpio_init.o(i.LL_EXTI_ClearFlag))
<BR><BR>[Called By]<UL><LI><a href="#[42]">&gt;&gt;</a>&nbsp;&nbsp;&nbsp;HW_GPIO_EXTI_IRQHandler
<LI><a href="#[4a]">&gt;&gt;</a>&nbsp;&nbsp;&nbsp;HW_GPIO_INPUT_IT_init
</UL>

<P><STRONG><a name="[45]"></a>LL_EXTI_EnableFallingTrig</STRONG> (Thumb, 12 bytes, Stack size 0 bytes, gpio_init.o(i.LL_EXTI_EnableFallingTrig))
<BR><BR>[Called By]<UL><LI><a href="#[43]">&gt;&gt;</a>&nbsp;&nbsp;&nbsp;HW_GPIO_ConfigEXTITrigger
</UL>

<P><STRONG><a name="[44]"></a>LL_EXTI_EnableRisingTrig</STRONG> (Thumb, 12 bytes, Stack size 0 bytes, gpio_init.o(i.LL_EXTI_EnableRisingTrig))
<BR><BR>[Called By]<UL><LI><a href="#[43]">&gt;&gt;</a>&nbsp;&nbsp;&nbsp;HW_GPIO_ConfigEXTITrigger
</UL>

<P><STRONG><a name="[49]"></a>LL_IOP_GRP1_EnableClock</STRONG> (Thumb, 24 bytes, Stack size 8 bytes, gpio_init.o(i.LL_IOP_GRP1_EnableClock))
<BR><BR>[Stack]<UL><LI>Max Depth = 8<LI>Call Chain = LL_IOP_GRP1_EnableClock
</UL>
<BR>[Called By]<UL><LI><a href="#[48]">&gt;&gt;</a>&nbsp;&nbsp;&nbsp;HW_GPIO_EnableClock
</UL>

<P><STRONG><a name="[4e]"></a>NVIC_SetPriority</STRONG> (Thumb, 110 bytes, Stack size 8 bytes, gpio_init.o(i.NVIC_SetPriority))
<BR><BR>[Stack]<UL><LI>Max Depth = 8<LI>Call Chain = NVIC_SetPriority
</UL>
<BR>[Called By]<UL><LI><a href="#[4a]">&gt;&gt;</a>&nbsp;&nbsp;&nbsp;HW_GPIO_INPUT_IT_init
</UL>

<P><STRONG><a name="[3e]"></a>HW_SPI_FinishTransfer</STRONG> (Thumb, 68 bytes, Stack size 8 bytes, spi_init.o(i.HW_SPI_FinishTransfer))
<BR><BR>[Stack]<UL><LI>Max Depth = 16<LI>Call Chain = HW_SPI_FinishTransfer &rArr; LL_DMA_DisableChannel
</UL>
<BR>[Calls]<UL><LI><a href="#[62]">&gt;&gt;</a>&nbsp;&nbsp;&nbsp;LL_SPI_DisableDMAReq_RX
<LI><a href="#[61]">&gt;&gt;</a>&nbsp;&nbsp;&nbsp;LL_DMA_DisableChannel
</UL>
<BR>[Called By]<UL><LI><a href="#[41]">&gt;&gt;</a>&nbsp;&nbsp;&nbsp;SPI_DmaSpiRxIRQCallback
<LI><a href="#[e]">&gt;&gt;</a>&nbsp;&nbsp;&nbsp;DMA1_Channel1_IRQHandler
</UL>

<P><STRONG><a name="[61]"></a>LL_DMA_DisableChannel</STRONG> (Thumb, 24 bytes, Stack size 8 bytes, spi_init.o(i.LL_DMA_DisableChannel))
<BR><BR>[Stack]<UL><LI>Max Depth = 8<LI>Call Chain = LL_DMA_DisableChannel
</UL>
<BR>[Called By]<UL><LI><a href="#[3e]">&gt;&gt;</a>&nbsp;&nbsp;&nbsp;HW_SPI_FinishTransfer
</UL>

<P><STRONG><a name="[3c]"></a>LL_DMA_DisableIT_TC</STRONG> (Thumb, 24 bytes, Stack size 8 bytes, spi_init.o(i.LL_DMA_DisableIT_TC))
<BR><BR>[Stack]<UL><LI>Max Depth = 8<LI>Call Chain = LL_DMA_DisableIT_TC
</UL>
<BR>[Called By]<UL><LI><a href="#[41]">&gt;&gt;</a>&nbsp;&nbsp;&nbsp;SPI_DmaSpiRxIRQCallback
<LI><a href="#[e]">&gt;&gt;</a>&nbsp;&nbsp;&nbsp;DMA1_Channel1_IRQHandler
</UL>

<P><STRONG><a name="[3d]"></a>LL_DMA_DisableIT_TE</STRONG> (Thumb, 24 bytes, Stack size 8 bytes, spi_init.o(i.LL_DMA_DisableIT_TE))
<BR><BR>[Stack]<UL><LI>Max Depth = 8<LI>Call Chain = LL_DMA_DisableIT_TE
</UL>
<BR>[Called By]<UL><LI><a href="#[41]">&gt;&gt;</a>&nbsp;&nbsp;&nbsp;SPI_DmaSpiRxIRQCallback
<LI><a href="#[e]">&gt;&gt;</a>&nbsp;&nbsp;&nbsp;DMA1_Channel1_IRQHandler
</UL>

<P><STRONG><a name="[3f]"></a>LL_DMA_IsEnabledIT_TC</STRONG> (Thumb, 18 bytes, Stack size 0 bytes, spi_init.o(i.LL_DMA_IsEnabledIT_TC))
<BR><BR>[Called By]<UL><LI><a href="#[41]">&gt;&gt;</a>&nbsp;&nbsp;&nbsp;SPI_DmaSpiRxIRQCallback
<LI><a href="#[e]">&gt;&gt;</a>&nbsp;&nbsp;&nbsp;DMA1_Channel1_IRQHandler
</UL>

<P><STRONG><a name="[3b]"></a>LL_DMA_IsEnabledIT_TE</STRONG> (Thumb, 18 bytes, Stack size 0 bytes, spi_init.o(i.LL_DMA_IsEnabledIT_TE))
<BR><BR>[Called By]<UL><LI><a href="#[41]">&gt;&gt;</a>&nbsp;&nbsp;&nbsp;SPI_DmaSpiRxIRQCallback
<LI><a href="#[e]">&gt;&gt;</a>&nbsp;&nbsp;&nbsp;DMA1_Channel1_IRQHandler
</UL>

<P><STRONG><a name="[62]"></a>LL_SPI_DisableDMAReq_RX</STRONG> (Thumb, 10 bytes, Stack size 0 bytes, spi_init.o(i.LL_SPI_DisableDMAReq_RX))
<BR><BR>[Called By]<UL><LI><a href="#[3e]">&gt;&gt;</a>&nbsp;&nbsp;&nbsp;HW_SPI_FinishTransfer
</UL>

<P><STRONG><a name="[66]"></a>HW_TIM_CalculatePeriod</STRONG> (Thumb, 218 bytes, Stack size 56 bytes, tim_init.o(i.HW_TIM_CalculatePeriod))
<BR><BR>[Stack]<UL><LI>Max Depth = 112<LI>Call Chain = HW_TIM_CalculatePeriod &rArr; __aeabi_uldivmod &rArr; __aeabi_llsr
</UL>
<BR>[Calls]<UL><LI><a href="#[6d]">&gt;&gt;</a>&nbsp;&nbsp;&nbsp;__ARM_common_ll_muluu
<LI><a href="#[24]">&gt;&gt;</a>&nbsp;&nbsp;&nbsp;__aeabi_uldivmod
</UL>
<BR>[Called By]<UL><LI><a href="#[63]">&gt;&gt;</a>&nbsp;&nbsp;&nbsp;HW_TIM_COUNT_IT_init
</UL>

<P><STRONG><a name="[64]"></a>HW_TIM_EnableClockAndGetIRQ</STRONG> (Thumb, 160 bytes, Stack size 16 bytes, tim_init.o(i.HW_TIM_EnableClockAndGetIRQ))
<BR><BR>[Stack]<UL><LI>Max Depth = 24<LI>Call Chain = HW_TIM_EnableClockAndGetIRQ &rArr; LL_APB1_GRP2_EnableClock
</UL>
<BR>[Calls]<UL><LI><a href="#[6e]">&gt;&gt;</a>&nbsp;&nbsp;&nbsp;LL_APB1_GRP2_EnableClock
</UL>
<BR>[Called By]<UL><LI><a href="#[63]">&gt;&gt;</a>&nbsp;&nbsp;&nbsp;HW_TIM_COUNT_IT_init
</UL>

<P><STRONG><a name="[6e]"></a>LL_APB1_GRP2_EnableClock</STRONG> (Thumb, 24 bytes, Stack size 8 bytes, tim_init.o(i.LL_APB1_GRP2_EnableClock))
<BR><BR>[Stack]<UL><LI>Max Depth = 8<LI>Call Chain = LL_APB1_GRP2_EnableClock
</UL>
<BR>[Called By]<UL><LI><a href="#[64]">&gt;&gt;</a>&nbsp;&nbsp;&nbsp;HW_TIM_EnableClockAndGetIRQ
</UL>

<P><STRONG><a name="[68]"></a>LL_TIM_ClearFlag_UPDATE</STRONG> (Thumb, 8 bytes, Stack size 0 bytes, tim_init.o(i.LL_TIM_ClearFlag_UPDATE))
<BR><BR>[Called By]<UL><LI><a href="#[13]">&gt;&gt;</a>&nbsp;&nbsp;&nbsp;TIM3_IRQHandler
<LI><a href="#[11]">&gt;&gt;</a>&nbsp;&nbsp;&nbsp;TIM1_BRK_UP_TRG_COM_IRQHandler
<LI><a href="#[17]">&gt;&gt;</a>&nbsp;&nbsp;&nbsp;TIM17_IRQHandler
<LI><a href="#[16]">&gt;&gt;</a>&nbsp;&nbsp;&nbsp;TIM16_IRQHandler
<LI><a href="#[15]">&gt;&gt;</a>&nbsp;&nbsp;&nbsp;TIM14_IRQHandler
<LI><a href="#[63]">&gt;&gt;</a>&nbsp;&nbsp;&nbsp;HW_TIM_COUNT_IT_init
</UL>

<P><STRONG><a name="[67]"></a>LL_TIM_DisableCounter</STRONG> (Thumb, 10 bytes, Stack size 0 bytes, tim_init.o(i.LL_TIM_DisableCounter))
<BR><BR>[Called By]<UL><LI><a href="#[63]">&gt;&gt;</a>&nbsp;&nbsp;&nbsp;HW_TIM_COUNT_IT_init
</UL>

<P><STRONG><a name="[6c]"></a>LL_TIM_EnableCounter</STRONG> (Thumb, 10 bytes, Stack size 0 bytes, tim_init.o(i.LL_TIM_EnableCounter))
<BR><BR>[Called By]<UL><LI><a href="#[63]">&gt;&gt;</a>&nbsp;&nbsp;&nbsp;HW_TIM_COUNT_IT_init
</UL>

<P><STRONG><a name="[6a]"></a>LL_TIM_GenerateEvent_UPDATE</STRONG> (Thumb, 10 bytes, Stack size 0 bytes, tim_init.o(i.LL_TIM_GenerateEvent_UPDATE))
<BR><BR>[Called By]<UL><LI><a href="#[63]">&gt;&gt;</a>&nbsp;&nbsp;&nbsp;HW_TIM_COUNT_IT_init
</UL>

<P><STRONG><a name="[98]"></a>LL_TIM_IsActiveFlag_UPDATE</STRONG> (Thumb, 16 bytes, Stack size 0 bytes, tim_init.o(i.LL_TIM_IsActiveFlag_UPDATE))
<BR><BR>[Called By]<UL><LI><a href="#[13]">&gt;&gt;</a>&nbsp;&nbsp;&nbsp;TIM3_IRQHandler
<LI><a href="#[11]">&gt;&gt;</a>&nbsp;&nbsp;&nbsp;TIM1_BRK_UP_TRG_COM_IRQHandler
<LI><a href="#[17]">&gt;&gt;</a>&nbsp;&nbsp;&nbsp;TIM17_IRQHandler
<LI><a href="#[16]">&gt;&gt;</a>&nbsp;&nbsp;&nbsp;TIM16_IRQHandler
<LI><a href="#[15]">&gt;&gt;</a>&nbsp;&nbsp;&nbsp;TIM14_IRQHandler
</UL>

<P><STRONG><a name="[99]"></a>LL_TIM_IsEnabledIT_UPDATE</STRONG> (Thumb, 16 bytes, Stack size 0 bytes, tim_init.o(i.LL_TIM_IsEnabledIT_UPDATE))
<BR><BR>[Called By]<UL><LI><a href="#[13]">&gt;&gt;</a>&nbsp;&nbsp;&nbsp;TIM3_IRQHandler
<LI><a href="#[11]">&gt;&gt;</a>&nbsp;&nbsp;&nbsp;TIM1_BRK_UP_TRG_COM_IRQHandler
<LI><a href="#[17]">&gt;&gt;</a>&nbsp;&nbsp;&nbsp;TIM17_IRQHandler
<LI><a href="#[16]">&gt;&gt;</a>&nbsp;&nbsp;&nbsp;TIM16_IRQHandler
<LI><a href="#[15]">&gt;&gt;</a>&nbsp;&nbsp;&nbsp;TIM14_IRQHandler
</UL>

<P><STRONG><a name="[6b]"></a>NVIC_SetPriority</STRONG> (Thumb, 110 bytes, Stack size 8 bytes, tim_init.o(i.NVIC_SetPriority))
<BR><BR>[Stack]<UL><LI>Max Depth = 8<LI>Call Chain = NVIC_SetPriority
</UL>
<BR>[Called By]<UL><LI><a href="#[63]">&gt;&gt;</a>&nbsp;&nbsp;&nbsp;HW_TIM_COUNT_IT_init
</UL>

<P><STRONG><a name="[83]"></a>HW_UART_EnableClock</STRONG> (Thumb, 84 bytes, Stack size 8 bytes, usart_init.o(i.HW_UART_EnableClock))
<BR><BR>[Stack]<UL><LI>Max Depth = 8<LI>Call Chain = HW_UART_EnableClock
</UL>
<BR>[Called By]<UL><LI><a href="#[81]">&gt;&gt;</a>&nbsp;&nbsp;&nbsp;HW_UART_init
</UL>

<P><STRONG><a name="[6f]"></a>HW_UART_EnableGPIOClock</STRONG> (Thumb, 66 bytes, Stack size 8 bytes, usart_init.o(i.HW_UART_EnableGPIOClock))
<BR><BR>[Stack]<UL><LI>Max Depth = 16<LI>Call Chain = HW_UART_EnableGPIOClock &rArr; LL_IOP_GRP1_EnableClock
</UL>
<BR>[Calls]<UL><LI><a href="#[70]">&gt;&gt;</a>&nbsp;&nbsp;&nbsp;LL_IOP_GRP1_EnableClock
</UL>
<BR>[Called By]<UL><LI><a href="#[77]">&gt;&gt;</a>&nbsp;&nbsp;&nbsp;HW_UART_InitGPIOAlternate
</UL>

<P><STRONG><a name="[71]"></a>HW_UART_EnableReceiveIT</STRONG> (Thumb, 102 bytes, Stack size 16 bytes, usart_init.o(i.HW_UART_EnableReceiveIT))
<BR><BR>[Stack]<UL><LI>Max Depth = 24<LI>Call Chain = HW_UART_EnableReceiveIT &rArr; NVIC_SetPriority
</UL>
<BR>[Calls]<UL><LI><a href="#[73]">&gt;&gt;</a>&nbsp;&nbsp;&nbsp;NVIC_SetPriority
<LI><a href="#[76]">&gt;&gt;</a>&nbsp;&nbsp;&nbsp;NVIC_EnableIRQ
<LI><a href="#[72]">&gt;&gt;</a>&nbsp;&nbsp;&nbsp;NVIC_ClearPendingIRQ
<LI><a href="#[75]">&gt;&gt;</a>&nbsp;&nbsp;&nbsp;LL_USART_EnableIT_RXNE
<LI><a href="#[74]">&gt;&gt;</a>&nbsp;&nbsp;&nbsp;LL_USART_EnableIT_ERROR
</UL>
<BR>[Called By]<UL><LI><a href="#[81]">&gt;&gt;</a>&nbsp;&nbsp;&nbsp;HW_UART_init
</UL>

<P><STRONG><a name="[82]"></a>HW_UART_FindPinConfigs</STRONG> (Thumb, 194 bytes, Stack size 36 bytes, usart_init.o(i.HW_UART_FindPinConfigs))
<BR><BR>[Stack]<UL><LI>Max Depth = 36<LI>Call Chain = HW_UART_FindPinConfigs
</UL>
<BR>[Called By]<UL><LI><a href="#[81]">&gt;&gt;</a>&nbsp;&nbsp;&nbsp;HW_UART_init
</UL>

<P><STRONG><a name="[77]"></a>HW_UART_InitGPIOAlternate</STRONG> (Thumb, 82 bytes, Stack size 40 bytes, usart_init.o(i.HW_UART_InitGPIOAlternate))
<BR><BR>[Stack]<UL><LI>Max Depth = 60<LI>Call Chain = HW_UART_InitGPIOAlternate &rArr; LL_GPIO_Init
</UL>
<BR>[Calls]<UL><LI><a href="#[4d]">&gt;&gt;</a>&nbsp;&nbsp;&nbsp;LL_GPIO_Init
<LI><a href="#[6f]">&gt;&gt;</a>&nbsp;&nbsp;&nbsp;HW_UART_EnableGPIOClock
<LI><a href="#[4b]">&gt;&gt;</a>&nbsp;&nbsp;&nbsp;__aeabi_memclr4
</UL>
<BR>[Called By]<UL><LI><a href="#[81]">&gt;&gt;</a>&nbsp;&nbsp;&nbsp;HW_UART_init
</UL>

<P><STRONG><a name="[7e]"></a>HW_UART_PushRxByte</STRONG> (Thumb, 62 bytes, Stack size 12 bytes, usart_init.o(i.HW_UART_PushRxByte))
<BR><BR>[Stack]<UL><LI>Max Depth = 12<LI>Call Chain = HW_UART_PushRxByte
</UL>
<BR>[Called By]<UL><LI><a href="#[78]">&gt;&gt;</a>&nbsp;&nbsp;&nbsp;HW_UART_ReceiveIRQHandler
</UL>

<P><STRONG><a name="[7d]"></a>HW_UART_PushRxOnceByte</STRONG> (Thumb, 62 bytes, Stack size 12 bytes, usart_init.o(i.HW_UART_PushRxOnceByte))
<BR><BR>[Stack]<UL><LI>Max Depth = 12<LI>Call Chain = HW_UART_PushRxOnceByte
</UL>
<BR>[Called By]<UL><LI><a href="#[78]">&gt;&gt;</a>&nbsp;&nbsp;&nbsp;HW_UART_ReceiveIRQHandler
</UL>

<P><STRONG><a name="[78]"></a>HW_UART_ReceiveIRQHandler</STRONG> (Thumb, 214 bytes, Stack size 24 bytes, usart_init.o(i.HW_UART_ReceiveIRQHandler))
<BR><BR>[Stack]<UL><LI>Max Depth = 36<LI>Call Chain = HW_UART_ReceiveIRQHandler &rArr; HW_UART_PushRxOnceByte
</UL>
<BR>[Calls]<UL><LI><a href="#[7c]">&gt;&gt;</a>&nbsp;&nbsp;&nbsp;LL_USART_IsActiveFlag_RXNE
<LI><a href="#[79]">&gt;&gt;</a>&nbsp;&nbsp;&nbsp;LL_USART_IsActiveFlag_ORE
<LI><a href="#[7b]">&gt;&gt;</a>&nbsp;&nbsp;&nbsp;LL_USART_IsActiveFlag_NE
<LI><a href="#[7a]">&gt;&gt;</a>&nbsp;&nbsp;&nbsp;LL_USART_IsActiveFlag_FE
<LI><a href="#[7d]">&gt;&gt;</a>&nbsp;&nbsp;&nbsp;HW_UART_PushRxOnceByte
<LI><a href="#[7e]">&gt;&gt;</a>&nbsp;&nbsp;&nbsp;HW_UART_PushRxByte
<LI><a href="#[7f]">&gt;&gt;</a>&nbsp;&nbsp;&nbsp;HW_UART_RX_IT_Callback
</UL>
<BR>[Called By]<UL><LI><a href="#[1c]">&gt;&gt;</a>&nbsp;&nbsp;&nbsp;USART2_IRQHandler
<LI><a href="#[1b]">&gt;&gt;</a>&nbsp;&nbsp;&nbsp;USART1_IRQHandler
</UL>

<P><STRONG><a name="[85]"></a>HW_UART_ResetRxBuffer</STRONG> (Thumb, 36 bytes, Stack size 0 bytes, usart_init.o(i.HW_UART_ResetRxBuffer))
<BR><BR>[Called By]<UL><LI><a href="#[81]">&gt;&gt;</a>&nbsp;&nbsp;&nbsp;HW_UART_init
</UL>

<P><STRONG><a name="[86]"></a>HW_UART_ResetRxOnce</STRONG> (Thumb, 26 bytes, Stack size 0 bytes, usart_init.o(i.HW_UART_ResetRxOnce))
<BR><BR>[Called By]<UL><LI><a href="#[81]">&gt;&gt;</a>&nbsp;&nbsp;&nbsp;HW_UART_init
</UL>

<P><STRONG><a name="[80]"></a>HW_UART_WaitFlag</STRONG> (Thumb, 72 bytes, Stack size 8 bytes, usart_init.o(i.HW_UART_WaitFlag))
<BR><BR>[Stack]<UL><LI>Max Depth = 8<LI>Call Chain = HW_UART_WaitFlag
</UL>
<BR>[Called By]<UL><LI><a href="#[51]">&gt;&gt;</a>&nbsp;&nbsp;&nbsp;HW_UART_Send
</UL>

<P><STRONG><a name="[70]"></a>LL_IOP_GRP1_EnableClock</STRONG> (Thumb, 24 bytes, Stack size 8 bytes, usart_init.o(i.LL_IOP_GRP1_EnableClock))
<BR><BR>[Stack]<UL><LI>Max Depth = 8<LI>Call Chain = LL_IOP_GRP1_EnableClock
</UL>
<BR>[Called By]<UL><LI><a href="#[6f]">&gt;&gt;</a>&nbsp;&nbsp;&nbsp;HW_UART_EnableGPIOClock
</UL>

<P><STRONG><a name="[74]"></a>LL_USART_EnableIT_ERROR</STRONG> (Thumb, 10 bytes, Stack size 0 bytes, usart_init.o(i.LL_USART_EnableIT_ERROR))
<BR><BR>[Called By]<UL><LI><a href="#[71]">&gt;&gt;</a>&nbsp;&nbsp;&nbsp;HW_UART_EnableReceiveIT
</UL>

<P><STRONG><a name="[75]"></a>LL_USART_EnableIT_RXNE</STRONG> (Thumb, 10 bytes, Stack size 0 bytes, usart_init.o(i.LL_USART_EnableIT_RXNE))
<BR><BR>[Called By]<UL><LI><a href="#[71]">&gt;&gt;</a>&nbsp;&nbsp;&nbsp;HW_UART_EnableReceiveIT
</UL>

<P><STRONG><a name="[7a]"></a>LL_USART_IsActiveFlag_FE</STRONG> (Thumb, 12 bytes, Stack size 0 bytes, usart_init.o(i.LL_USART_IsActiveFlag_FE))
<BR><BR>[Called By]<UL><LI><a href="#[78]">&gt;&gt;</a>&nbsp;&nbsp;&nbsp;HW_UART_ReceiveIRQHandler
</UL>

<P><STRONG><a name="[7b]"></a>LL_USART_IsActiveFlag_NE</STRONG> (Thumb, 12 bytes, Stack size 0 bytes, usart_init.o(i.LL_USART_IsActiveFlag_NE))
<BR><BR>[Called By]<UL><LI><a href="#[78]">&gt;&gt;</a>&nbsp;&nbsp;&nbsp;HW_UART_ReceiveIRQHandler
</UL>

<P><STRONG><a name="[79]"></a>LL_USART_IsActiveFlag_ORE</STRONG> (Thumb, 12 bytes, Stack size 0 bytes, usart_init.o(i.LL_USART_IsActiveFlag_ORE))
<BR><BR>[Called By]<UL><LI><a href="#[78]">&gt;&gt;</a>&nbsp;&nbsp;&nbsp;HW_UART_ReceiveIRQHandler
</UL>

<P><STRONG><a name="[7c]"></a>LL_USART_IsActiveFlag_RXNE</STRONG> (Thumb, 12 bytes, Stack size 0 bytes, usart_init.o(i.LL_USART_IsActiveFlag_RXNE))
<BR><BR>[Called By]<UL><LI><a href="#[78]">&gt;&gt;</a>&nbsp;&nbsp;&nbsp;HW_UART_ReceiveIRQHandler
</UL>

<P><STRONG><a name="[72]"></a>NVIC_ClearPendingIRQ</STRONG> (Thumb, 14 bytes, Stack size 0 bytes, usart_init.o(i.NVIC_ClearPendingIRQ))
<BR><BR>[Called By]<UL><LI><a href="#[71]">&gt;&gt;</a>&nbsp;&nbsp;&nbsp;HW_UART_EnableReceiveIT
</UL>

<P><STRONG><a name="[76]"></a>NVIC_EnableIRQ</STRONG> (Thumb, 14 bytes, Stack size 0 bytes, usart_init.o(i.NVIC_EnableIRQ))
<BR><BR>[Called By]<UL><LI><a href="#[71]">&gt;&gt;</a>&nbsp;&nbsp;&nbsp;HW_UART_EnableReceiveIT
</UL>

<P><STRONG><a name="[73]"></a>NVIC_SetPriority</STRONG> (Thumb, 110 bytes, Stack size 8 bytes, usart_init.o(i.NVIC_SetPriority))
<BR><BR>[Stack]<UL><LI>Max Depth = 8<LI>Call Chain = NVIC_SetPriority
</UL>
<BR>[Called By]<UL><LI><a href="#[71]">&gt;&gt;</a>&nbsp;&nbsp;&nbsp;HW_UART_EnableReceiveIT
</UL>

<P><STRONG><a name="[87]"></a>LL_ADC_Disable</STRONG> (Thumb, 176 bytes, Stack size 24 bytes, lowpower.o(i.LL_ADC_Disable))
<BR><BR>[Stack]<UL><LI>Max Depth = 24<LI>Call Chain = LL_ADC_Disable
</UL>
<BR>[Calls]<UL><LI><a href="#[8b]">&gt;&gt;</a>&nbsp;&nbsp;&nbsp;LL_ADC_REG_StopConversion
<LI><a href="#[8a]">&gt;&gt;</a>&nbsp;&nbsp;&nbsp;LL_ADC_REG_IsStopConversionOngoing
<LI><a href="#[89]">&gt;&gt;</a>&nbsp;&nbsp;&nbsp;LL_ADC_REG_IsConversionOngoing
<LI><a href="#[88]">&gt;&gt;</a>&nbsp;&nbsp;&nbsp;LL_ADC_IsEnabled
</UL>
<BR>[Called By]<UL><LI><a href="#[54]">&gt;&gt;</a>&nbsp;&nbsp;&nbsp;lowpower_prepare_adc
</UL>

<P><STRONG><a name="[88]"></a>LL_ADC_IsEnabled</STRONG> (Thumb, 16 bytes, Stack size 0 bytes, lowpower.o(i.LL_ADC_IsEnabled))
<BR><BR>[Called By]<UL><LI><a href="#[57]">&gt;&gt;</a>&nbsp;&nbsp;&nbsp;lowpower_restore_adc
<LI><a href="#[54]">&gt;&gt;</a>&nbsp;&nbsp;&nbsp;lowpower_prepare_adc
<LI><a href="#[56]">&gt;&gt;</a>&nbsp;&nbsp;&nbsp;lowpower_peripheral_is_busy
<LI><a href="#[87]">&gt;&gt;</a>&nbsp;&nbsp;&nbsp;LL_ADC_Disable
</UL>

<P><STRONG><a name="[89]"></a>LL_ADC_REG_IsConversionOngoing</STRONG> (Thumb, 12 bytes, Stack size 0 bytes, lowpower.o(i.LL_ADC_REG_IsConversionOngoing))
<BR><BR>[Called By]<UL><LI><a href="#[54]">&gt;&gt;</a>&nbsp;&nbsp;&nbsp;lowpower_prepare_adc
<LI><a href="#[56]">&gt;&gt;</a>&nbsp;&nbsp;&nbsp;lowpower_peripheral_is_busy
<LI><a href="#[87]">&gt;&gt;</a>&nbsp;&nbsp;&nbsp;LL_ADC_Disable
</UL>

<P><STRONG><a name="[8a]"></a>LL_ADC_REG_IsStopConversionOngoing</STRONG> (Thumb, 12 bytes, Stack size 0 bytes, lowpower.o(i.LL_ADC_REG_IsStopConversionOngoing))
<BR><BR>[Called By]<UL><LI><a href="#[87]">&gt;&gt;</a>&nbsp;&nbsp;&nbsp;LL_ADC_Disable
</UL>

<P><STRONG><a name="[8b]"></a>LL_ADC_REG_StopConversion</STRONG> (Thumb, 12 bytes, Stack size 0 bytes, lowpower.o(i.LL_ADC_REG_StopConversion))
<BR><BR>[Called By]<UL><LI><a href="#[87]">&gt;&gt;</a>&nbsp;&nbsp;&nbsp;LL_ADC_Disable
</UL>

<P><STRONG><a name="[ab]"></a>LL_AHB1_GRP1_IsEnabledClock</STRONG> (Thumb, 20 bytes, Stack size 0 bytes, lowpower.o(i.LL_AHB1_GRP1_IsEnabledClock))
<BR><BR>[Called By]<UL><LI><a href="#[58]">&gt;&gt;</a>&nbsp;&nbsp;&nbsp;lowpower_suspend_peripherals
<LI><a href="#[56]">&gt;&gt;</a>&nbsp;&nbsp;&nbsp;lowpower_peripheral_is_busy
</UL>

<P><STRONG><a name="[60]"></a>LL_APB1_GRP1_DisableClock</STRONG> (Thumb, 12 bytes, Stack size 0 bytes, lowpower.o(i.LL_APB1_GRP1_DisableClock))
<BR><BR>[Called By]<UL><LI><a href="#[52]">&gt;&gt;</a>&nbsp;&nbsp;&nbsp;HW_LowPower_Enter
<LI><a href="#[bf]">&gt;&gt;</a>&nbsp;&nbsp;&nbsp;lowpower_timer_clock_disable
<LI><a href="#[58]">&gt;&gt;</a>&nbsp;&nbsp;&nbsp;lowpower_suspend_peripherals
</UL>

<P><STRONG><a name="[5b]"></a>LL_APB1_GRP1_EnableClock</STRONG> (Thumb, 24 bytes, Stack size 8 bytes, lowpower.o(i.LL_APB1_GRP1_EnableClock))
<BR><BR>[Stack]<UL><LI>Max Depth = 8<LI>Call Chain = LL_APB1_GRP1_EnableClock
</UL>
<BR>[Called By]<UL><LI><a href="#[52]">&gt;&gt;</a>&nbsp;&nbsp;&nbsp;HW_LowPower_Enter
<LI><a href="#[b7]">&gt;&gt;</a>&nbsp;&nbsp;&nbsp;lowpower_timer_clock_enable
<LI><a href="#[5e]">&gt;&gt;</a>&nbsp;&nbsp;&nbsp;lowpower_resume_peripherals
</UL>

<P><STRONG><a name="[5a]"></a>LL_APB1_GRP1_IsEnabledClock</STRONG> (Thumb, 20 bytes, Stack size 0 bytes, lowpower.o(i.LL_APB1_GRP1_IsEnabledClock))
<BR><BR>[Called By]<UL><LI><a href="#[52]">&gt;&gt;</a>&nbsp;&nbsp;&nbsp;HW_LowPower_Enter
<LI><a href="#[be]">&gt;&gt;</a>&nbsp;&nbsp;&nbsp;lowpower_timer_clock_is_enabled
<LI><a href="#[58]">&gt;&gt;</a>&nbsp;&nbsp;&nbsp;lowpower_suspend_peripherals
<LI><a href="#[56]">&gt;&gt;</a>&nbsp;&nbsp;&nbsp;lowpower_peripheral_is_busy
</UL>

<P><STRONG><a name="[bc]"></a>LL_APB1_GRP2_DisableClock</STRONG> (Thumb, 12 bytes, Stack size 0 bytes, lowpower.o(i.LL_APB1_GRP2_DisableClock))
<BR><BR>[Called By]<UL><LI><a href="#[bf]">&gt;&gt;</a>&nbsp;&nbsp;&nbsp;lowpower_timer_clock_disable
<LI><a href="#[58]">&gt;&gt;</a>&nbsp;&nbsp;&nbsp;lowpower_suspend_peripherals
</UL>

<P><STRONG><a name="[b3]"></a>LL_APB1_GRP2_EnableClock</STRONG> (Thumb, 24 bytes, Stack size 8 bytes, lowpower.o(i.LL_APB1_GRP2_EnableClock))
<BR><BR>[Stack]<UL><LI>Max Depth = 8<LI>Call Chain = LL_APB1_GRP2_EnableClock
</UL>
<BR>[Called By]<UL><LI><a href="#[b7]">&gt;&gt;</a>&nbsp;&nbsp;&nbsp;lowpower_timer_clock_enable
<LI><a href="#[5e]">&gt;&gt;</a>&nbsp;&nbsp;&nbsp;lowpower_resume_peripherals
<LI><a href="#[57]">&gt;&gt;</a>&nbsp;&nbsp;&nbsp;lowpower_restore_adc
</UL>

<P><STRONG><a name="[aa]"></a>LL_APB1_GRP2_IsEnabledClock</STRONG> (Thumb, 20 bytes, Stack size 0 bytes, lowpower.o(i.LL_APB1_GRP2_IsEnabledClock))
<BR><BR>[Called By]<UL><LI><a href="#[be]">&gt;&gt;</a>&nbsp;&nbsp;&nbsp;lowpower_timer_clock_is_enabled
<LI><a href="#[58]">&gt;&gt;</a>&nbsp;&nbsp;&nbsp;lowpower_suspend_peripherals
<LI><a href="#[57]">&gt;&gt;</a>&nbsp;&nbsp;&nbsp;lowpower_restore_adc
<LI><a href="#[54]">&gt;&gt;</a>&nbsp;&nbsp;&nbsp;lowpower_prepare_adc
<LI><a href="#[56]">&gt;&gt;</a>&nbsp;&nbsp;&nbsp;lowpower_peripheral_is_busy
</UL>

<P><STRONG><a name="[ac]"></a>LL_DMA_IsEnabledChannel</STRONG> (Thumb, 22 bytes, Stack size 0 bytes, lowpower.o(i.LL_DMA_IsEnabledChannel))
<BR><BR>[Called By]<UL><LI><a href="#[56]">&gt;&gt;</a>&nbsp;&nbsp;&nbsp;lowpower_peripheral_is_busy
</UL>

<P><STRONG><a name="[5d]"></a>LL_PWR_SetRegulVoltageScaling</STRONG> (Thumb, 18 bytes, Stack size 0 bytes, lowpower.o(i.LL_PWR_SetRegulVoltageScaling))
<BR><BR>[Called By]<UL><LI><a href="#[52]">&gt;&gt;</a>&nbsp;&nbsp;&nbsp;HW_LowPower_Enter
<LI><a href="#[5c]">&gt;&gt;</a>&nbsp;&nbsp;&nbsp;lowpower_configure_stop_mode
</UL>

<P><STRONG><a name="[b8]"></a>LL_TIM_DisableCounter</STRONG> (Thumb, 10 bytes, Stack size 0 bytes, lowpower.o(i.LL_TIM_DisableCounter))
<BR><BR>[Called By]<UL><LI><a href="#[bd]">&gt;&gt;</a>&nbsp;&nbsp;&nbsp;lowpower_suspend_timer
<LI><a href="#[b6]">&gt;&gt;</a>&nbsp;&nbsp;&nbsp;lowpower_resume_timer
</UL>

<P><STRONG><a name="[bb]"></a>LL_USART_Disable</STRONG> (Thumb, 12 bytes, Stack size 0 bytes, lowpower.o(i.LL_USART_Disable))
<BR><BR>[Called By]<UL><LI><a href="#[58]">&gt;&gt;</a>&nbsp;&nbsp;&nbsp;lowpower_suspend_peripherals
</UL>

<P><STRONG><a name="[b1]"></a>LL_USART_IsActiveFlag_FE</STRONG> (Thumb, 12 bytes, Stack size 0 bytes, lowpower.o(i.LL_USART_IsActiveFlag_FE))
<BR><BR>[Called By]<UL><LI><a href="#[56]">&gt;&gt;</a>&nbsp;&nbsp;&nbsp;lowpower_peripheral_is_busy
</UL>

<P><STRONG><a name="[b2]"></a>LL_USART_IsActiveFlag_NE</STRONG> (Thumb, 12 bytes, Stack size 0 bytes, lowpower.o(i.LL_USART_IsActiveFlag_NE))
<BR><BR>[Called By]<UL><LI><a href="#[56]">&gt;&gt;</a>&nbsp;&nbsp;&nbsp;lowpower_peripheral_is_busy
</UL>

<P><STRONG><a name="[b0]"></a>LL_USART_IsActiveFlag_ORE</STRONG> (Thumb, 12 bytes, Stack size 0 bytes, lowpower.o(i.LL_USART_IsActiveFlag_ORE))
<BR><BR>[Called By]<UL><LI><a href="#[56]">&gt;&gt;</a>&nbsp;&nbsp;&nbsp;lowpower_peripheral_is_busy
</UL>

<P><STRONG><a name="[af]"></a>LL_USART_IsActiveFlag_RXNE</STRONG> (Thumb, 12 bytes, Stack size 0 bytes, lowpower.o(i.LL_USART_IsActiveFlag_RXNE))
<BR><BR>[Called By]<UL><LI><a href="#[56]">&gt;&gt;</a>&nbsp;&nbsp;&nbsp;lowpower_peripheral_is_busy
</UL>

<P><STRONG><a name="[ae]"></a>LL_USART_IsActiveFlag_TC</STRONG> (Thumb, 12 bytes, Stack size 0 bytes, lowpower.o(i.LL_USART_IsActiveFlag_TC))
<BR><BR>[Called By]<UL><LI><a href="#[56]">&gt;&gt;</a>&nbsp;&nbsp;&nbsp;lowpower_peripheral_is_busy
</UL>

<P><STRONG><a name="[ad]"></a>LL_USART_IsEnabled</STRONG> (Thumb, 14 bytes, Stack size 0 bytes, lowpower.o(i.LL_USART_IsEnabled))
<BR><BR>[Called By]<UL><LI><a href="#[56]">&gt;&gt;</a>&nbsp;&nbsp;&nbsp;lowpower_peripheral_is_busy
</UL>

<P><STRONG><a name="[b5]"></a>NVIC_ClearPendingIRQ</STRONG> (Thumb, 14 bytes, Stack size 0 bytes, lowpower.o(i.NVIC_ClearPendingIRQ))
<BR><BR>[Called By]<UL><LI><a href="#[b9]">&gt;&gt;</a>&nbsp;&nbsp;&nbsp;lowpower_suspend_irq
<LI><a href="#[b4]">&gt;&gt;</a>&nbsp;&nbsp;&nbsp;lowpower_resume_irq
</UL>

<P><STRONG><a name="[5c]"></a>lowpower_configure_stop_mode</STRONG> (Thumb, 30 bytes, Stack size 8 bytes, lowpower.o(i.lowpower_configure_stop_mode))
<BR><BR>[Stack]<UL><LI>Max Depth = 8<LI>Call Chain = lowpower_configure_stop_mode
</UL>
<BR>[Calls]<UL><LI><a href="#[5d]">&gt;&gt;</a>&nbsp;&nbsp;&nbsp;LL_PWR_SetRegulVoltageScaling
</UL>
<BR>[Called By]<UL><LI><a href="#[52]">&gt;&gt;</a>&nbsp;&nbsp;&nbsp;HW_LowPower_Enter
</UL>

<P><STRONG><a name="[ba]"></a>lowpower_irq_is_enabled</STRONG> (Thumb, 28 bytes, Stack size 0 bytes, lowpower.o(i.lowpower_irq_is_enabled))
<BR><BR>[Called By]<UL><LI><a href="#[b9]">&gt;&gt;</a>&nbsp;&nbsp;&nbsp;lowpower_suspend_irq
</UL>

<P><STRONG><a name="[56]"></a>lowpower_peripheral_is_busy</STRONG> (Thumb, 452 bytes, Stack size 8 bytes, lowpower.o(i.lowpower_peripheral_is_busy))
<BR><BR>[Stack]<UL><LI>Max Depth = 8<LI>Call Chain = lowpower_peripheral_is_busy
</UL>
<BR>[Calls]<UL><LI><a href="#[ad]">&gt;&gt;</a>&nbsp;&nbsp;&nbsp;LL_USART_IsEnabled
<LI><a href="#[ae]">&gt;&gt;</a>&nbsp;&nbsp;&nbsp;LL_USART_IsActiveFlag_TC
<LI><a href="#[af]">&gt;&gt;</a>&nbsp;&nbsp;&nbsp;LL_USART_IsActiveFlag_RXNE
<LI><a href="#[b0]">&gt;&gt;</a>&nbsp;&nbsp;&nbsp;LL_USART_IsActiveFlag_ORE
<LI><a href="#[b2]">&gt;&gt;</a>&nbsp;&nbsp;&nbsp;LL_USART_IsActiveFlag_NE
<LI><a href="#[b1]">&gt;&gt;</a>&nbsp;&nbsp;&nbsp;LL_USART_IsActiveFlag_FE
<LI><a href="#[ac]">&gt;&gt;</a>&nbsp;&nbsp;&nbsp;LL_DMA_IsEnabledChannel
<LI><a href="#[aa]">&gt;&gt;</a>&nbsp;&nbsp;&nbsp;LL_APB1_GRP2_IsEnabledClock
<LI><a href="#[5a]">&gt;&gt;</a>&nbsp;&nbsp;&nbsp;LL_APB1_GRP1_IsEnabledClock
<LI><a href="#[ab]">&gt;&gt;</a>&nbsp;&nbsp;&nbsp;LL_AHB1_GRP1_IsEnabledClock
<LI><a href="#[89]">&gt;&gt;</a>&nbsp;&nbsp;&nbsp;LL_ADC_REG_IsConversionOngoing
<LI><a href="#[88]">&gt;&gt;</a>&nbsp;&nbsp;&nbsp;LL_ADC_IsEnabled
</UL>
<BR>[Called By]<UL><LI><a href="#[52]">&gt;&gt;</a>&nbsp;&nbsp;&nbsp;HW_LowPower_Enter
</UL>

<P><STRONG><a name="[54]"></a>lowpower_prepare_adc</STRONG> (Thumb, 94 bytes, Stack size 8 bytes, lowpower.o(i.lowpower_prepare_adc))
<BR><BR>[Stack]<UL><LI>Max Depth = 32<LI>Call Chain = lowpower_prepare_adc &rArr; LL_ADC_Disable
</UL>
<BR>[Calls]<UL><LI><a href="#[57]">&gt;&gt;</a>&nbsp;&nbsp;&nbsp;lowpower_restore_adc
<LI><a href="#[aa]">&gt;&gt;</a>&nbsp;&nbsp;&nbsp;LL_APB1_GRP2_IsEnabledClock
<LI><a href="#[89]">&gt;&gt;</a>&nbsp;&nbsp;&nbsp;LL_ADC_REG_IsConversionOngoing
<LI><a href="#[88]">&gt;&gt;</a>&nbsp;&nbsp;&nbsp;LL_ADC_IsEnabled
<LI><a href="#[87]">&gt;&gt;</a>&nbsp;&nbsp;&nbsp;LL_ADC_Disable
</UL>
<BR>[Called By]<UL><LI><a href="#[52]">&gt;&gt;</a>&nbsp;&nbsp;&nbsp;HW_LowPower_Enter
</UL>

<P><STRONG><a name="[57]"></a>lowpower_restore_adc</STRONG> (Thumb, 98 bytes, Stack size 8 bytes, lowpower.o(i.lowpower_restore_adc))
<BR><BR>[Stack]<UL><LI>Max Depth = 16<LI>Call Chain = lowpower_restore_adc &rArr; LL_APB1_GRP2_EnableClock
</UL>
<BR>[Calls]<UL><LI><a href="#[aa]">&gt;&gt;</a>&nbsp;&nbsp;&nbsp;LL_APB1_GRP2_IsEnabledClock
<LI><a href="#[b3]">&gt;&gt;</a>&nbsp;&nbsp;&nbsp;LL_APB1_GRP2_EnableClock
<LI><a href="#[88]">&gt;&gt;</a>&nbsp;&nbsp;&nbsp;LL_ADC_IsEnabled
</UL>
<BR>[Called By]<UL><LI><a href="#[52]">&gt;&gt;</a>&nbsp;&nbsp;&nbsp;HW_LowPower_Enter
<LI><a href="#[5e]">&gt;&gt;</a>&nbsp;&nbsp;&nbsp;lowpower_resume_peripherals
<LI><a href="#[54]">&gt;&gt;</a>&nbsp;&nbsp;&nbsp;lowpower_prepare_adc
</UL>

<P><STRONG><a name="[b4]"></a>lowpower_resume_irq</STRONG> (Thumb, 40 bytes, Stack size 8 bytes, lowpower.o(i.lowpower_resume_irq))
<BR><BR>[Stack]<UL><LI>Max Depth = 8<LI>Call Chain = lowpower_resume_irq
</UL>
<BR>[Calls]<UL><LI><a href="#[b5]">&gt;&gt;</a>&nbsp;&nbsp;&nbsp;NVIC_ClearPendingIRQ
</UL>
<BR>[Called By]<UL><LI><a href="#[b6]">&gt;&gt;</a>&nbsp;&nbsp;&nbsp;lowpower_resume_timer
<LI><a href="#[5e]">&gt;&gt;</a>&nbsp;&nbsp;&nbsp;lowpower_resume_peripherals
</UL>

<P><STRONG><a name="[5e]"></a>lowpower_resume_peripherals</STRONG> (Thumb, 268 bytes, Stack size 8 bytes, lowpower.o(i.lowpower_resume_peripherals))
<BR><BR>[Stack]<UL><LI>Max Depth = 24<LI>Call Chain = lowpower_resume_peripherals &rArr; lowpower_restore_adc &rArr; LL_APB1_GRP2_EnableClock
</UL>
<BR>[Calls]<UL><LI><a href="#[b4]">&gt;&gt;</a>&nbsp;&nbsp;&nbsp;lowpower_resume_irq
<LI><a href="#[57]">&gt;&gt;</a>&nbsp;&nbsp;&nbsp;lowpower_restore_adc
<LI><a href="#[b3]">&gt;&gt;</a>&nbsp;&nbsp;&nbsp;LL_APB1_GRP2_EnableClock
<LI><a href="#[5b]">&gt;&gt;</a>&nbsp;&nbsp;&nbsp;LL_APB1_GRP1_EnableClock
</UL>
<BR>[Called By]<UL><LI><a href="#[52]">&gt;&gt;</a>&nbsp;&nbsp;&nbsp;HW_LowPower_Enter
</UL>

<P><STRONG><a name="[b6]"></a>lowpower_resume_timer</STRONG> (Thumb, 92 bytes, Stack size 40 bytes, lowpower.o(i.lowpower_resume_timer))
<BR><BR>[Stack]<UL><LI>Max Depth = 64<LI>Call Chain = lowpower_resume_timer &rArr; lowpower_timer_clock_enable &rArr; LL_APB1_GRP2_EnableClock
</UL>
<BR>[Calls]<UL><LI><a href="#[b7]">&gt;&gt;</a>&nbsp;&nbsp;&nbsp;lowpower_timer_clock_enable
<LI><a href="#[b4]">&gt;&gt;</a>&nbsp;&nbsp;&nbsp;lowpower_resume_irq
<LI><a href="#[b8]">&gt;&gt;</a>&nbsp;&nbsp;&nbsp;LL_TIM_DisableCounter
</UL>
<BR>[Called By]<UL><LI><a href="#[5f]">&gt;&gt;</a>&nbsp;&nbsp;&nbsp;lowpower_resume_timers
</UL>

<P><STRONG><a name="[5f]"></a>lowpower_resume_timers</STRONG> (Thumb, 98 bytes, Stack size 16 bytes, lowpower.o(i.lowpower_resume_timers))
<BR><BR>[Stack]<UL><LI>Max Depth = 80<LI>Call Chain = lowpower_resume_timers &rArr; lowpower_resume_timer &rArr; lowpower_timer_clock_enable &rArr; LL_APB1_GRP2_EnableClock
</UL>
<BR>[Calls]<UL><LI><a href="#[b6]">&gt;&gt;</a>&nbsp;&nbsp;&nbsp;lowpower_resume_timer
</UL>
<BR>[Called By]<UL><LI><a href="#[52]">&gt;&gt;</a>&nbsp;&nbsp;&nbsp;HW_LowPower_Enter
</UL>

<P><STRONG><a name="[b9]"></a>lowpower_suspend_irq</STRONG> (Thumb, 40 bytes, Stack size 16 bytes, lowpower.o(i.lowpower_suspend_irq))
<BR><BR>[Stack]<UL><LI>Max Depth = 16<LI>Call Chain = lowpower_suspend_irq
</UL>
<BR>[Calls]<UL><LI><a href="#[ba]">&gt;&gt;</a>&nbsp;&nbsp;&nbsp;lowpower_irq_is_enabled
<LI><a href="#[b5]">&gt;&gt;</a>&nbsp;&nbsp;&nbsp;NVIC_ClearPendingIRQ
</UL>
<BR>[Called By]<UL><LI><a href="#[bd]">&gt;&gt;</a>&nbsp;&nbsp;&nbsp;lowpower_suspend_timer
<LI><a href="#[58]">&gt;&gt;</a>&nbsp;&nbsp;&nbsp;lowpower_suspend_peripherals
</UL>

<P><STRONG><a name="[58]"></a>lowpower_suspend_peripherals</STRONG> (Thumb, 536 bytes, Stack size 8 bytes, lowpower.o(i.lowpower_suspend_peripherals))
<BR><BR>[Stack]<UL><LI>Max Depth = 24<LI>Call Chain = lowpower_suspend_peripherals &rArr; lowpower_suspend_irq
</UL>
<BR>[Calls]<UL><LI><a href="#[b9]">&gt;&gt;</a>&nbsp;&nbsp;&nbsp;lowpower_suspend_irq
<LI><a href="#[bb]">&gt;&gt;</a>&nbsp;&nbsp;&nbsp;LL_USART_Disable
<LI><a href="#[aa]">&gt;&gt;</a>&nbsp;&nbsp;&nbsp;LL_APB1_GRP2_IsEnabledClock
<LI><a href="#[bc]">&gt;&gt;</a>&nbsp;&nbsp;&nbsp;LL_APB1_GRP2_DisableClock
<LI><a href="#[5a]">&gt;&gt;</a>&nbsp;&nbsp;&nbsp;LL_APB1_GRP1_IsEnabledClock
<LI><a href="#[60]">&gt;&gt;</a>&nbsp;&nbsp;&nbsp;LL_APB1_GRP1_DisableClock
<LI><a href="#[ab]">&gt;&gt;</a>&nbsp;&nbsp;&nbsp;LL_AHB1_GRP1_IsEnabledClock
</UL>
<BR>[Called By]<UL><LI><a href="#[52]">&gt;&gt;</a>&nbsp;&nbsp;&nbsp;HW_LowPower_Enter
</UL>

<P><STRONG><a name="[bd]"></a>lowpower_suspend_timer</STRONG> (Thumb, 124 bytes, Stack size 40 bytes, lowpower.o(i.lowpower_suspend_timer))
<BR><BR>[Stack]<UL><LI>Max Depth = 56<LI>Call Chain = lowpower_suspend_timer &rArr; lowpower_timer_clock_is_enabled
</UL>
<BR>[Calls]<UL><LI><a href="#[be]">&gt;&gt;</a>&nbsp;&nbsp;&nbsp;lowpower_timer_clock_is_enabled
<LI><a href="#[bf]">&gt;&gt;</a>&nbsp;&nbsp;&nbsp;lowpower_timer_clock_disable
<LI><a href="#[b9]">&gt;&gt;</a>&nbsp;&nbsp;&nbsp;lowpower_suspend_irq
<LI><a href="#[b8]">&gt;&gt;</a>&nbsp;&nbsp;&nbsp;LL_TIM_DisableCounter
</UL>
<BR>[Called By]<UL><LI><a href="#[59]">&gt;&gt;</a>&nbsp;&nbsp;&nbsp;lowpower_suspend_timers
</UL>

<P><STRONG><a name="[59]"></a>lowpower_suspend_timers</STRONG> (Thumb, 118 bytes, Stack size 16 bytes, lowpower.o(i.lowpower_suspend_timers))
<BR><BR>[Stack]<UL><LI>Max Depth = 72<LI>Call Chain = lowpower_suspend_timers &rArr; lowpower_suspend_timer &rArr; lowpower_timer_clock_is_enabled
</UL>
<BR>[Calls]<UL><LI><a href="#[bd]">&gt;&gt;</a>&nbsp;&nbsp;&nbsp;lowpower_suspend_timer
</UL>
<BR>[Called By]<UL><LI><a href="#[52]">&gt;&gt;</a>&nbsp;&nbsp;&nbsp;HW_LowPower_Enter
</UL>

<P><STRONG><a name="[bf]"></a>lowpower_timer_clock_disable</STRONG> (Thumb, 26 bytes, Stack size 16 bytes, lowpower.o(i.lowpower_timer_clock_disable))
<BR><BR>[Stack]<UL><LI>Max Depth = 16<LI>Call Chain = lowpower_timer_clock_disable
</UL>
<BR>[Calls]<UL><LI><a href="#[bc]">&gt;&gt;</a>&nbsp;&nbsp;&nbsp;LL_APB1_GRP2_DisableClock
<LI><a href="#[60]">&gt;&gt;</a>&nbsp;&nbsp;&nbsp;LL_APB1_GRP1_DisableClock
</UL>
<BR>[Called By]<UL><LI><a href="#[bd]">&gt;&gt;</a>&nbsp;&nbsp;&nbsp;lowpower_suspend_timer
</UL>

<P><STRONG><a name="[b7]"></a>lowpower_timer_clock_enable</STRONG> (Thumb, 26 bytes, Stack size 16 bytes, lowpower.o(i.lowpower_timer_clock_enable))
<BR><BR>[Stack]<UL><LI>Max Depth = 24<LI>Call Chain = lowpower_timer_clock_enable &rArr; LL_APB1_GRP2_EnableClock
</UL>
<BR>[Calls]<UL><LI><a href="#[b3]">&gt;&gt;</a>&nbsp;&nbsp;&nbsp;LL_APB1_GRP2_EnableClock
<LI><a href="#[5b]">&gt;&gt;</a>&nbsp;&nbsp;&nbsp;LL_APB1_GRP1_EnableClock
</UL>
<BR>[Called By]<UL><LI><a href="#[b6]">&gt;&gt;</a>&nbsp;&nbsp;&nbsp;lowpower_resume_timer
</UL>

<P><STRONG><a name="[be]"></a>lowpower_timer_clock_is_enabled</STRONG> (Thumb, 26 bytes, Stack size 16 bytes, lowpower.o(i.lowpower_timer_clock_is_enabled))
<BR><BR>[Stack]<UL><LI>Max Depth = 16<LI>Call Chain = lowpower_timer_clock_is_enabled
</UL>
<BR>[Calls]<UL><LI><a href="#[aa]">&gt;&gt;</a>&nbsp;&nbsp;&nbsp;LL_APB1_GRP2_IsEnabledClock
<LI><a href="#[5a]">&gt;&gt;</a>&nbsp;&nbsp;&nbsp;LL_APB1_GRP1_IsEnabledClock
</UL>
<BR>[Called By]<UL><LI><a href="#[bd]">&gt;&gt;</a>&nbsp;&nbsp;&nbsp;lowpower_suspend_timer
</UL>

<P><STRONG><a name="[a3]"></a>app_key_fsm_schedule_task</STRONG> (Thumb, 42 bytes, Stack size 16 bytes, app_main.o(i.app_key_fsm_schedule_task))
<BR><BR>[Stack]<UL><LI>Max Depth = 52<LI>Call Chain = app_key_fsm_schedule_task &rArr; APP_INPUT_KEY1 &rArr; SERVER_KEY_FSM_ALL_STATE &rArr; HW_GPIO_Get_SingleKey
</UL>
<BR>[Calls]<UL><LI><a href="#[96]">&gt;&gt;</a>&nbsp;&nbsp;&nbsp;HW_GPIO_Get_SingleKey
<LI><a href="#[a4]">&gt;&gt;</a>&nbsp;&nbsp;&nbsp;get_mag_tick
<LI><a href="#[2c]">&gt;&gt;</a>&nbsp;&nbsp;&nbsp;APP_INPUT_KEY1
</UL>
<BR>[Called By]<UL><LI><a href="#[c0]">&gt;&gt;</a>&nbsp;&nbsp;&nbsp;task_1ms
</UL>

<P><STRONG><a name="[a0]"></a>_printf_core</STRONG> (Thumb, 768 bytes, Stack size 96 bytes, printf6.o(i._printf_core), UNUSED)
<BR><BR>[Calls]<UL><LI><a href="#[a1]">&gt;&gt;</a>&nbsp;&nbsp;&nbsp;_printf_pre_padding
<LI><a href="#[a2]">&gt;&gt;</a>&nbsp;&nbsp;&nbsp;_printf_post_padding
<LI><a href="#[8c]">&gt;&gt;</a>&nbsp;&nbsp;&nbsp;__aeabi_uidivmod
</UL>
<BR>[Called By]<UL><LI><a href="#[9f]">&gt;&gt;</a>&nbsp;&nbsp;&nbsp;__0snprintf$6
</UL>

<P><STRONG><a name="[a2]"></a>_printf_post_padding</STRONG> (Thumb, 32 bytes, Stack size 24 bytes, printf6.o(i._printf_post_padding), UNUSED)
<BR><BR>[Called By]<UL><LI><a href="#[a0]">&gt;&gt;</a>&nbsp;&nbsp;&nbsp;_printf_core
</UL>

<P><STRONG><a name="[a1]"></a>_printf_pre_padding</STRONG> (Thumb, 44 bytes, Stack size 40 bytes, printf6.o(i._printf_pre_padding), UNUSED)
<BR><BR>[Called By]<UL><LI><a href="#[a0]">&gt;&gt;</a>&nbsp;&nbsp;&nbsp;_printf_core
</UL>

<P><STRONG><a name="[21]"></a>_snputc</STRONG> (Thumb, 22 bytes, Stack size 0 bytes, printf6.o(i._snputc))
<BR>[Address Reference Count : 1]<UL><LI> printf6.o(i.__0snprintf$6)
</UL><P>
<H3>
Undefined Global Symbols
</H3><HR></body></html>
