<html>
<body>
<pre>
<h1>µVision Build Log</h1>
<h2>Tool Versions:</h2>
IDE-Version: ¦ÌVision V5.28.0.0
Copyright (C) 2019 ARM Ltd and ARM Germany GmbH. All rights reserved.
License Information: a a, a, LIC=EXJT4-FPBIH-018P1-CKFR8-7EGBR-0DHX8
 
Tool Versions:
Toolchain:       MDK-ARM Plus  Version: 5.28.0.0
Toolchain Path:  E:\allSoftware\keil5\ARM\ARMCC\Bin
C Compiler:      Armcc.exe V5.06 update 6 (build 750)
Assembler:       Armasm.exe V5.06 update 6 (build 750)
Linker/Locator:  ArmLink.exe V5.06 update 6 (build 750)
Library Manager: ArmAr.exe V5.06 update 6 (build 750)
Hex Converter:   FromElf.exe V5.06 update 6 (build 750)
CPU DLL:         SARMCM3.DLL V5.28.0.0
Dialog DLL:      DARMCM1.DLL V1.19.2.0
Target DLL:      CMSIS_AGDI.dll V1.31.18.0
Dialog DLL:      TARMCM1.DLL V1.14.1.0
 
<h2>Project:</h2>
D:\Project_List\learn\Puya\LL_Basic\LL_030BasicProject\LL_030BasicProjectv0.8\MDK-ARM\Project.uvprojx
Project File Date:  09/06/2026

<h2>Output:</h2>
*** Using Compiler 'V5.06 update 6 (build 750)', folder: 'E:\allSoftware\keil5\ARM\ARMCC\Bin'
Build target 'Project'
compiling IWDG_init.c...
compiling ADC_init.c...
compiling py32f0xx_it.c...
compiling main.c...
compiling system_init.c...
compiling GPIO_init.c...
compiling LOG.c...
compiling TIM_init.c...
compiling LowPower.c...
compiling USART_init.c...
compiling I2C_init.c...
compiling SPI_init.c...
compiling Queue.c...
compiling RTOS.c...
compiling mag_tick.c...
compiling mag_task.c...
compiling APP_output.c...
compiling APP_comm.c...
compiling app_main.c...
..\EXTERN\APP\app_main.c(10): warning:  #550-D: variable "lowpower_last_activity_tick"  was set but never used
  static uint32_t lowpower_last_activity_tick;
..\EXTERN\APP\app_main.c: 1 warning, 0 errors
compiling APP_input.c...
..\EXTERN\APP\APP_INPUT\APP_input.c(43): warning:  #550-D: variable "status"  was set but never used
  	KEY_FSM_State_e status;
..\EXTERN\APP\APP_INPUT\APP_input.c: 1 warning, 0 errors
compiling mag_scheduler.c...
linking...
Program Size: Code=10232 RO-data=2652 RW-data=244 ZI-data=1468  
FromELF: creating hex file...
".\Objects\Project.axf" - 0 Error(s), 2 Warning(s).

<h2>Software Packages used:</h2>

Package Vendor: Puya
                https://www.puyasemi.com/uploadfiles/Puya.PY32F0xx_DFP.1.2.8.pack
                Puya.PY32F0xx_DFP.1.2.8
                Puya PY32F0 Series Device Support

<h2>Collection of Component include folders:</h2>
  .\RTE\_Project
  E:\allSoftware\keil5\Puya\PY32F0xx_DFP\1.2.8\Drivers\CMSIS\Device\PY32F0xx\Include

<h2>Collection of Component Files used:</h2>
Build Time Elapsed:  00:00:04
</pre>
</body>
</html>
